注意: /第３/１/イ: 参照「②」の参照先が改正前の版で見つからない
注意: /第３/１/イ: 参照「④」の参照先が改正前の版で見つからない
注意: /第３/１/イ: 参照「⑤」の参照先が改正前の版で見つからない
注意: /キ: 参照「①」の参照先が改正前の版で見つからない
注意: /キ: 参照「①」の参照先が改正前の版で見つからない
注意: /キ: 参照「②」の参照先が改正前の版で見つからない
注意: /11: 参照「①」の参照先が改正前の版で見つからない
注意: /11: 参照「②」の参照先が改正前の版で見つからない
注意: /11: 参照「③」の参照先が改正前の版で見つからない
注意: /シ: 参照「①」の参照先が改正前の版で見つからない
注意: /シ: 参照「②」の参照先が改正前の版で見つからない
注意: /23: 参照「６①」の参照先が改正前の版で見つからない
注意: /23: 参照「④」の参照先が改正前の版で見つからない
注意: /23: 参照「⑥」の参照先が改正前の版で見つからない
注意: /23: 参照「⑨」の参照先が改正前の版で見つからない
注意: /23: 参照「６①」の参照先が改正前の版で見つからない
注意: /23: 参照「④」の参照先が改正前の版で見つからない
注意: /23: 参照「⑥」の参照先が改正前の版で見つからない
注意: /23: 参照「⑨」の参照先が改正前の版で見つからない
注意: /23: 参照「①」の参照先が改正前の版で見つからない
注意: /23: 参照「④」の参照先が改正前の版で見つからない
注意: /23: 参照「⑥」の参照先が改正前の版で見つからない
注意: /23: 参照「⑨」の参照先が改正前の版で見つからない
注意: /23/5: 参照「①」の参照先が改正前の版で見つからない
注意: /23/5: 参照「②」の参照先が改正前の版で見つからない
注意: /23/5: 参照「③」の参照先が改正前の版で見つからない
注意: /23/5: 参照「④」の参照先が改正前の版で見つからない
注意: /23/6: 参照「⑤」の参照先が改正前の版で見つからない
注意: /23/6: 参照「⑥」の参照先が改正前の版で見つからない
注意: /23/6: 参照「⑦」の参照先が改正前の版で見つからない
注意: /23/6: 参照「⑧」の参照先が改正前の版で見つからない
注意: /23/6: 参照「⑨」の参照先が改正前の版で見つからない
注意: /23/6: 参照「⑩」の参照先が改正前の版で見つからない
注意: /23/6: 参照「⑪」の参照先が改正前の版で見つからない
注意: /23/21: 参照「①」の参照先が改正前の版で見つからない
注意: /23/21: 参照「②」の参照先が改正前の版で見つからない
注意: /23/21: 参照「③」の参照先が改正前の版で見つからない
注意: /⑪: 参照「⑫」の参照先が改正前の版で見つからない
注意: /⑪: 参照「⑤」の参照先が改正前の版で見つからない
注意: /⑪: 参照「⑥」の参照先が改正前の版で見つからない
注意: /⑪: 参照「⑦」の参照先が改正前の版で見つからない
注意: /⑪: 参照「⑩」の参照先が改正前の版で見つからない
注意: /⑪: 参照「⑪」の参照先が改正前の版で見つからない
注意: /⑪: 参照「⑪」の参照先が改正前の版で見つからない
注意: /⑪: 参照「⑫」の参照先が改正前の版で見つからない
注意: /⑪: 参照「①」の参照先が改正前の版で見つからない
注意: /⑪: 参照「②」の参照先が改正前の版で見つからない
注意: /⑪: 参照「②」の参照先が改正前の版で見つからない
注意: /⑪: 参照「①」の参照先が改正前の版で見つからない
注意: /⑪: 参照「①」の参照先が改正前の版で見つからない
注意: /⑪: 参照「②」の参照先が改正前の版で見つからない
注意: /⑪: 参照「①」の参照先が改正前の版で見つからない
注意: /⑪: 参照「②」の参照先が改正前の版で見つからない
注意: /⑪: 参照「①」の参照先が改正前の版で見つからない
注意: /⑪: 参照「⑨」の参照先が改正前の版で見つからない
注意: /⑪/イ: 参照「②」の参照先が改正前の版で見つからない
注意: /⑪/イ: 参照「①」の参照先が改正前の版で見つからない
注意: /⑪/イ: 参照「①」の参照先が改正前の版で見つからない
注意: /⑪/イ: 参照「②」の参照先が改正前の版で見つからない
注意: /⑪/イ: 参照「①」の参照先が改正前の版で見つからない
注意: /⑪/イ: 参照「④」の参照先が改正前の版で見つからない
注意: /⑪/イ: 参照「⑥」の参照先が改正前の版で見つからない
注意: /⑪/イ: 参照「①」の参照先が改正前の版で見つからない
注意: /⑪/イ: 参照「②」の参照先が改正前の版で見つからない
注意: /⑪/イ: 参照「③」の参照先が改正前の版で見つからない
注意: /⑪/イ: 参照「④」の参照先が改正前の版で見つからない
注意: /⑪/イ: 参照「⑤」の参照先が改正前の版で見つからない
注意: /⑪/イ: 参照「①」の参照先が改正前の版で見つからない
注意: /⑪/イ: 参照「②」の参照先が改正前の版で見つからない
注意: /⑪/イ: 参照「③」の参照先が改正前の版で見つからない
注意: /⑪/イ: 参照「①」の参照先が改正前の版で見つからない
注意: /⑪/イ: 参照「②」の参照先が改正前の版で見つからない
注意: /⑪/イ: 参照「②」の参照先が改正前の版で見つからない
注意: /⑪/イ: 参照「①」の参照先が改正前の版で見つからない
注意: /⑪/イ: 参照「②」の参照先が改正前の版で見つからない
注意: /⑪/イ: 参照「①」の参照先が改正前の版で見つからない
注意: /⑪/イ: 参照「②」の参照先が改正前の版で見つからない
注意: /⑪/イ: 参照「③」の参照先が改正前の版で見つからない
注意: /⑪/イ: 参照「①」の参照先が改正前の版で見つからない
注意: /⑪/イ: 参照「②」の参照先が改正前の版で見つからない
注意: /⑪/イ: 参照「③」の参照先が改正前の版で見つからない
注意: /⑪/イ: 参照「④」の参照先が改正前の版で見つからない
注意: /⑪/イ: 参照「①」の参照先が改正前の版で見つからない
注意: /⑪/イ: 参照「②」の参照先が改正前の版で見つからない
注意: /⑪/イ: 参照「①」の参照先が改正前の版で見つからない
注意: /⑪/イ: 参照「③」の参照先が改正前の版で見つからない
注意: /⑪/イ: 参照「④」の参照先が改正前の版で見つからない
注意: /⑪/イ: 参照「①」の参照先が改正前の版で見つからない
注意: /⑪/イ: 参照「④」の参照先が改正前の版で見つからない
注意: /⑪/イ: 参照「①」の参照先が改正前の版で見つからない
注意: /⑪/イ: 参照「②」の参照先が改正前の版で見つからない
注意: /⑪/イ: 参照「③」の参照先が改正前の版で見つからない
注意: /⑪/イ: 参照「④」の参照先が改正前の版で見つからない
注意: /⑪/イ: 参照「①」の参照先が改正前の版で見つからない
注意: /⑪/イ: 参照「②」の参照先が改正前の版で見つからない
注意: /⑪/イ: 参照「①」の参照先が改正前の版で見つからない
注意: /⑪/イ: 参照「③」の参照先が改正前の版で見つからない
注意: /⑪/イ: 参照「②」の参照先が改正前の版で見つからない
注意: /⑪/イ: 参照「④」の参照先が改正前の版で見つからない
注意: /⑪/イ: 参照「②」の参照先が改正前の版で見つからない
注意: /⑪/イ: 参照「⑤」の参照先が改正前の版で見つからない
注意: /⑪/イ: 参照「①」の参照先が改正前の版で見つからない
注意: /⑪/イ: 参照「②」の参照先が改正前の版で見つからない
注意: /⑪/イ: 参照「①」の参照先が改正前の版で見つからない
注意: /⑪/イ: 参照「③」の参照先が改正前の版で見つからない
注意: /⑪/イ: 参照「②」の参照先が改正前の版で見つからない
注意: /⑪/イ: 参照「④」の参照先が改正前の版で見つからない
注意: /⑪/イ: 参照「②」の参照先が改正前の版で見つからない
注意: /⑪/イ: 参照「③」の参照先が改正前の版で見つからない
注意: /⑪/イ: 参照「⑥」の参照先が改正前の版で見つからない
注意: /⑪/イ: 参照「③」の参照先が改正前の版で見つからない
注意: /⑪/イ: 参照「④」の参照先が改正前の版で見つからない
注意: /⑫: 参照「⑪」の参照先が改正前の版で見つからない
注意: /⑫: 参照「⑩」の参照先が改正前の版で見つからない
注意: /⑫: 参照「⑩」の参照先が改正前の版で見つからない
注意: /⑫: 参照「⑪」の参照先が改正前の版で見つからない
注意: /⑫: 参照「⑫」の参照先が改正前の版で見つからない
注意: /⑫: 参照「③」の参照先が改正前の版で見つからない
注意: /⑫: 参照「⑥」の参照先が改正前の版で見つからない
注意: /⑫: 参照「⑨」の参照先が改正前の版で見つからない
注意: /⑫: 参照「⑫」の参照先が改正前の版で見つからない
注意: /⑫: 参照「⑩」の参照先が改正前の版で見つからない
注意: /⑫: 参照「⑪」の参照先が改正前の版で見つからない
注意: /⑫: 参照「①」の参照先が改正前の版で見つからない
注意: /⑫: 参照「⑨」の参照先が改正前の版で見つからない
参考（原本からある番号の乱れ）: /: 番号が連続していない ア・イ・ウ・ウ・エ・オ・カ・キ・キ・キ・ク・ケ・ケ・ケ・ケ・コ・サ・サ・サ・シ・シ・シ・シ・ス・セ・ソ・タ・チ・ツ
参考（原本からある番号の乱れ）: /: 番号が連続していない ①・②・②・②・③・④・⑤・⑥・⑥・⑦・⑧・⑨・⑩・⑪・⑪・⑪・⑪・⑪・⑫・⑫
参考（原本からある番号の乱れ）: /キ: 番号が連続していない ①・②・②
参考（原本からある番号の乱れ）: /11: 番号が連続していない ア・イ・ウ・エ・エ・オ・カ
参考（原本からある番号の乱れ）: /15: 番号が連続していない ア・イ・イ
参考（原本からある番号の乱れ）: /第14/１: 番号が連続していない ア・イ・ウ・エ・オ・カ・キ・ク・ク・ケ・コ・サ・シ
参考（原本からある番号の乱れ）: /第17/１: 番号が連続していない ア・イ・ウ・ウ・エ
参考（原本からある番号の乱れ）: /第20/１: 番号が連続していない ア・イ・ウ・エ・オ・カ・カ
参考（原本からある番号の乱れ）: /第21/１: 番号が連続していない ア・イ・ウ・エ・エ・エ・オ・カ・キ・ク
参考（原本からある番号の乱れ）: /第26/１: 番号が連続していない ア・イ・ウ・エ・エ
参考（原本からある番号の乱れ）: /⑪/イ: 番号が連続していない ①・②・②・③・④・⑤・⑥・⑥・⑥
→ pdf6_amended.tsuchi.txt（R7.6.30）
→ pdf7_complete.shinkyu.txt（参照の追従 0 件を含む対照表テキスト）
