注意: /第２/４: 参照「③」の参照先が改正前の版で見つからない
注意: /第２/４: 参照「①」の参照先が改正前の版で見つからない
注意: /第２/４: 参照「②」の参照先が改正前の版で見つからない
注意: /第２/４: 参照「③」の参照先が改正前の版で見つからない
注意: /第２/４: 参照「⑤」の参照先が改正前の版で見つからない
注意: /第２/４: 参照「③」の参照先が改正前の版で見つからない
注意: /第２/４: 参照「⑤」の参照先が改正前の版で見つからない
注意: /第２/４: 参照「⑤」の参照先が改正前の版で見つからない
注意: /第２/４: 参照「②」の参照先が改正前の版で見つからない
注意: /第２/４: 参照「④」の参照先が改正前の版で見つからない
注意: /第２/４: 参照「③」の参照先が改正前の版で見つからない
注意: /第２/４: 参照「①」の参照先が改正前の版で見つからない
注意: /第２/４: 参照「②」の参照先が改正前の版で見つからない
注意: /第２/４: 参照「③」の参照先が改正前の版で見つからない
注意: /第２/４: 参照「⑤」の参照先が改正前の版で見つからない
注意: /第２/４: 参照「③」の参照先が改正前の版で見つからない
注意: /第２/４: 参照「⑤」の参照先が改正前の版で見つからない
注意: /第２/４: 参照「⑤」の参照先が改正前の版で見つからない
注意: /第２/４: 参照「②」の参照先が改正前の版で見つからない
注意: /第２/４: 参照「④」の参照先が改正前の版で見つからない
注意: /第２/４/①: 参照「②」の参照先が改正前の版で見つからない
注意: /第２/４/①: 参照「③」の参照先が改正前の版で見つからない
注意: /第２/４/①: 参照「④」の参照先が改正前の版で見つからない
注意: /第２/４/①: 参照「⑤」の参照先が改正前の版で見つからない
注意: /第２/４/①: 参照「②」の参照先が改正前の版で見つからない
注意: /第２/４/①: 参照「③」の参照先が改正前の版で見つからない
注意: /第２/４/①: 参照「④」の参照先が改正前の版で見つからない
注意: /第２/４/①: 参照「⑤」の参照先が改正前の版で見つからない
注意: /第２/４/①: 参照「③」の参照先が改正前の版で見つからない
注意: /第２/４/①: 参照「②」の参照先が改正前の版で見つからない
注意: /第２/４/①: 参照「③」の参照先が改正前の版で見つからない
注意: /第２/４/①: 参照「⑤」の参照先が改正前の版で見つからない
注意: /第２/４/①: 参照「③」の参照先が改正前の版で見つからない
注意: /第２/４/①: 参照「⑤」の参照先が改正前の版で見つからない
注意: /第２/４/①: 参照「⑤」の参照先が改正前の版で見つからない
注意: /第２/４/①: 参照「②」の参照先が改正前の版で見つからない
注意: /第２/４/①: 参照「④」の参照先が改正前の版で見つからない
注意: /第２/４/①: 参照「③」の参照先が改正前の版で見つからない
注意: /第２/４/①: 参照「②」の参照先が改正前の版で見つからない
注意: /第２/４/①: 参照「③」の参照先が改正前の版で見つからない
注意: /第２/４/①: 参照「⑤」の参照先が改正前の版で見つからない
注意: /第２/４/①: 参照「③」の参照先が改正前の版で見つからない
注意: /第２/４/①: 参照「⑤」の参照先が改正前の版で見つからない
注意: /第２/４/①: 参照「⑤」の参照先が改正前の版で見つからない
注意: /第２/４/①: 参照「②」の参照先が改正前の版で見つからない
注意: /第２/４/①: 参照「④」の参照先が改正前の版で見つからない
注意: /第２/４/①/①: 参照「②」の参照先が改正前の版で見つからない
注意: /第２/４/①/①: 参照「③」の参照先が改正前の版で見つからない
注意: /第２/４/①/①: 参照「④」の参照先が改正前の版で見つからない
注意: /第２/４/①/①: 参照「⑤」の参照先が改正前の版で見つからない
注意: /第２/４/①: 参照「②」の参照先が改正前の版で見つからない
注意: /第２/４/①: 参照「③」の参照先が改正前の版で見つからない
注意: /第２/４/①: 参照「④」の参照先が改正前の版で見つからない
注意: /第２/４/①: 参照「⑤」の参照先が改正前の版で見つからない
注意: /第２/４/①: 参照「③」の参照先が改正前の版で見つからない
注意: /第２/４/①: 参照「②」の参照先が改正前の版で見つからない
注意: /第２/４/①: 参照「③」の参照先が改正前の版で見つからない
注意: /第２/４/①: 参照「⑤」の参照先が改正前の版で見つからない
注意: /第２/４/①: 参照「③」の参照先が改正前の版で見つからない
注意: /第２/４/①: 参照「⑤」の参照先が改正前の版で見つからない
注意: /第２/４/①: 参照「⑤」の参照先が改正前の版で見つからない
注意: /第２/４/①: 参照「②」の参照先が改正前の版で見つからない
注意: /第２/４/①: 参照「④」の参照先が改正前の版で見つからない
注意: /第２/４/①: 参照「③」の参照先が改正前の版で見つからない
注意: /第２/４/①: 参照「②」の参照先が改正前の版で見つからない
注意: /第２/４/①: 参照「③」の参照先が改正前の版で見つからない
注意: /第２/４/①: 参照「⑤」の参照先が改正前の版で見つからない
注意: /第２/４/①: 参照「③」の参照先が改正前の版で見つからない
注意: /第２/４/①: 参照「⑤」の参照先が改正前の版で見つからない
注意: /第２/４/①: 参照「⑤」の参照先が改正前の版で見つからない
注意: /第２/４/①: 参照「②」の参照先が改正前の版で見つからない
注意: /第２/４/①: 参照「④」の参照先が改正前の版で見つからない
注意: /第２/４/①/①: 参照「②」の参照先が改正前の版で見つからない
注意: /第２/４/①/①: 参照「③」の参照先が改正前の版で見つからない
注意: /第２/４/①/①: 参照「④」の参照先が改正前の版で見つからない
注意: /第２/４/①/①: 参照「⑤」の参照先が改正前の版で見つからない
注意: /第２/４/①: 参照「②」の参照先が改正前の版で見つからない
注意: /第２/４/①: 参照「③」の参照先が改正前の版で見つからない
注意: /第２/４/①: 参照「④」の参照先が改正前の版で見つからない
注意: /第２/４/①: 参照「⑤」の参照先が改正前の版で見つからない
注意: /第２/４/①: 参照「③」の参照先が改正前の版で見つからない
注意: /第２/４/①: 参照「②」の参照先が改正前の版で見つからない
注意: /第２/４/①: 参照「③」の参照先が改正前の版で見つからない
注意: /第２/４/①: 参照「⑤」の参照先が改正前の版で見つからない
注意: /第２/４/①: 参照「③」の参照先が改正前の版で見つからない
注意: /第２/４/①: 参照「⑤」の参照先が改正前の版で見つからない
注意: /第２/４/①: 参照「⑤」の参照先が改正前の版で見つからない
注意: /第２/４/①: 参照「②」の参照先が改正前の版で見つからない
注意: /第２/４/①: 参照「④」の参照先が改正前の版で見つからない
注意: /第２/４/①: 参照「③」の参照先が改正前の版で見つからない
注意: /第２/４/①: 参照「②」の参照先が改正前の版で見つからない
注意: /第２/４/①: 参照「③」の参照先が改正前の版で見つからない
注意: /第２/４/①: 参照「⑤」の参照先が改正前の版で見つからない
注意: /第２/４/①: 参照「③」の参照先が改正前の版で見つからない
注意: /第２/４/①: 参照「⑤」の参照先が改正前の版で見つからない
注意: /第２/４/①: 参照「⑤」の参照先が改正前の版で見つからない
注意: /第２/４/①: 参照「②」の参照先が改正前の版で見つからない
注意: /第２/４/①: 参照「④」の参照先が改正前の版で見つからない
注意: /第２/４/①/①: 参照「②」の参照先が改正前の版で見つからない
注意: /第２/４/①/①: 参照「③」の参照先が改正前の版で見つからない
注意: /第２/４/①/①: 参照「④」の参照先が改正前の版で見つからない
注意: /第２/４/①/①: 参照「⑤」の参照先が改正前の版で見つからない
注意: /第２/４/①: 参照「②」の参照先が改正前の版で見つからない
注意: /第２/４/①: 参照「③」の参照先が改正前の版で見つからない
注意: /第２/４/①: 参照「④」の参照先が改正前の版で見つからない
注意: /第２/４/①: 参照「⑤」の参照先が改正前の版で見つからない
注意: /第２/４/①: 参照「②」の参照先が改正前の版で見つからない
注意: /第２/４/①: 参照「②」の参照先が改正前の版で見つからない
注意: /第２/４/①: 参照「②」の参照先が改正前の版で見つからない
注意: /第２/４/①: 参照「②」の参照先が改正前の版で見つからない
注意: /第２/４/①: 参照「②」の参照先が改正前の版で見つからない
注意: /第２/４/①: 参照「②」の参照先が改正前の版で見つからない
注意: /第２/４/①: 参照「④」の参照先が改正前の版で見つからない
注意: /第２/４/①: 参照「②」の参照先が改正前の版で見つからない
注意: /第２/４/①: 参照「③」の参照先が改正前の版で見つからない
注意: /第２/４/①: 参照「④」の参照先が改正前の版で見つからない
注意: /第２/４/①: 参照「⑥」の参照先が改正前の版で見つからない
注意: /第２/４/①: 参照「⑥」の参照先が改正前の版で見つからない
注意: /第２/４/①: 参照「⑦」の参照先が改正前の版で見つからない
注意: /第２/４/①: 参照「②」の参照先が改正前の版で見つからない
注意: /第２/４/①: 参照「⑤」の参照先が改正前の版で見つからない
注意: /第２/４/①/①: 参照「②」の参照先が改正前の版で見つからない
注意: /第２/４/①/①: 参照「②」の参照先が改正前の版で見つからない
注意: /第２/４/①/①: 参照「②」の参照先が改正前の版で見つからない
注意: /第２/４/①/①: 参照「②」の参照先が改正前の版で見つからない
注意: /第２/４/①/①: 参照「②」の参照先が改正前の版で見つからない
注意: /第２/４/①/①: 参照「②」の参照先が改正前の版で見つからない
注意: /第２/４/①: 参照「②」の参照先が改正前の版で見つからない
注意: /第２/４/①: 参照「③」の参照先が改正前の版で見つからない
注意: /第２/４/①: 参照「④」の参照先が改正前の版で見つからない
注意: /第２/４/①: 参照「⑤」の参照先が改正前の版で見つからない
注意: /第２/４/①: 参照「⑥」の参照先が改正前の版で見つからない
注意: /第２/４/①: 参照「⑦」の参照先が改正前の版で見つからない
注意: /第２/４/①: 参照「④」の参照先が改正前の版で見つからない
注意: /第２/４/①: 参照「②」の参照先が改正前の版で見つからない
注意: /第２/４/①: 参照「③」の参照先が改正前の版で見つからない
注意: /第２/４/①: 参照「④」の参照先が改正前の版で見つからない
注意: /第２/４/①: 参照「⑤」の参照先が改正前の版で見つからない
注意: /第２/４/①/①: 参照「②」の参照先が改正前の版で見つからない
注意: /第２/４/①/①: 参照「③」の参照先が改正前の版で見つからない
注意: /第２/４/①/①: 参照「④」の参照先が改正前の版で見つからない
注意: /第２/４/①/①: 参照「⑤」の参照先が改正前の版で見つからない
注意: /⑥: 参照「①」の参照先が改正前の版で見つからない
注意: /第80/３: 参照「②」の参照先が改正前の版で見つからない
注意: /第80/３: 参照「③」の参照先が改正前の版で見つからない
注意: /第80/３: 参照「①」の参照先が改正前の版で見つからない
注意: /第80/３: 参照「④」の参照先が改正前の版で見つからない
注意: /第80/３: 参照「⑤」の参照先が改正前の版で見つからない
注意: /第80/３: 参照「①」の参照先が改正前の版で見つからない
注意: /第80/３: 参照「①」の参照先が改正前の版で見つからない
注意: /第80/３: 参照「②」の参照先が改正前の版で見つからない
注意: /第80/３: 参照「③」の参照先が改正前の版で見つからない
注意: /第80/３: 参照「④」の参照先が改正前の版で見つからない
注意: /第80/３: 参照「②」の参照先が改正前の版で見つからない
注意: /第80/３: 参照「③」の参照先が改正前の版で見つからない
注意: /第80/３: 参照「①」の参照先が改正前の版で見つからない
注意: /第80/３: 参照「④」の参照先が改正前の版で見つからない
注意: /第80/３: 参照「⑤」の参照先が改正前の版で見つからない
注意: /第80/３: 参照「①」の参照先が改正前の版で見つからない
注意: /第92/１: 参照「①」の参照先が改正前の版で見つからない
注意: /第92/１: 参照「⑩」の参照先が改正前の版で見つからない
注意: /第92/１/ア: 参照「⑩」の参照先が改正前の版で見つからない
注意: /第92/１/ア: 参照「④」の参照先が改正前の版で見つからない
注意: /第92/１/ア: 参照「⑩」の参照先が改正前の版で見つからない
注意: /第92/１/ア: 参照「⑧」の参照先が改正前の版で見つからない
注意: /第92/１/ア: 参照「⑧」の参照先が改正前の版で見つからない
注意: /第92/１/ア: 参照「③」の参照先が改正前の版で見つからない
注意: /第92/１/ア: 参照「⑤」の参照先が改正前の版で見つからない
注意: /第92/１/ア: 参照「⑥」の参照先が改正前の版で見つからない
注意: /第92/１/ア: 参照「⑩」の参照先が改正前の版で見つからない
注意: /第92/１/イ: 参照「⑩」の参照先が改正前の版で見つからない
注意: /第92/１/ウ: 参照「⑩」の参照先が改正前の版で見つからない
注意: /第92/１/ウ: 参照「④」の参照先が改正前の版で見つからない
注意: /第92/１/ウ: 参照「⑦」の参照先が改正前の版で見つからない
注意: /第92/１/エ: 参照「⑩」の参照先が改正前の版で見つからない
注意: /第92/３: 参照「①」の参照先が改正前の版で見つからない
注意: /第92/３: 参照「⑩」の参照先が改正前の版で見つからない
注意: /第95/２/ア: 参照「①」の参照先が改正前の版で見つからない
注意: /第95/２/ア: 参照「②」の参照先が改正前の版で見つからない
注意: /⑥: 参照「②」の参照先が改正前の版で見つからない
注意: /⑥: 参照「①」の参照先が改正前の版で見つからない
注意: /⑥: 参照「⑤」の参照先が改正前の版で見つからない
注意: /⑥: 参照「⑦」の参照先が改正前の版で見つからない
注意: /⑦: 参照「⑧」の参照先が改正前の版で見つからない
注意: /⑦: 参照「⑨」の参照先が改正前の版で見つからない
注意: /⑦: 参照「⑩」の参照先が改正前の版で見つからない
注意: /⑫: 参照「１①」の参照先が改正前の版で見つからない
注意: /⑫: 参照「⑫」の参照先が改正前の版で見つからない
注意: /⑫: 参照「３①」の参照先が改正前の版で見つからない
注意: /⑫: 参照「④」の参照先が改正前の版で見つからない
注意: /⑫: 参照「４②」の参照先が改正前の版で見つからない
注意: /⑫: 参照「５③」の参照先が改正前の版で見つからない
注意: /⑫: 参照「６⑦」の参照先が改正前の版で見つからない
注意: /⑫: 参照「⑧」の参照先が改正前の版で見つからない
注意: /⑭: 参照「⑮」の参照先が改正前の版で見つからない
注意: /⑭: 参照「⑯」の参照先が改正前の版で見つからない
注意: /⑭: 参照「⑮」の参照先が改正前の版で見つからない
注意: /⑭: 参照「⑭」の参照先が改正前の版で見つからない
注意: /⑭: 参照「⑮」の参照先が改正前の版で見つからない
注意: /⑭: 参照「⑭」の参照先が改正前の版で見つからない
注意: /⑮: 参照「⑭」の参照先が改正前の版で見つからない
注意: /⑮: 参照「⑬」の参照先が改正前の版で見つからない
注意: /⑮: 参照「⑭」の参照先が改正前の版で見つからない
注意: /⑮: 参照「⑬」の参照先が改正前の版で見つからない
参考（原本からある番号の乱れ）: /: 番号が連続していない ア・イ・イ・ウ・エ・エ・エ・オ・カ・キ・ク・ク・ケ・コ・コ・サ・シ・シ・ス・セ・ソ・タ・チ・ツ・テ・テ・ト
参考（原本からある番号の乱れ）: /: 番号が連続していない ①・②・③・③・④・⑤・⑤・⑤・⑥・⑥・⑥・⑥・⑥・⑥・⑥・⑦・⑧・⑨・⑩・⑪・⑪・⑫・⑫・⑬・⑭・⑭・⑮・⑯
参考（原本からある番号の乱れ）: /第２/４: 番号が連続していない ①・①・①・①・①・①
参考（原本からある番号の乱れ）: /第２/４/①: 番号が連続していない ア・イ・イ
参考（原本からある番号の乱れ）: /第２/４/①: 番号が連続していない ①・①・①・①・①・①
参考（原本からある番号の乱れ）: /第８/１: 番号が連続していない ア・イ・イ・ウ
参考（原本からある番号の乱れ）: /第９/１: 番号が連続していない ア・イ・ウ・エ・オ・カ・キ・ク・ケ・コ・サ・シ・ス・セ・ソ・タ・チ・ツ・ツ
参考（原本からある番号の乱れ）: /第18: 番号が連続していない ア・イ・ウ・エ・オ・オ・オ・オ・カ・キ・ク・ケ
参考（原本からある番号の乱れ）: /第28/１: 番号が連続していない ア・イ・イ・イ・イ
参考（原本からある番号の乱れ）: /第32/１: 番号が連続していない ア・イ・イ・ウ
参考（原本からある番号の乱れ）: /第47/１: 番号が連続していない ア・イ・ウ・ウ・エ・オ
参考（原本からある番号の乱れ）: /第48: 番号が連続していない ア・イ・ウ・ウ・ウ・エ・オ
参考（原本からある番号の乱れ）: /第79/３: 番号が連続していない ア・イ・ウ・エ・オ・オ・カ・キ・キ
参考（原本からある番号の乱れ）: /第80/３: 番号が連続していない ①・②・③・④・⑤・⑤
参考（原本からある番号の乱れ）: /第92/１: 番号が連続していない ア・イ・ウ・エ・エ・オ・カ
参考（原本からある番号の乱れ）: /第104/１: 番号が連続していない ア・イ・イ・ウ
参考（原本からある番号の乱れ）: /第107/２: 番号が連続していない ア・イ・ウ・エ・オ・カ・キ・ク・ケ・コ・サ・シ・ス・セ・ソ・タ・チ・ツ・テ・テ・ト
→ T1_T2_applied.tsuchi.txt（R7.6.30）
→ T2_complete.shinkyu.txt（参照の追従 0 件を含む対照表テキスト）
