注意: /第３/１/イ: 参照「②」の参照先が改正前の版で見つからない
注意: /第３/１/イ: 参照「④」の参照先が改正前の版で見つからない
注意: /第３/１/イ: 参照「⑤」の参照先が改正前の版で見つからない
注意: /キ: 参照「①」の参照先が改正前の版で見つからない
注意: /キ: 参照「①」の参照先が改正前の版で見つからない
注意: /キ: 参照「②」の参照先が改正前の版で見つからない
注意: /11: 参照「①」の参照先が改正前の版で見つからない
注意: /11: 参照「②」の参照先が改正前の版で見つからない
注意: /11: 参照「③」の参照先が改正前の版で見つからない
注意: /シ: 参照「①」の参照先が改正前の版で見つからない
注意: /シ: 参照「②」の参照先が改正前の版で見つからない
注意: /23: 参照「６①」の参照先が改正前の版で見つからない
注意: /23: 参照「④」の参照先が改正前の版で見つからない
注意: /23: 参照「⑥」の参照先が改正前の版で見つからない
注意: /23: 参照「⑨」の参照先が改正前の版で見つからない
注意: /23: 参照「６①」の参照先が改正前の版で見つからない
注意: /23: 参照「④」の参照先が改正前の版で見つからない
注意: /23: 参照「⑥」の参照先が改正前の版で見つからない
注意: /23: 参照「⑨」の参照先が改正前の版で見つからない
注意: /23: 参照「①」の参照先が改正前の版で見つからない
注意: /23: 参照「④」の参照先が改正前の版で見つからない
注意: /23: 参照「⑥」の参照先が改正前の版で見つからない
注意: /23: 参照「⑨」の参照先が改正前の版で見つからない
注意: /23/5: 参照「①」の参照先が改正前の版で見つからない
注意: /23/5: 参照「②」の参照先が改正前の版で見つからない
注意: /23/5: 参照「③」の参照先が改正前の版で見つからない
注意: /23/5: 参照「④」の参照先が改正前の版で見つからない
注意: /23/6: 参照「⑤」の参照先が改正前の版で見つからない
注意: /23/6: 参照「⑥」の参照先が改正前の版で見つからない
注意: /23/6: 参照「⑦」の参照先が改正前の版で見つからない
注意: /23/6: 参照「⑧」の参照先が改正前の版で見つからない
注意: /23/6: 参照「⑨」の参照先が改正前の版で見つからない
注意: /23/6: 参照「⑩」の参照先が改正前の版で見つからない
注意: /23/6: 参照「⑪」の参照先が改正前の版で見つからない
注意: /23/21: 参照「①」の参照先が改正前の版で見つからない
注意: /23/21: 参照「②」の参照先が改正前の版で見つからない
注意: /23/21: 参照「③」の参照先が改正前の版で見つからない
注意: /⑪: 参照「⑫」の参照先が改正前の版で見つからない
注意: /⑪: 参照「⑤」の参照先が改正前の版で見つからない
注意: /⑪: 参照「⑥」の参照先が改正前の版で見つからない
注意: /⑪: 参照「⑦」の参照先が改正前の版で見つからない
注意: /⑪: 参照「⑩」の参照先が改正前の版で見つからない
注意: /⑪: 参照「⑪」の参照先が改正前の版で見つからない
注意: /⑪: 参照「⑪」の参照先が改正前の版で見つからない
注意: /⑪: 参照「⑫」の参照先が改正前の版で見つからない
注意: /⑪: 参照「①」の参照先が改正前の版で見つからない
注意: /⑪: 参照「②」の参照先が改正前の版で見つからない
注意: /⑪: 参照「②」の参照先が改正前の版で見つからない
注意: /⑪: 参照「①」の参照先が改正前の版で見つからない
注意: /⑪: 参照「①」の参照先が改正前の版で見つからない
注意: /⑪: 参照「②」の参照先が改正前の版で見つからない
注意: /⑪: 参照「①」の参照先が改正前の版で見つからない
注意: /⑪: 参照「②」の参照先が改正前の版で見つからない
注意: /⑪: 参照「①」の参照先が改正前の版で見つからない
注意: /⑪: 参照「⑨」の参照先が改正前の版で見つからない
注意: /⑪/イ: 参照「②」の参照先が改正前の版で見つからない
注意: /⑪/イ: 参照「①」の参照先が改正前の版で見つからない
注意: /⑪/イ: 参照「①」の参照先が改正前の版で見つからない
注意: /⑪/イ: 参照「②」の参照先が改正前の版で見つからない
注意: /⑪/イ: 参照「①」の参照先が改正前の版で見つからない
注意: /⑪/イ: 参照「④」の参照先が改正前の版で見つからない
注意: /⑪/イ: 参照「⑥」の参照先が改正前の版で見つからない
注意: /⑪/イ: 参照「①」の参照先が改正前の版で見つからない
注意: /⑪/イ: 参照「②」の参照先が改正前の版で見つからない
注意: /⑪/イ: 参照「③」の参照先が改正前の版で見つからない
注意: /⑪/イ: 参照「④」の参照先が改正前の版で見つからない
注意: /⑪/イ: 参照「⑤」の参照先が改正前の版で見つからない
注意: /⑪/イ: 参照「①」の参照先が改正前の版で見つからない
注意: /⑪/イ: 参照「②」の参照先が改正前の版で見つからない
注意: /⑪/イ: 参照「③」の参照先が改正前の版で見つからない
注意: /⑪/イ: 参照「①」の参照先が改正前の版で見つからない
注意: /⑪/イ: 参照「②」の参照先が改正前の版で見つからない
注意: /⑪/イ: 参照「②」の参照先が改正前の版で見つからない
注意: /⑪/イ: 参照「①」の参照先が改正前の版で見つからない
注意: /⑪/イ: 参照「②」の参照先が改正前の版で見つからない
注意: /⑪/イ: 参照「①」の参照先が改正前の版で見つからない
注意: /⑪/イ: 参照「②」の参照先が改正前の版で見つからない
注意: /⑪/イ: 参照「③」の参照先が改正前の版で見つからない
注意: /⑪/イ: 参照「①」の参照先が改正前の版で見つからない
注意: /⑪/イ: 参照「②」の参照先が改正前の版で見つからない
注意: /⑪/イ: 参照「③」の参照先が改正前の版で見つからない
注意: /⑪/イ: 参照「④」の参照先が改正前の版で見つからない
注意: /⑪/イ: 参照「①」の参照先が改正前の版で見つからない
注意: /⑪/イ: 参照「②」の参照先が改正前の版で見つからない
注意: /⑪/イ: 参照「①」の参照先が改正前の版で見つからない
注意: /⑪/イ: 参照「③」の参照先が改正前の版で見つからない
注意: /⑪/イ: 参照「④」の参照先が改正前の版で見つからない
注意: /⑪/イ: 参照「①」の参照先が改正前の版で見つからない
注意: /⑪/イ: 参照「④」の参照先が改正前の版で見つからない
注意: /⑪/イ: 参照「①」の参照先が改正前の版で見つからない
注意: /⑪/イ: 参照「②」の参照先が改正前の版で見つからない
注意: /⑪/イ: 参照「③」の参照先が改正前の版で見つからない
注意: /⑪/イ: 参照「④」の参照先が改正前の版で見つからない
注意: /⑪/イ: 参照「①」の参照先が改正前の版で見つからない
注意: /⑪/イ: 参照「②」の参照先が改正前の版で見つからない
注意: /⑪/イ: 参照「①」の参照先が改正前の版で見つからない
注意: /⑪/イ: 参照「③」の参照先が改正前の版で見つからない
注意: /⑪/イ: 参照「②」の参照先が改正前の版で見つからない
注意: /⑪/イ: 参照「④」の参照先が改正前の版で見つからない
注意: /⑪/イ: 参照「②」の参照先が改正前の版で見つからない
注意: /⑪/イ: 参照「⑤」の参照先が改正前の版で見つからない
注意: /⑪/イ: 参照「①」の参照先が改正前の版で見つからない
注意: /⑪/イ: 参照「②」の参照先が改正前の版で見つからない
注意: /⑪/イ: 参照「①」の参照先が改正前の版で見つからない
注意: /⑪/イ: 参照「③」の参照先が改正前の版で見つからない
注意: /⑪/イ: 参照「②」の参照先が改正前の版で見つからない
注意: /⑪/イ: 参照「④」の参照先が改正前の版で見つからない
注意: /⑪/イ: 参照「②」の参照先が改正前の版で見つからない
注意: /⑪/イ: 参照「③」の参照先が改正前の版で見つからない
注意: /⑪/イ: 参照「⑥」の参照先が改正前の版で見つからない
注意: /⑪/イ: 参照「③」の参照先が改正前の版で見つからない
注意: /⑪/イ: 参照「④」の参照先が改正前の版で見つからない
注意: /⑫: 参照「⑪」の参照先が改正前の版で見つからない
注意: /⑫: 参照「⑩」の参照先が改正前の版で見つからない
注意: /⑫: 参照「⑩」の参照先が改正前の版で見つからない
注意: /⑫: 参照「⑪」の参照先が改正前の版で見つからない
注意: /⑫: 参照「⑫」の参照先が改正前の版で見つからない
注意: /⑫: 参照「③」の参照先が改正前の版で見つからない
注意: /⑫: 参照「⑥」の参照先が改正前の版で見つからない
注意: /⑫: 参照「⑨」の参照先が改正前の版で見つからない
注意: /⑫: 参照「⑫」の参照先が改正前の版で見つからない
注意: /⑫: 参照「⑩」の参照先が改正前の版で見つからない
注意: /⑫: 参照「⑪」の参照先が改正前の版で見つからない
注意: /⑫: 参照「①」の参照先が改正前の版で見つからない
注意: /⑫: 参照「⑨」の参照先が改正前の版で見つからない
Traceback (most recent call last):
  File "/workspace/shinkyu.py", line 444, in <module>
    main()
  File "/workspace/shinkyu.py", line 440, in main
    {"apply": cmd_apply, "diff": cmd_diff, "render": cmd_render, "lint": cmd_lint}[a.cmd](a)
  File "/workspace/shinkyu.py", line 139, in cmd_apply
    check_numbering(new.children, "", after)
  File "/workspace/shinkyu.py", line 113, in check_numbering
    check_numbering(n.children, f"{path}/{n.label}", errs)
  File "/workspace/shinkyu.py", line 105, in check_numbering
    k, v = kind_num(n.label)
           ^^^^^^^^^^^^^^^^^
  File "/workspace/tsuchi.py", line 60, in kind_num
    return ("num", int(label.translate(ZEN)))
                   ^^^^^^^^^^^^^^^^^^^^^^^^^
ValueError: invalid literal for int() with base 10: '1～5'
