注意: /第３/１/イ: 参照「②」の参照先が改正前の版で見つからない
注意: /第３/１/イ: 参照「④」の参照先が改正前の版で見つからない
注意: /第３/１/イ: 参照「⑤」の参照先が改正前の版で見つからない
注意: /キ: 参照「①」の参照先が改正前の版で見つからない
注意: /キ: 参照「①」の参照先が改正前の版で見つからない
注意: /キ: 参照「②」の参照先が改正前の版で見つからない
注意: /11: 参照「①」の参照先が改正前の版で見つからない
注意: /11: 参照「②」の参照先が改正前の版で見つからない
注意: /11: 参照「③」の参照先が改正前の版で見つからない
注意: /シ: 参照「①」の参照先が改正前の版で見つからない
注意: /シ: 参照「②」の参照先が改正前の版で見つからない
注意: /23: 参照「６①」の参照先が改正前の版で見つからない
注意: /23: 参照「④」の参照先が改正前の版で見つからない
注意: /23: 参照「⑥」の参照先が改正前の版で見つからない
注意: /23: 参照「⑨」の参照先が改正前の版で見つからない
注意: /23: 参照「６①」の参照先が改正前の版で見つからない
注意: /23: 参照「④」の参照先が改正前の版で見つからない
注意: /23: 参照「⑥」の参照先が改正前の版で見つからない
注意: /23: 参照「⑨」の参照先が改正前の版で見つからない
注意: /23: 参照「①」の参照先が改正前の版で見つからない
注意: /23: 参照「④」の参照先が改正前の版で見つからない
注意: /23: 参照「⑥」の参照先が改正前の版で見つからない
注意: /23: 参照「⑨」の参照先が改正前の版で見つからない
注意: /23/5: 参照「①」の参照先が改正前の版で見つからない
注意: /23/5: 参照「②」の参照先が改正前の版で見つからない
注意: /23/5: 参照「③」の参照先が改正前の版で見つからない
注意: /23/5: 参照「④」の参照先が改正前の版で見つからない
注意: /23/6: 参照「⑤」の参照先が改正前の版で見つからない
注意: /23/6: 参照「⑥」の参照先が改正前の版で見つからない
注意: /23/6: 参照「⑦」の参照先が改正前の版で見つからない
注意: /23/6: 参照「⑧」の参照先が改正前の版で見つからない
注意: /23/6: 参照「⑨」の参照先が改正前の版で見つからない
注意: /23/6: 参照「⑩」の参照先が改正前の版で見つからない
注意: /23/6: 参照「⑪」の参照先が改正前の版で見つからない
注意: /23/21: 参照「①」の参照先が改正前の版で見つからない
注意: /23/21: 参照「②」の参照先が改正前の版で見つからない
注意: /23/21: 参照「③」の参照先が改正前の版で見つからない
注意: /⑪: 参照「⑫」の参照先が改正前の版で見つからない
注意: /⑪: 参照「⑤」の参照先が改正前の版で見つからない
注意: /⑪: 参照「⑥」の参照先が改正前の版で見つからない
注意: /⑪: 参照「⑦」の参照先が改正前の版で見つからない
注意: /⑪: 参照「⑩」の参照先が改正前の版で見つからない
注意: /⑪: 参照「⑪」の参照先が改正前の版で見つからない
注意: /⑪: 参照「⑪」の参照先が改正前の版で見つからない
注意: /⑪: 参照「⑫」の参照先が改正前の版で見つからない
注意: /⑪: 参照「①」の参照先が改正前の版で見つからない
注意: /⑪: 参照「②」の参照先が改正前の版で見つからない
注意: /⑪: 参照「②」の参照先が改正前の版で見つからない
注意: /⑪: 参照「①」の参照先が改正前の版で見つからない
注意: /⑪: 参照「①」の参照先が改正前の版で見つからない
注意: /⑪: 参照「②」の参照先が改正前の版で見つからない
注意: /⑪: 参照「①」の参照先が改正前の版で見つからない
注意: /⑪: 参照「②」の参照先が改正前の版で見つからない
注意: /⑪: 参照「①」の参照先が改正前の版で見つからない
注意: /⑪: 参照「⑨」の参照先が改正前の版で見つからない
注意: /⑪/イ: 参照「②」の参照先が改正前の版で見つからない
注意: /⑪/イ: 参照「①」の参照先が改正前の版で見つからない
注意: /⑪/イ: 参照「①」の参照先が改正前の版で見つからない
注意: /⑪/イ: 参照「②」の参照先が改正前の版で見つからない
注意: /⑪/イ: 参照「①」の参照先が改正前の版で見つからない
注意: /⑪/イ: 参照「④」の参照先が改正前の版で見つからない
注意: /⑪/イ: 参照「⑥」の参照先が改正前の版で見つからない
注意: /⑪/イ: 参照「①」の参照先が改正前の版で見つからない
注意: /⑪/イ: 参照「②」の参照先が改正前の版で見つからない
注意: /⑪/イ: 参照「③」の参照先が改正前の版で見つからない
注意: /⑪/イ: 参照「④」の参照先が改正前の版で見つからない
注意: /⑪/イ: 参照「⑤」の参照先が改正前の版で見つからない
注意: /⑪/イ: 参照「①」の参照先が改正前の版で見つからない
注意: /⑪/イ: 参照「②」の参照先が改正前の版で見つからない
注意: /⑪/イ: 参照「③」の参照先が改正前の版で見つからない
注意: /⑪/イ: 参照「①」の参照先が改正前の版で見つからない
注意: /⑪/イ: 参照「②」の参照先が改正前の版で見つからない
注意: /⑪/イ: 参照「②」の参照先が改正前の版で見つからない
注意: /⑪/イ: 参照「①」の参照先が改正前の版で見つからない
注意: /⑪/イ: 参照「②」の参照先が改正前の版で見つからない
注意: /⑪/イ: 参照「①」の参照先が改正前の版で見つからない
注意: /⑪/イ: 参照「②」の参照先が改正前の版で見つからない
注意: /⑪/イ: 参照「③」の参照先が改正前の版で見つからない
注意: /⑪/イ: 参照「①」の参照先が改正前の版で見つからない
注意: /⑪/イ: 参照「②」の参照先が改正前の版で見つからない
注意: /⑪/イ: 参照「③」の参照先が改正前の版で見つからない
注意: /⑪/イ: 参照「④」の参照先が改正前の版で見つからない
注意: /⑪/イ: 参照「①」の参照先が改正前の版で見つからない
注意: /⑪/イ: 参照「②」の参照先が改正前の版で見つからない
注意: /⑪/イ: 参照「①」の参照先が改正前の版で見つからない
注意: /⑪/イ: 参照「③」の参照先が改正前の版で見つからない
注意: /⑪/イ: 参照「④」の参照先が改正前の版で見つからない
注意: /⑪/イ: 参照「①」の参照先が改正前の版で見つからない
注意: /⑪/イ: 参照「④」の参照先が改正前の版で見つからない
注意: /⑪/イ: 参照「①」の参照先が改正前の版で見つからない
注意: /⑪/イ: 参照「②」の参照先が改正前の版で見つからない
注意: /⑪/イ: 参照「③」の参照先が改正前の版で見つからない
注意: /⑪/イ: 参照「④」の参照先が改正前の版で見つからない
注意: /⑪/イ: 参照「①」の参照先が改正前の版で見つからない
注意: /⑪/イ: 参照「②」の参照先が改正前の版で見つからない
注意: /⑪/イ: 参照「①」の参照先が改正前の版で見つからない
注意: /⑪/イ: 参照「③」の参照先が改正前の版で見つからない
注意: /⑪/イ: 参照「②」の参照先が改正前の版で見つからない
注意: /⑪/イ: 参照「④」の参照先が改正前の版で見つからない
注意: /⑪/イ: 参照「②」の参照先が改正前の版で見つからない
注意: /⑪/イ: 参照「⑤」の参照先が改正前の版で見つからない
注意: /⑪/イ: 参照「①」の参照先が改正前の版で見つからない
注意: /⑪/イ: 参照「②」の参照先が改正前の版で見つからない
注意: /⑪/イ: 参照「①」の参照先が改正前の版で見つからない
注意: /⑪/イ: 参照「③」の参照先が改正前の版で見つからない
注意: /⑪/イ: 参照「②」の参照先が改正前の版で見つからない
注意: /⑪/イ: 参照「④」の参照先が改正前の版で見つからない
注意: /⑪/イ: 参照「②」の参照先が改正前の版で見つからない
注意: /⑪/イ: 参照「③」の参照先が改正前の版で見つからない
注意: /⑪/イ: 参照「⑥」の参照先が改正前の版で見つからない
注意: /⑪/イ: 参照「③」の参照先が改正前の版で見つからない
注意: /⑪/イ: 参照「④」の参照先が改正前の版で見つからない
注意: /⑫: 参照「⑪」の参照先が改正前の版で見つからない
注意: /⑫: 参照「⑩」の参照先が改正前の版で見つからない
注意: /⑫: 参照「⑩」の参照先が改正前の版で見つからない
注意: /⑫: 参照「⑪」の参照先が改正前の版で見つからない
注意: /⑫: 参照「⑫」の参照先が改正前の版で見つからない
注意: /⑫: 参照「③」の参照先が改正前の版で見つからない
注意: /⑫: 参照「⑥」の参照先が改正前の版で見つからない
注意: /⑫: 参照「⑨」の参照先が改正前の版で見つからない
注意: /⑫: 参照「⑫」の参照先が改正前の版で見つからない
注意: /⑫: 参照「⑩」の参照先が改正前の版で見つからない
注意: /⑫: 参照「⑪」の参照先が改正前の版で見つからない
注意: /⑫: 参照「①」の参照先が改正前の版で見つからない
注意: /⑫: 参照「⑨」の参照先が改正前の版で見つからない
参考（原本からある番号の乱れ）: /: 番号が連続していない ア・イ・ウ・ウ・エ・オ・カ・キ・キ・キ・ク・ケ・ケ・ケ・ケ・コ・サ・サ・サ・シ・シ・シ・シ・ス・セ・ソ・タ・チ・ツ
参考（原本からある番号の乱れ）: /: 番号が連続していない ①・②・②・②・③・④・⑤・⑥・⑥・⑦・⑧・⑨・⑩・⑪・⑪・⑪・⑪・⑪・⑫・⑫
参考（原本からある番号の乱れ）: /キ: 番号が連続していない ①・②・②
参考（原本からある番号の乱れ）: /11: 番号が連続していない ア・イ・ウ・エ・エ・オ・カ
参考（原本からある番号の乱れ）: /15: 番号が連続していない ア・イ・イ
参考（原本からある番号の乱れ）: /第14/１: 番号が連続していない ア・イ・ウ・エ・オ・カ・キ・ク・ク・ケ・コ・サ・シ
参考（原本からある番号の乱れ）: /第17/１: 番号が連続していない ア・イ・ウ・ウ・エ
参考（原本からある番号の乱れ）: /第20/１: 番号が連続していない ア・イ・ウ・エ・オ・カ・カ
参考（原本からある番号の乱れ）: /第21/１: 番号が連続していない ア・イ・ウ・エ・エ・エ・オ・カ・キ・ク
参考（原本からある番号の乱れ）: /第26/１: 番号が連続していない ア・イ・ウ・エ・エ
参考（原本からある番号の乱れ）: /⑪/イ: 番号が連続していない ①・②・②・③・④・⑤・⑥・⑥・⑥
適用できない箇所 5 件:
 - /: 削る・改める「第２」が原本の該当位置にない（原本側は「前文」）
 - /: 削る・改める「第３」が原本の該当位置にない（原本側は「前文」）
 - /: 対照表に出てこない項目が原本に残っている: 前文・第１・第２・第３・第４・１・２・ア・イ・ウ・①・②・ウ・エ・オ・カ・キ・キ・３・４・５・６・キ・ク・ケ・ケ・ケ・ケ・コ・サ・第５・７・８・９・10・11・12・13・14・15・16・17・18・19・20・21・22・サ・②・②・③・④・⑤・⑥・サ・シ・第６・第７・第８・第９・第10・第11・第12・第13・第14・第15・第16・第17・第18・シ・第19・第20・第21・第22・第23・第24の５・第25・第26・第27・シ・シ・ス・セ・ソ・タ・チ・ツ・⑥・⑦・⑧・⑨・⑩・⑪・23・⑪・24・25・26・27・28・29・30・31・32・33・34・35・36・37・38・39・40・41・⑪・⑪・⑪・⑫・⑫
 - /: 番号が連続していない 第２・第３・第１・第２・第３・第４・第５・第６・第７・第８・第９・第10・第11・第12・第13・第14・第15・第16・第17・第18・第19・第20・第21・第22・第23・第24の５・第25・第26・第27
 - /第２: 番号が連続していない ６・６
