注意: p.4: 番号「①」が重複している（原本の誤植と思われる）: ①２月１日 ②12月末日 ③４月１日 ④12月末日 ⑤３月末
注意: p.7: 番号「①」が重複している（原本の誤植と思われる）: ①２月１日 ②12月末日 ③４月１日 ④12月末日 ⑤３月末
注意: p.8: 番号「①」が重複している（原本の誤植と思われる）: ①２月１日 ②12月末日 ③４月１日 ④12月末日 ⑤３月末
注意: p.9: 番号「ア」が並びに合わない（直前は「イ」）→ 本文として扱った: ア 緊急入院患者及び全身麻酔による手術の患者の実績数
注意: p.9: 番号「イ」が重複している（原本の誤植と思われる）: イ 処置の休日加算１、時間外加算１及び深夜加算１を算定する全
注意: p.10: 番号「①」が重複している（原本の誤植と思われる）: ①２月１日 ②12月末日 ③４月１日 ④12月末日 ⑤３月末
注意: p.10: 番号「ア」が並びに合わない（直前は「エ」）→ 本文として扱った: ア 胃瘻造設術（経皮的内視鏡下胃瘻造設術及び腹腔鏡下胃瘻造設
注意: p.10: 番号「イ」が並びに合わない（直前は「エ」）→ 本文として扱った: イ 経口摂取回復率
注意: p.12: 番号「①」が重複している（原本の誤植と思われる）: ① ②
注意: p.12: 番号「①」が重複している（原本の誤植と思われる）: ① ②(令和８年３月末日まで)
注意: p.12: 番号「ア」が並びに合わない（直前は「エ」）→ 本文として扱った: ア 摂食嚥下回復体制加算１に係る経口摂取回復率
注意: p.13: 番号「イ」が並びに合わない（直前は「エ」）→ 本文として扱った: イ 摂食嚥下回復体制加算３に係る患者数
注意: p.13: 番号「①」が重複している（原本の誤植と思われる）: ①
注意: p.13: 番号「①」が重複している（原本の誤植と思われる）: ① ②
注意: p.14: 番号「①」が重複している（原本の誤植と思われる）: ① ②(令和８年３月末日まで)
注意: p.14: 番号「ア」が並びに合わない（直前は「エ」）→ 本文として扱った: ア 処方箋受付回数
注意: p.15: 番号「①」が重複している（原本の誤植と思われる）: ①６年８月１日 ②９月１日 ③11月末日 ④12月末日 ⑤７
注意: p.45: 番号「ア」が並びに合わない（直前は「イ」）→ 本文として扱った: ア 国又は医療関係団体等（糖尿病重症化予防（フットケア）研修
注意: p.45: 番号「イ」が重複している（原本の誤植と思われる）: イ 糖尿病患者へのフットケアの意義・基礎知識、糖尿病足病変に
注意: p.46: 番号「ア」が並びに合わない（直前は「エ」）→ 本文として扱った: ア 「がん等の診療に携わる医師等に対する緩和ケア研修会の開催
注意: p.46: 番号「イ」が並びに合わない（直前は「エ」）→ 本文として扱った: イ 緩和ケアの基本教育のための都道府県指導者研修会（国立がん
注意: p.46: 番号「ア」が並びに合わない（直前は「エ」）→ 本文として扱った: ア 国又は医療関係団体等が主催する研修であること(600時間
注意: p.46: 番号「イ」が並びに合わない（直前は「エ」）→ 本文として扱った: イ がん看護又はがん看護関連領域における専門的な知識・技術を
注意: p.46: 番号「ウ」が並びに合わない（直前は「エ」）→ 本文として扱った: ウ 講義及び演習により、次の内容を含むものであること。
注意: p.46: 番号「エ」が重複している（原本の誤植と思われる）: エ 実習により、事例に基づくアセスメントとがん看護又はがん看
注意: p.47: 番号「ア」が並びに合わない（直前は「エ」）→ 本文として扱った: ア 身体症状の緩和を担当する専任の常勤医師
注意: p.47: 番号「イ」が並びに合わない（直前は「エ」）→ 本文として扱った: イ 精神症状の緩和を担当する専任の常勤医師
注意: p.47: 番号「ウ」が並びに合わない（直前は「エ」）→ 本文として扱った: ウ 緩和ケアの経験を有する専任の常勤看護師
注意: p.47: 番号「エ」が重複している（原本の誤植と思われる）: エ 緩和ケアの経験を有する専任の薬剤師
注意: p.49: 番号「ア」が並びに合わない（直前は「ク」）→ 本文として扱った: ア がん等の診療に携わる医師等に対する緩和ケア研修会の開催指
注意: p.49: 番号「イ」が並びに合わない（直前は「ク」）→ 本文として扱った: イ 緩和ケアの基本教育のための都道府県指導者研修会（国立研究
注意: p.49: 番号「ウ」が並びに合わない（直前は「ク」）→ 本文として扱った: ウ 日本心不全学会により開催される基本的心不全緩和ケアトレー
注意: p.49: 番号「ア」が並びに合わない（直前は「ク」）→ 本文として扱った: ア 国又は医療関係団体等が主催する研修であること（600時間
注意: p.49: 番号「イ」が並びに合わない（直前は「ク」）→ 本文として扱った: イ 緩和ケアのための専門的な知識・技術を有する看護師の養成を
注意: p.49: 番号「ウ」が並びに合わない（直前は「ク」）→ 本文として扱った: ウ 講義及び演習により、次の内容を含むものであること。
注意: p.49: 番号「エ」が並びに合わない（直前は「ク」）→ 本文として扱った: エ 実習により、事例に基づくアセスメントとホスピスケア・緩和
注意: p.50: 番号「ア」が並びに合わない（直前は「ク」）→ 本文として扱った: ア 臓器移植に従事した経験を２年以上有し、下記のいずれかの経
注意: p.50: 番号「イ」が並びに合わない（直前は「ク」）→ 本文として扱った: イ 臓器移植に従事した経験を２年以上有し、移植医療に係る適切
注意: p.50: 番号「ウ」が並びに合わない（直前は「ク」）→ 本文として扱った: ウ 免疫抑制状態の患者の薬剤管理の経験を有する常勤薬剤師
注意: p.50: 番号「ア」が並びに合わない（直前は「ク」）→ 本文として扱った: ア 医療関係団体が主催するものであること。
注意: p.50: 番号「イ」が並びに合わない（直前は「ク」）→ 本文として扱った: イ 移植医療に関する業務を実施する上で必要な内容を含み、通算
注意: p.50: 番号「ウ」が並びに合わない（直前は「ク」）→ 本文として扱った: ウ 講義又は演習等により、臓器移植の特性に応じた、移植の適応
注意: p.50: 番号「ア」が並びに合わない（直前は「ク」）→ 本文として扱った: ア 造血幹細胞移植に従事した経験を２年以上有し、造血幹細胞移
注意: p.51: 番号「イ」が並びに合わない（直前は「ク」）→ 本文として扱った: イ 造血幹細胞移植に従事した経験を２年以上有し、移植医療に係
注意: p.51: 番号「ウ」が並びに合わない（直前は「ク」）→ 本文として扱った: ウ 免疫抑制状態の患者の薬剤管理の経験を有する常勤薬剤師
注意: p.51: 番号「ア」が並びに合わない（直前は「ク」）→ 本文として扱った: ア 医療関係団体が主催するものであること。
注意: p.51: 番号「イ」が並びに合わない（直前は「ク」）→ 本文として扱った: イ 移植医療に関する業務を実施する上で必要な内容を含み、通算
注意: p.51: 番号「ウ」が並びに合わない（直前は「ク」）→ 本文として扱った: ウ 講義又は演習等により、造血幹細胞移植の特性に応じた、移植
注意: p.51: 番号「ア」が並びに合わない（直前は「ク」）→ 本文として扱った: ア 糖尿病指導の経験を有する専任の医師
注意: p.51: 番号「イ」が並びに合わない（直前は「ク」）→ 本文として扱った: イ 糖尿病指導の経験を有する専任の看護師又は保健師
注意: p.51: 番号「ウ」が並びに合わない（直前は「ク」）→ 本文として扱った: ウ 糖尿病指導の経験を有する専任の管理栄養士
注意: p.51: 番号「ア」が並びに合わない（直前は「ク」）→ 本文として扱った: ア 糖尿病及び糖尿病性腎症の予防指導に従事した経験を２年以上
注意: p.52: 番号「イ」が並びに合わない（直前は「ク」）→ 本文として扱った: イ 糖尿病及び糖尿病性腎症の予防指導に従事した経験を５年以上
注意: p.52: 番号「ア」が並びに合わない（直前は「ク」）→ 本文として扱った: ア 糖尿病指導の経験を有する医師（(２)を満たすこと。）
注意: p.52: 番号「イ」が並びに合わない（直前は「ク」）→ 本文として扱った: イ 糖尿病指導の経験を有する看護師又は保健師（看護師にあって
注意: p.52: 番号「ウ」が並びに合わない（直前は「ク」）→ 本文として扱った: ウ 糖尿病指導の経験を有する管理栄養士（(５)を満たすこと。
注意: p.52: 番号「ア」が並びに合わない（直前は「ク」）→ 本文として扱った: ア ４月前までの３か月間に糖尿病透析予防指導管理料を算定した
注意: p.52: 番号「イ」が並びに合わない（直前は「ク」）→ 本文として扱った: イ アの算定時点（複数ある場合は最も早いもの。以下同じ。）か
注意: p.53: 番号「ア」が並びに合わない（直前は「ク」）→ 本文として扱った: ア 整形外科の診療に従事した経験を５年以上有していること。
注意: p.53: 番号「イ」が並びに合わない（直前は「ク」）→ 本文として扱った: イ 小児の運動器疾患に係る適切な研修を修了していること。
注意: p.53: 番号「ア」が並びに合わない（直前は「ク」）→ 本文として扱った: ア 国又は医療関係団体等が主催する研修であること。
注意: p.53: 番号「イ」が並びに合わない（直前は「ク」）→ 本文として扱った: イ 器質性月経困難症の病態、診断、治療及び予防の内容が含まれ
注意: p.53: 番号「ウ」が並びに合わない（直前は「ク」）→ 本文として扱った: ウ 通算して６時間以上のものであること。
注意: p.53: 番号「ア」が並びに合わない（直前は「ク」）→ 本文として扱った: ア 説明に当たっては、関連学会の作成した腎代替療法選択に係る
注意: p.54: 番号「イ」が並びに合わない（直前は「ク」）→ 本文として扱った: イ 「Ｃ１０２」在宅自己腹膜灌流指導管理料を過去１年間で 1
注意: p.54: 番号「ウ」が並びに合わない（直前は「ク」）→ 本文として扱った: ウ 腎移植について、患者の希望に応じて適切に相談に応じており
注意: p.54: 番号「ア」が並びに合わない（直前は「ク」）→ 本文として扱った: ア 腎臓内科の診療に３年以上従事した経験を有する専任の常勤医
注意: p.54: 番号「イ」が並びに合わない（直前は「ク」）→ 本文として扱った: イ ５年以上看護師として医療に従事し、腎臓病患者の看護につい
注意: p.54: 番号「ア」が並びに合わない（直前は「ク」）→ 本文として扱った: ア 生殖補助医療管理料の施設基準に係る届出を行っていること。
注意: p.54: 番号「イ」が並びに合わない（直前は「ク」）→ 本文として扱った: イ 生殖補助医療管理料の施設基準に係る届出を行っている保険医
注意: p.55: 番号「ア」が並びに合わない（直前は「ク」）→ 本文として扱った: ア 酸素供給装置
注意: p.55: 番号「イ」が並びに合わない（直前は「ク」）→ 本文として扱った: イ 吸引装置
注意: p.55: 番号「ウ」が並びに合わない（直前は「ク」）→ 本文として扱った: ウ 心電計
注意: p.55: 番号「エ」が並びに合わない（直前は「ク」）→ 本文として扱った: エ 呼吸循環監視装置
注意: p.55: 番号「オ」が並びに合わない（直前は「ク」）→ 本文として扱った: オ 救急蘇生セット
注意: p.55: 番号「ア」が並びに合わない（直前は「ク」）→ 本文として扱った: ア 精巣内精子採取術に係る届出を行っていること。
注意: p.55: 番号「イ」が並びに合わない（直前は「ク」）→ 本文として扱った: イ 精巣内精子採取術に係る届出を行っている他の保険医療機関と
注意: p.56: 番号「ア」が並びに合わない（直前は「ク」）→ 本文として扱った: ア 看護師、公認心理師等の患者からの相談に対応する専任の担当
注意: p.56: 番号「イ」が並びに合わない（直前は「ク」）→ 本文として扱った: イ 社会福祉士等の保健医療サービス及び福祉サービスとの連携調
注意: p.56: 番号「ウ」が並びに合わない（直前は「ク」）→ 本文として扱った: ウ 他の保健医療サービス及び福祉サービスとの連携調整及びこれ
注意: p.56: 番号「ア」が並びに合わない（直前は「ク」）→ 本文として扱った: ア 骨粗鬆症の診療を担当する専任の常勤医師
注意: p.56: 番号「イ」が並びに合わない（直前は「ク」）→ 本文として扱った: イ 専任の常勤看護師
注意: p.56: 番号「ウ」が並びに合わない（直前は「ク」）→ 本文として扱った: ウ 専任の常勤薬剤師
注意: p.57: 番号「ア」が並びに合わない（直前は「ク」）→ 本文として扱った: ア 慢性腎臓病指導の経験を有する専任の医師
注意: p.57: 番号「イ」が並びに合わない（直前は「ク」）→ 本文として扱った: イ 慢性腎臓病指導の経験を有する専任の看護師又は保健師
注意: p.57: 番号「ウ」が並びに合わない（直前は「ク」）→ 本文として扱った: ウ 慢性腎臓病指導の経験を有する専任の管理栄養士
注意: p.60: 番号「ア」が並びに合わない（直前は「ク」）→ 本文として扱った: ア トリアージ目標開始時間及び再評価時間
注意: p.60: 番号「イ」が並びに合わない（直前は「ク」）→ 本文として扱った: イ トリアージ分類
注意: p.60: 番号「ウ」が並びに合わない（直前は「ク」）→ 本文として扱った: ウ トリアージの流れ
注意: p.60: 番号「ア」が並びに合わない（直前は「ク」）→ 本文として扱った: ア 地域医療支援病院（医療法第４条第１項に規定する地域医療支
注意: p.60: 番号「イ」が並びに合わない（直前は「ク」）→ 本文として扱った: イ 救急病院等を定める省令（昭和39年厚生省令第８号）に基づ
注意: p.60: 番号「ウ」が並びに合わない（直前は「ク」）→ 本文として扱った: ウ 「救急医療対策の整備事業について」に規定された病院群輪番
注意: p.62: 番号「ア」が並びに合わない（直前は「ク」）→ 本文として扱った: ア 健康相談及び予防接種に係る相談を実施している旨を院内掲示
注意: p.62: 番号「イ」が並びに合わない（直前は「ク」）→ 本文として扱った: イ 当該保険医療機関に通院する患者について、介護支援専門員及
注意: p.62: 番号「ウ」が並びに合わない（直前は「ク」）→ 本文として扱った: ウ 患者の状態に応じ、28日以上の長期の投薬を行うこと又はリ
注意: p.63: 番号「ア」が並びに合わない（直前は「ク」）→ 本文として扱った: ア 当該保険医療機関の敷地内が禁煙であること。
注意: p.63: 番号「イ」が並びに合わない（直前は「ク」）→ 本文として扱った: イ 保険医療機関が建造物の一部分を用いて開設されている場合は
注意: p.63: 番号「ア」が並びに合わない（直前は「ク」）→ 本文として扱った: ア 介護保険法（平成９年法律第123号）第46条第１項に規定
注意: p.63: 番号「イ」が並びに合わない（直前は「ク」）→ 本文として扱った: イ 介護保険法第８条第６項に規定する居宅療養管理指導又は同条
注意: p.63: 番号「ウ」が並びに合わない（直前は「ク」）→ 本文として扱った: ウ 当該医療機関において、同一敷地内に介護サービス事業所（介
注意: p.63: 番号「エ」が並びに合わない（直前は「ク」）→ 本文として扱った: エ 担当医が「地域包括支援センターの設置運営について」（平成
注意: p.63: 番号「オ」が並びに合わない（直前は「ク」）→ 本文として扱った: オ 介護保険によるリハビリテーション（介護保険法第８条第５項
注意: p.63: 番号「カ」が並びに合わない（直前は「ク」）→ 本文として扱った: カ 担当医が、介護保険法第 14 条に規定する介護認定審査会
注意: p.63: 番号「キ」が並びに合わない（直前は「ク」）→ 本文として扱った: キ 担当医が、都道府県等が実施する主治医意見書に関する研修会
注意: p.63: 番号「ク」が重複している（原本の誤植と思われる）: ク 担当医が、介護支援専門員の資格を有していること。
注意: p.63: 番号「ア」が並びに合わない（直前は「コ」）→ 本文として扱った: ア 診療所の場合
注意: p.63: 番号「イ」が並びに合わない（直前は「コ」）→ 本文として扱った: イ 病院の場合
注意: p.64: 番号「ア」が並びに合わない（直前は「コ」）→ 本文として扱った: ア 担当医が、指定居宅介護支援等の事業の人員及び運営に関する
注意: p.64: 番号「イ」が並びに合わない（直前は「コ」）→ 本文として扱った: イ 担当医が、地域ケア会議に出席した実績があること。
注意: p.64: 番号「ウ」が並びに合わない（直前は「コ」）→ 本文として扱った: ウ 保険医療機関において、介護支援専門員と対面あるいはＩＣＴ
注意: p.64: 番号「ア」が並びに合わない（直前は「コ」）→ 本文として扱った: ア 直近１年間に、当該保険医療機関での継続的な外来診療を経て
注意: p.64: 番号「イ」が並びに合わない（直前は「コ」）→ 本文として扱った: イ 直近１か月に初診、再診、往診又は訪問診療を実施した患者の
注意: p.65: 番号「ア」が並びに合わない（直前は「コ」）→ 本文として扱った: ア 母子保健法（昭和40年法律第141号）第12条又は13条
注意: p.65: 番号「イ」が並びに合わない（直前は「コ」）→ 本文として扱った: イ 予防接種法（昭和23年法律第68号）第５条第１項の規定に
注意: p.65: 番号「ウ」が並びに合わない（直前は「コ」）→ 本文として扱った: ウ 過去1年間に15歳未満の超重症児又は準超重症児に対して在
注意: p.65: 番号「エ」が並びに合わない（直前は「コ」）→ 本文として扱った: エ 幼稚園の園医、保育所の嘱託医又は小学校若しくは中学校の学
注意: p.65: 番号「ア」が並びに合わない（直前は「コ」）→ 本文として扱った: ア 「Ａ００１」の注10に規定する時間外対応加算２又は時間外
注意: p.65: 番号「イ」が並びに合わない（直前は「コ」）→ 本文として扱った: イ 以下のいずれも満たすものであること。
注意: p.66: 番号「ア」が並びに合わない（直前は「コ」）→ 本文として扱った: ア がん等の診療に携わる医師等に対する緩和ケア研修会の開催指
注意: p.66: 番号「イ」が並びに合わない（直前は「コ」）→ 本文として扱った: イ 緩和ケアの基本教育のための都道府県指導者研修会（国立研究
注意: p.67: 番号「ア」が並びに合わない（直前は「コ」）→ 本文として扱った: ア 当該保険医療機関で実施される化学療法のレジメンを当該保険
注意: p.67: 番号「イ」が並びに合わない（直前は「コ」）→ 本文として扱った: イ 当該保険医療機関において外来化学療法に関わる職員及び地域
注意: p.67: 番号「ウ」が並びに合わない（直前は「コ」）→ 本文として扱った: ウ 他の保険医療機関及び保険薬局からのレジメンに関する照会や
注意: p.71: 番号「ア」が並びに合わない（直前は「イ」）→ 本文として扱った: ア 実績期間中に当該病院の開設者と直接関係のない複数の診療所
注意: p.71: 番号「イ」が重複している（原本の誤植と思われる）: イ これらの医師又は歯科医師が当該病院の医師と共同指導を行っ
注意: p.74: 番号「ア」が並びに合わない（直前は「ツ」）→ 本文として扱った: ア 当該在宅支援連携体制を構築する他の保険医療機関と併せて、
注意: p.74: 番号「イ」が並びに合わない（直前は「ツ」）→ 本文として扱った: イ 当該在宅支援連携体制を構築する他の保険医療機関と協力して
注意: p.75: 番号「ウ」が並びに合わない（直前は「ツ」）→ 本文として扱った: ウ 当該在宅支援連携体制を構築する他の保険医療機関と協力して
注意: p.75: 番号「エ」が並びに合わない（直前は「ツ」）→ 本文として扱った: エ 当該診療所又は当該在宅支援連携体制を構築する他の保険医療
注意: p.75: 番号「オ」が並びに合わない（直前は「ツ」）→ 本文として扱った: オ 当該診療所又は当該在宅支援連携体制を構築する他の保険医療
注意: p.75: 番号「カ」が並びに合わない（直前は「ツ」）→ 本文として扱った: カ 当該在宅支援連携体制を構築する他の保険医療機関又は訪問看
注意: p.75: 番号「キ」が並びに合わない（直前は「ツ」）→ 本文として扱った: キ 患者に関する診療記録管理を行うにつき必要な体制が整備され
注意: p.75: 番号「ク」が並びに合わない（直前は「ツ」）→ 本文として扱った: ク 当該地域において、他の保健医療サービス及び福祉サービスと
注意: p.75: 番号「ケ」が並びに合わない（直前は「ツ」）→ 本文として扱った: ケ 年に１回、在宅看取り数及び地域ケア会議等への出席状況等を
注意: p.75: 番号「コ」が並びに合わない（直前は「ツ」）→ 本文として扱った: コ 当該在宅支援連携体制を構築する他の保険医療機関と併せて、
注意: p.75: 番号「サ」が並びに合わない（直前は「ツ」）→ 本文として扱った: サ 当該在宅支援連携体制を構築する他の保険医療機関と併せて、
注意: p.76: 番号「シ」が並びに合わない（直前は「ツ」）→ 本文として扱った: シ 直近１か月に初診、再診、往診又は訪問診療を実施した患者の
注意: p.76: 番号「ス」が並びに合わない（直前は「ツ」）→ 本文として扱った: ス 市町村が実施する在宅医療・介護連携推進事業等において、在
注意: p.76: 番号「セ」が並びに合わない（直前は「ツ」）→ 本文として扱った: セ 在宅療養移行加算を算定する診療所の往診体制及び連絡体制の
注意: p.76: 番号「ソ」が並びに合わない（直前は「ツ」）→ 本文として扱った: ソ 当該診療所において、厚生労働省「人生の最終段階における医
注意: p.76: 番号「タ」が並びに合わない（直前は「ツ」）→ 本文として扱った: タ 当該診療所において、当該診療所の管理栄養士又は当該診療所
注意: p.76: 番号「チ」が並びに合わない（直前は「ツ」）→ 本文として扱った: チ 地域において、介護保険施設等から協力医療機関となることを
注意: p.76: 番号「ツ」が重複している（原本の誤植と思われる）: ツ 各年度５月から７月の訪問診療を実施した回数が 2,100
注意: p.76: 番号「ア」が並びに合わない（直前は「ツ」）→ 本文として扱った: ア 当該診療所において、24時間連絡を受ける保険医又は看護職
注意: p.76: 番号「イ」が並びに合わない（直前は「ツ」）→ 本文として扱った: イ 当該診療所において、又は別の保険医療機関の保険医との連携
注意: p.77: 番号「ウ」が並びに合わない（直前は「ツ」）→ 本文として扱った: ウ 当該診療所において、又は別の保険医療機関若しくは訪問看護
注意: p.77: 番号「エ」が並びに合わない（直前は「ツ」）→ 本文として扱った: エ 当該診療所において、又は別の保険医療機関との連携により、
注意: p.77: 番号「オ」が並びに合わない（直前は「ツ」）→ 本文として扱った: オ 他の保険医療機関又は訪問看護ステーションと連携する場合に
注意: p.77: 番号「カ」が並びに合わない（直前は「ツ」）→ 本文として扱った: カ 患者に関する診療記録管理を行うにつき必要な体制が整備され
注意: p.77: 番号「キ」が並びに合わない（直前は「ツ」）→ 本文として扱った: キ 当該地域において、他の保健医療サービス及び福祉サービスと
注意: p.77: 番号「ク」が並びに合わない（直前は「ツ」）→ 本文として扱った: ク 年に１回、在宅看取り数等を別添２の様式11の３を用いて、
注意: p.77: 番号「ケ」が並びに合わない（直前は「ツ」）→ 本文として扱った: ケ 直近１か月に初診、再診、往診又は訪問診療を実施した患者の
注意: p.77: 番号「コ」が並びに合わない（直前は「ツ」）→ 本文として扱った: コ 当該診療所において、厚生労働省「人生の最終段階における医
注意: p.77: 番号「サ」が並びに合わない（直前は「ツ」）→ 本文として扱った: サ 当該診療所において、当該診療所の管理栄養士又は当該診療所
注意: p.77: 番号「シ」が並びに合わない（直前は「ツ」）→ 本文として扱った: シ 地域において、介護保険施設等から協力医療機関となることを
注意: p.78: 番号「ア」が並びに合わない（直前は「オ」）→ 本文として扱った: ア １の(３)に規定する在宅療養支援診療所であって、過去１年
注意: p.78: 番号「イ」が並びに合わない（直前は「オ」）→ 本文として扱った: イ 第４の２がん性疼痛緩和指導管理料の施設基準に定める「がん
注意: p.81: 番号「ア」が並びに合わない（直前は「コ」）→ 本文として扱った: ア 下部尿路機能障害を有する患者の診療について経験を有する医
注意: p.81: 番号「イ」が並びに合わない（直前は「コ」）→ 本文として扱った: イ 下部尿路機能障害を有する患者の看護に従事した経験を３年以
注意: p.81: 番号「ウ」が並びに合わない（直前は「コ」）→ 本文として扱った: ウ 下部尿路機能障害を有する患者のリハビリテーション等の経験
注意: p.82: 番号「ア」が並びに合わない（直前は「コ」）→ 本文として扱った: ア 国又は医療関係団体等が主催する研修であること。
注意: p.82: 番号「イ」が並びに合わない（直前は「コ」）→ 本文として扱った: イ 下部尿路機能障害の病態、診断、治療、予防及びケアの内容が
注意: p.82: 番号「ウ」が並びに合わない（直前は「コ」）→ 本文として扱った: ウ 通算して６時間以上のものであること。
注意: p.82: 番号「ア」が並びに合わない（直前は「コ」）→ 本文として扱った: ア 国又は医療関係団体等が主催する研修であること。
注意: p.82: 番号「イ」が並びに合わない（直前は「コ」）→ 本文として扱った: イ 下部尿路機能障害の病態生理、その治療と予防、評価方法、排
注意: p.82: 番号「ウ」が並びに合わない（直前は「コ」）→ 本文として扱った: ウ 排尿日誌による評価、エコーを用いた残尿測定、排泄用具の使
注意: p.82: 番号「エ」が並びに合わない（直前は「コ」）→ 本文として扱った: エ 通算して16時間以上のものであること。
注意: p.84: 番号「ア」が並びに合わない（直前は「コ」）→ 本文として扱った: ア 講義等により次の内容を含むものであること。
注意: p.84: 番号「イ」が並びに合わない（直前は「コ」）→ 本文として扱った: イ 自殺未遂者支援の根拠となる自殺対策基本法等について学ぶ項
注意: p.84: 番号「ウ」が並びに合わない（直前は「コ」）→ 本文として扱った: ウ うつ病等のスクリーニング法を症例検討等により実践的に学ぶ
注意: p.84: 番号「エ」が並びに合わない（直前は「コ」）→ 本文として扱った: エ 自殺ハイリスク患者に関する症例を用いた講師者・受講者によ
注意: p.89: 番号「ア」が並びに合わない（直前は「コ」）→ 本文として扱った: ア 過去１年間に歯周病安定期治療又は歯周病重症化予防治療をあ
注意: p.89: 番号「イ」が並びに合わない（直前は「コ」）→ 本文として扱った: イ 過去１年間にエナメル質初期う蝕管理料又は根面う蝕管理料を
注意: p.89: 番号「ウ」が並びに合わない（直前は「コ」）→ 本文として扱った: ウ 歯科点数表の初診料の注１に規定する施設基準を届け出ている
注意: p.89: 番号「エ」が並びに合わない（直前は「コ」）→ 本文として扱った: エ 在宅療養支援歯科診療所１又は２の施設基準に係る届出を行っ
注意: p.90: 番号「ア」が並びに合わない（直前は「コ」）→ 本文として扱った: ア 過去１年間の歯科訪問診療１、歯科訪問診療２若しくは歯科訪
注意: p.90: 番号「イ」が並びに合わない（直前は「コ」）→ 本文として扱った: イ 連携する歯科訪問診療を行う別の医療機関や地域の在宅医療の
注意: p.90: 番号「ア」が並びに合わない（直前は「コ」）→ 本文として扱った: ア 過去１年間に、居宅療養管理指導を提供した実績があること。
注意: p.90: 番号「イ」が並びに合わない（直前は「コ」）→ 本文として扱った: イ 地域ケア会議に年１回以上出席していること。
注意: p.90: 番号「ウ」が並びに合わない（直前は「コ」）→ 本文として扱った: ウ 介護認定審査会の委員の経験を有すること。
注意: p.90: 番号「エ」が並びに合わない（直前は「コ」）→ 本文として扱った: エ 在宅医療に関するサービス担当者会議や病院・診療所・介護保
注意: p.90: 番号「オ」が並びに合わない（直前は「コ」）→ 本文として扱った: オ 過去１年間に、在宅歯科栄養サポートチーム等連携指導料を算
注意: p.90: 番号「カ」が並びに合わない（直前は「コ」）→ 本文として扱った: カ 在宅医療又は介護に関する研修を受講していること。
注意: p.90: 番号「キ」が並びに合わない（直前は「コ」）→ 本文として扱った: キ 過去１年間に、退院時共同指導料１、在宅歯科医療連携加算１
注意: p.90: 番号「ク」が並びに合わない（直前は「コ」）→ 本文として扱った: ク 認知症対応力向上研修等、認知症に関する研修を受講している
注意: p.90: 番号「ケ」が並びに合わない（直前は「コ」）→ 本文として扱った: ケ 過去１年間に福祉型障害児入所施設、医療型障害児入所施設、
注意: p.90: 番号「コ」が重複している（原本の誤植と思われる）: コ 自治体が実施する事業（ケに該当するものを除く。）に協力し
注意: p.91: 番号「ア」が並びに合わない（直前は「シ」）→ 本文として扱った: ア 自動体外式除細動器（ＡＥＤ）
注意: p.91: 番号「イ」が並びに合わない（直前は「シ」）→ 本文として扱った: イ 経皮的動脈血酸素飽和度測定器（パルスオキシメーター）
注意: p.91: 番号「ウ」が並びに合わない（直前は「シ」）→ 本文として扱った: ウ 酸素供給装置
注意: p.91: 番号「エ」が並びに合わない（直前は「シ」）→ 本文として扱った: エ 血圧計
注意: p.91: 番号「オ」が並びに合わない（直前は「シ」）→ 本文として扱った: オ 救急蘇生セット
注意: p.91: 番号「カ」が並びに合わない（直前は「シ」）→ 本文として扱った: カ 歯科用吸引装置
注意: p.93: 番号「ア」が並びに合わない（直前は「コ」）→ 本文として扱った: ア 過去１年間に歯科訪問診療１、歯科訪問診療２又は歯科訪問診
注意: p.93: 番号「イ」が並びに合わない（直前は「コ」）→ 本文として扱った: イ (１)のイからオまで及びケのいずれにも該当すること。
注意: p.93: 番号「ウ」が並びに合わない（直前は「コ」）→ 本文として扱った: ウ 当該診療所において、過去１年間の在宅医療を担う他の保険医
注意: p.93: 番号「エ」が並びに合わない（直前は「コ」）→ 本文として扱った: エ 年に１回、歯科訪問診療の患者数等を別添２の様式18の２を
注意: p.95: 番号「ア」が並びに合わない（直前は「シ」）→ 本文として扱った: ア 許可病床数が200床（「基本診療料の施設基準等」別表第６
注意: p.95: 番号「イ」が並びに合わない（直前は「シ」）→ 本文として扱った: イ 在宅医療を担当する常勤の医師が３名以上配置されていること
注意: p.95: 番号「ウ」が並びに合わない（直前は「シ」）→ 本文として扱った: ウ 当該病院において、24時間連絡を受ける担当者をあらかじめ
注意: p.95: 番号「エ」が並びに合わない（直前は「シ」）→ 本文として扱った: エ 当該病院において、患家の求めに応じて、24時間往診が可能
注意: p.95: 番号「オ」が並びに合わない（直前は「シ」）→ 本文として扱った: オ 往診を担当する医師は当該保険医療機関の当直体制を担う医師
注意: p.96: 番号「カ」が並びに合わない（直前は「シ」）→ 本文として扱った: カ 当該病院において、又は訪問看護ステーションの看護師等との
注意: p.96: 番号「キ」が並びに合わない（直前は「シ」）→ 本文として扱った: キ 当該病院において、緊急時に在宅での療養を行っている患者が
注意: p.96: 番号「ク」が並びに合わない（直前は「シ」）→ 本文として扱った: ク 訪問看護ステーションと連携する場合には、当該訪問看護ステ
注意: p.96: 番号「ケ」が並びに合わない（直前は「シ」）→ 本文として扱った: ケ 患者に関する診療記録管理を行うにつき必要な体制が整備され
注意: p.96: 番号「コ」が並びに合わない（直前は「シ」）→ 本文として扱った: コ 当該地域において、他の保健医療サービス及び福祉サービスと
注意: p.96: 番号「サ」が並びに合わない（直前は「シ」）→ 本文として扱った: サ 年に１回、在宅看取り数及び地域ケア会議等への出席状況等を
注意: p.96: 番号「シ」が重複している（原本の誤植と思われる）: シ 以下のいずれかの要件を満たすこと。
注意: p.97: 番号「ア」が並びに合わない（直前は「テ」）→ 本文として扱った: ア 許可病床数が200床（「基本診療料の施設基準等」別表第６
注意: p.97: 番号「イ」が並びに合わない（直前は「テ」）→ 本文として扱った: イ 当該在宅支援連携体制を構築する他の保険医療機関と併せて、
注意: p.97: 番号「ウ」が並びに合わない（直前は「テ」）→ 本文として扱った: ウ 当該在宅支援連携体制を構築する他の保険医療機関と協力して
注意: p.97: 番号「エ」が並びに合わない（直前は「テ」）→ 本文として扱った: エ 当該在宅支援連携体制を構築する他の保険医療機関と協力して
注意: p.98: 番号「オ」が並びに合わない（直前は「テ」）→ 本文として扱った: オ 往診を担当する医師は当該保険医療機関の当直体制を担う医師
注意: p.98: 番号「カ」が並びに合わない（直前は「テ」）→ 本文として扱った: カ 当該病院又は当該在宅支援連携体制を構築する他の保険医療機
注意: p.98: 番号「キ」が並びに合わない（直前は「テ」）→ 本文として扱った: キ 当該病院において、緊急時に在宅での療養を行っている患者が
注意: p.98: 番号「ク」が並びに合わない（直前は「テ」）→ 本文として扱った: ク 当該在宅支援連携体制を構築する他の保険医療機関又は訪問看
注意: p.98: 番号「ケ」が並びに合わない（直前は「テ」）→ 本文として扱った: ケ 患者に関する診療記録管理を行うにつき必要な体制が整備され
注意: p.98: 番号「コ」が並びに合わない（直前は「テ」）→ 本文として扱った: コ 当該地域において、他の保健医療サービス及び福祉サービスと
注意: p.98: 番号「サ」が並びに合わない（直前は「テ」）→ 本文として扱った: サ 年に１回、在宅看取り数及び地域ケア会議等への出席状況等を
注意: p.98: 番号「シ」が並びに合わない（直前は「テ」）→ 本文として扱った: シ 以下のいずれかの要件を満たすこと。
注意: p.98: 番号「ス」が並びに合わない（直前は「テ」）→ 本文として扱った: ス 当該在宅支援連携体制を構築する他の保険医療機関と併せて、
注意: p.99: 番号「セ」が並びに合わない（直前は「テ」）→ 本文として扱った: セ 市町村が実施する在宅医療・介護連携推進事業等において、在
注意: p.99: 番号「ソ」が並びに合わない（直前は「テ」）→ 本文として扱った: ソ 在宅療養移行加算を算定する診療所の往診体制及び連絡体制の
注意: p.99: 番号「タ」が並びに合わない（直前は「テ」）→ 本文として扱った: タ 当該保険医療機関において、厚生労働省「人生の最終段階にお
注意: p.99: 番号「チ」が並びに合わない（直前は「テ」）→ 本文として扱った: チ 当該病院において、当該病院の管理栄養士により、医師が栄養
注意: p.99: 番号「ツ」が並びに合わない（直前は「テ」）→ 本文として扱った: ツ 地域において、介護保険施設等から協力医療機関となることを
注意: p.99: 番号「テ」が重複している（原本の誤植と思われる）: テ 各年度５月から７月の訪問診療を実施した回数が2,100回
注意: p.99: 番号「ア」が並びに合わない（直前は「テ」）→ 本文として扱った: ア 許可病床数が200床（「基本診療料の施設基準等」別表第６
注意: p.99: 番号「イ」が並びに合わない（直前は「テ」）→ 本文として扱った: イ 当該病院において、24時間連絡を受ける担当者をあらかじめ
注意: p.100: 番号「ウ」が並びに合わない（直前は「テ」）→ 本文として扱った: ウ 当該病院において、患家の求めに応じて、24時間往診が可能
注意: p.100: 番号「エ」が並びに合わない（直前は「テ」）→ 本文として扱った: エ 往診を担当する医師は当該保険医療機関の当直体制を担う医師
注意: p.100: 番号「オ」が並びに合わない（直前は「テ」）→ 本文として扱った: オ 当該病院において又は訪問看護ステーションの看護師等との連
注意: p.100: 番号「カ」が並びに合わない（直前は「テ」）→ 本文として扱った: カ 当該病院において、緊急時に在宅での療養を行っている患者が
注意: p.100: 番号「キ」が並びに合わない（直前は「テ」）→ 本文として扱った: キ 訪問看護ステーションと連携する場合には、当該訪問看護ステ
注意: p.100: 番号「ク」が並びに合わない（直前は「テ」）→ 本文として扱った: ク 患者に関する診療記録管理を行うにつき必要な体制が整備され
注意: p.100: 番号「ケ」が並びに合わない（直前は「テ」）→ 本文として扱った: ケ 当該地域において、他の保健医療サービス及び福祉サービスと
注意: p.100: 番号「コ」が並びに合わない（直前は「テ」）→ 本文として扱った: コ 年に１回、在宅看取り数等を別添２の様式11の３を用いて、
注意: p.100: 番号「サ」が並びに合わない（直前は「テ」）→ 本文として扱った: サ 当該保険医療機関において、厚生労働省「人生の最終段階にお
注意: p.100: 番号「シ」が並びに合わない（直前は「テ」）→ 本文として扱った: シ 当該病院において、当該病院の管理栄養士により、医師が栄養
注意: p.100: 番号「ス」が並びに合わない（直前は「テ」）→ 本文として扱った: ス 地域において、介護保険施設等から協力医療機関となることを
注意: p.101: 番号「ア」が並びに合わない（直前は「テ」）→ 本文として扱った: ア 直近３月に訪問診療を行った回数（別表第七に掲げる別に厚生
注意: p.101: 番号「イ」が並びに合わない（直前は「テ」）→ 本文として扱った: イ 直近３月に訪問診療を行った患者の数（別表第七に掲げる別に
注意: p.101: 番号「ア」が並びに合わない（直前は「テ」）→ 本文として扱った: ア 経皮的動脈血酸素飽和度測定器（パルスオキシメーター）
注意: p.102: 番号「イ」が並びに合わない（直前は「テ」）→ 本文として扱った: イ 酸素供給装置
注意: p.102: 番号「ウ」が並びに合わない（直前は「テ」）→ 本文として扱った: ウ 救急蘇生セット
注意: p.103: 番号「ア」が並びに合わない（直前は「テ」）→ 本文として扱った: ア 介護保険施設等において、当該往診医療機関が往診を行う場合
注意: p.103: 番号「イ」が並びに合わない（直前は「テ」）→ 本文として扱った: イ 往診を受ける患者が入所している介護保険施設等と当該往診医
注意: p.103: 番号「ア」が並びに合わない（直前は「テ」）→ 本文として扱った: ア 介護老人保健施設、介護医療院及び特別養護老人ホーム（以下
注意: p.103: 番号「イ」が並びに合わない（直前は「テ」）→ 本文として扱った: イ 当該保険医療機関において、24時間連絡を受ける担当者をあ
注意: p.103: 番号「ウ」が並びに合わない（直前は「テ」）→ 本文として扱った: ウ 当該保険医療機関において、当該介護保険施設等の求めに応じ
注意: p.103: 番号「ア」が並びに合わない（直前は「テ」）→ 本文として扱った: ア 次の（イ）及び（ロ）に該当していること。
注意: p.104: 番号「イ」が並びに合わない（直前は「テ」）→ 本文として扱った: イ 往診を行う患者が入所している介護保険施設等と当該介護保険
注意: p.104: 番号「ア」が並びに合わない（直前は「テ」）→ 本文として扱った: ア 医師が居宅同意取得型のオンライン資格確認等システムにより
注意: p.104: 番号「イ」が並びに合わない（直前は「テ」）→ 本文として扱った: イ マイナ保険証の利用を促進する等、医療ＤＸを通じて質の高い
注意: p.105: 番号「ウ」が並びに合わない（直前は「テ」）→ 本文として扱った: ウ 電子処方箋の発行及び電子カルテ情報共有サービスなどの医療
注意: p.110: 番号「ア」が並びに合わない（直前は「テ」）→ 本文として扱った: ア 国又は医療関係団体等が主催する研修であること（600時間
注意: p.110: 番号「イ」が並びに合わない（直前は「テ」）→ 本文として扱った: イ 緩和ケアのための専門的な知識・技術を有する看護師の養成を
注意: p.110: 番号「ウ」が並びに合わない（直前は「テ」）→ 本文として扱った: ウ 講義及び演習により、次の内容を含むものであること。
注意: p.111: 番号「ア」が並びに合わない（直前は「テ」）→ 本文として扱った: ア 国又は医療関係団体等が主催する研修であって、褥瘡管理者と
注意: p.111: 番号「イ」が並びに合わない（直前は「テ」）→ 本文として扱った: イ 講義及び演習等により、褥瘡予防管理のためのリスクアセスメ
注意: p.111: 番号「ア」が並びに合わない（直前は「テ」）→ 本文として扱った: ア 国又は医療関係団体等が主催する研修であって、必要な人工肛
注意: p.111: 番号「イ」が並びに合わない（直前は「テ」）→ 本文として扱った: イ 講義及び演習等により、人工肛門及び人工膀胱管理のための皮
注意: p.111: 番号「ア」が並びに合わない（直前は「テ」）→ 本文として扱った: ア 在宅患者訪問看護・指導料３又は同一建物居住者訪問看護・指
注意: p.111: 番号「イ」が並びに合わない（直前は「テ」）→ 本文として扱った: イ 在宅患者訪問看護・指導料の注６（同一建物居住者訪問看護・
注意: p.111: 番号「ウ」が並びに合わない（直前は「テ」）→ 本文として扱った: ウ 特掲診療料の施設基準等別表第七に掲げる疾病等の患者につい
注意: p.111: 番号「エ」が並びに合わない（直前は「テ」）→ 本文として扱った: エ 在宅患者訪問看護・指導料の注10（同一建物居住者訪問看護
注意: p.111: 番号「オ」が並びに合わない（直前は「テ」）→ 本文として扱った: オ 退院時共同指導料１又は２の前年度の算定回数が計25回以上
注意: p.111: 番号「カ」が並びに合わない（直前は「テ」）→ 本文として扱った: カ 開放型病院共同指導料(Ⅰ)又は(Ⅱ)の前年度の算定回数が
注意: p.112: 番号「ア」が並びに合わない（直前は「テ」）→ 本文として扱った: ア 緩和ケアに係る専門の研修
注意: p.112: 番号「イ」が並びに合わない（直前は「テ」）→ 本文として扱った: イ 褥瘡ケアに係る専門の研修
注意: p.112: 番号「ウ」が並びに合わない（直前は「テ」）→ 本文として扱った: ウ 人工肛門ケア及び人工膀胱ケアに係る専門の研修
注意: p.112: 番号「ア」が並びに合わない（直前は「テ」）→ 本文として扱った: ア 気管カニューレの交換
注意: p.112: 番号「イ」が並びに合わない（直前は「テ」）→ 本文として扱った: イ 胃ろうカテーテル若しくは腸ろうカテーテル又は胃ろうボタン
注意: p.112: 番号「ウ」が並びに合わない（直前は「テ」）→ 本文として扱った: ウ 膀胱ろうカテーテルの交換
注意: p.112: 番号「エ」が並びに合わない（直前は「テ」）→ 本文として扱った: エ 褥瘡又は慢性創傷の治療における血流のない壊死組織の除去
注意: p.112: 番号「オ」が並びに合わない（直前は「テ」）→ 本文として扱った: オ 創傷に対する陰圧閉鎖療法
注意: p.112: 番号「カ」が並びに合わない（直前は「テ」）→ 本文として扱った: カ 持続点滴中の高カロリー輸液の投与量の調整
注意: p.112: 番号「キ」が並びに合わない（直前は「テ」）→ 本文として扱った: キ 脱水症状に対する輸液による補正
注意: p.112: 番号「ア」が並びに合わない（直前は「テ」）→ 本文として扱った: ア 看護師等が居宅同意取得型のオンライン資格確認等システムに
注意: p.112: 番号「イ」が並びに合わない（直前は「テ」）→ 本文として扱った: イ マイナ保険証の利用を促進する等、医療ＤＸを通じて質の高い
注意: p.114: 番号「ア」が並びに合わない（直前は「テ」）→ 本文として扱った: ア 常勤の医師
注意: p.114: 番号「イ」が並びに合わない（直前は「テ」）→ 本文として扱った: イ 保健師、助産師、看護師又は准看護師
注意: p.114: 番号「ウ」が並びに合わない（直前は「テ」）→ 本文として扱った: ウ 管理栄養士
注意: p.114: 番号「ア」が並びに合わない（直前は「テ」）→ 本文として扱った: ア ５年以上医師又は看護師として医療に従事し、褥瘡対策につい
注意: p.114: 番号「イ」が並びに合わない（直前は「テ」）→ 本文として扱った: イ 在宅褥瘡ケアに係る所定の研修を修了している者
注意: p.115: 番号「ア」が並びに合わない（直前は「テ」）→ 本文として扱った: ア 管理の基本
注意: p.115: 番号「イ」が並びに合わない（直前は「テ」）→ 本文として扱った: イ 褥瘡の概要
注意: p.115: 番号「ウ」が並びに合わない（直前は「テ」）→ 本文として扱った: ウ 褥瘡の予防方法
注意: p.115: 番号「エ」が並びに合わない（直前は「テ」）→ 本文として扱った: エ 褥瘡の治療
注意: p.115: 番号「オ」が並びに合わない（直前は「テ」）→ 本文として扱った: オ 発生後の褥瘡ケア
注意: p.115: 番号「カ」が並びに合わない（直前は「テ」）→ 本文として扱った: カ 在宅褥瘡医療の推進
注意: p.117: 番号「ア」が並びに合わない（直前は「テ」）→ 本文として扱った: ア 糖尿病の治療に関し、専門の知識及び少なくとも５年以上の経
注意: p.117: 番号「イ」が並びに合わない（直前は「テ」）→ 本文として扱った: イ 持続皮下インスリン注入療法を行っている保険医療機関である
注意: p.118: 番号「ア」が並びに合わない（直前は「テ」）→ 本文として扱った: ア 糖尿病の治療に関し、専門の知識及び５年以上の経験を有し、
注意: p.118: 番号「イ」が並びに合わない（直前は「テ」）→ 本文として扱った: イ 持続皮下インスリン注入療法を行っている保険医療機関である
注意: p.118: 番号「ウ」が並びに合わない（直前は「テ」）→ 本文として扱った: ウ 糖尿病の治療に関し、持続皮下インスリン注入療法に従事した
注意: p.118: 番号「エ」が並びに合わない（直前は「テ」）→ 本文として扱った: エ ア及びウに掲げる適切な研修とは、次の事項に該当する研修の
注意: p.120: 番号「ア」が並びに合わない（直前は「オ」）→ 本文として扱った: ア 産婦人科、産科又は婦人科を標榜する保険医療機関であること
注意: p.120: 番号「イ」が並びに合わない（直前は「オ」）→ 本文として扱った: イ 専ら産婦人科、産科又は婦人科に従事し、当該診療科について
注意: p.120: 番号「ウ」が並びに合わない（直前は「オ」）→ 本文として扱った: ウ 看護師が配置されていること。
注意: p.120: 番号「エ」が並びに合わない（直前は「オ」）→ 本文として扱った: エ 緊急手術が可能な体制を有していること。ただし、緊急手術が
注意: p.120: 番号「オ」が重複している（原本の誤植と思われる）: オ 遺伝カウンセリング加算の施設基準に係る届出を行っているこ
注意: p.121: 番号「ア」が並びに合わない（直前は「オ」）→ 本文として扱った: ア 内科又は小児科を標榜する保険医療機関であること。
注意: p.121: 番号「イ」が並びに合わない（直前は「オ」）→ 本文として扱った: イ 内科又は小児科の５年以上の経験を有する常勤の医師が配置さ
注意: p.121: 番号「ウ」が並びに合わない（直前は「オ」）→ 本文として扱った: ウ 血液内科の経験を５年以上有している常勤医師が３名以上配置
注意: p.121: 番号「エ」が並びに合わない（直前は「オ」）→ 本文として扱った: エ 関係学会により認定された施設であること。
注意: p.121: 番号「オ」が重複している（原本の誤植と思われる）: オ 関係学会の定める遺伝子関連検査検体品質管理マニュアルを遵
注意: p.121: 番号「ア」が並びに合わない（直前は「オ」）→ 本文として扱った: ア 内科又は小児科を標榜する保険医療機関であること。
注意: p.121: 番号「イ」が並びに合わない（直前は「オ」）→ 本文として扱った: イ 内科又は小児科の５年以上の経験を有する常勤の医師が配置さ
注意: p.121: 番号「ウ」が並びに合わない（直前は「オ」）→ 本文として扱った: ウ 血液内科の経験を５年以上有している常勤医師が１名以上配置
注意: p.121: 番号「エ」が並びに合わない（直前は「オ」）→ 本文として扱った: エ (１)を全て満たすものとして地方厚生（支）局長に届出を行
注意: p.122: 番号「ア」が並びに合わない（直前は「オ」）→ 本文として扱った: ア 検査を実施した者の氏名及びＩＤ
注意: p.122: 番号「イ」が並びに合わない（直前は「オ」）→ 本文として扱った: イ 検体を衛生検査所等に発送した年月日
注意: p.122: 番号「ウ」が並びに合わない（直前は「オ」）→ 本文として扱った: ウ 衛生検査所等からの解析結果の受取の有無及び受け取った年月
注意: p.122: 番号「エ」が並びに合わない（直前は「オ」）→ 本文として扱った: エ エキスパートパネルが開催された年月日
注意: p.122: 番号「オ」が重複している（原本の誤植と思われる）: オ エキスパートパネルから検査結果を受け取った年月日
注意: p.123: 番号「ア」が並びに合わない（直前は「ケ」）→ 本文として扱った: ア 眼科を標榜している病院であること。
注意: p.123: 番号「イ」が並びに合わない（直前は「ケ」）→ 本文として扱った: イ 眼科の経験を５年以上有する常勤の医師が１名以上配置されて
注意: p.123: 番号「ウ」が並びに合わない（直前は「ケ」）→ 本文として扱った: ウ 常勤の臨床検査技師が配置されていること。
注意: p.123: 番号「エ」が並びに合わない（直前は「ケ」）→ 本文として扱った: エ 当該検査に用いる医療機器について、適切に保守管理がなされ
注意: p.123: 番号「オ」が並びに合わない（直前は「ケ」）→ 本文として扱った: オ 「Ｄ０２６」検体検査判断料の「注６」遺伝カウンセリング加
注意: p.123: 番号「ア」が並びに合わない（直前は「ケ」）→ 本文として扱った: ア 眼科を標榜している病院であること。
注意: p.123: 番号「イ」が並びに合わない（直前は「ケ」）→ 本文として扱った: イ 眼科の経験を５年以上有する常勤の医師が１名以上配置されて
注意: p.123: 番号「ウ」が並びに合わない（直前は「ケ」）→ 本文として扱った: ウ 「Ｄ０２６」検体検査判断料の「注６」遺伝カウンセリング加
注意: p.123: 番号「エ」が並びに合わない（直前は「ケ」）→ 本文として扱った: エ (１)を全て満たすものとして地方厚生（支）局長に届出を行
注意: p.124: 番号「ア」が並びに合わない（直前は「ケ」）→ 本文として扱った: ア 「Ｂ００１」の「33」生殖補助医療管理料の生殖補助医療管
注意: p.124: 番号「イ」が並びに合わない（直前は「ケ」）→ 本文として扱った: イ 「Ｋ８３８－２」精巣内精子採取術
注意: p.125: 番号「ア」が並びに合わない（直前は「ケ」）→ 本文として扱った: ア 「Ｂ００１」の「25」移植後患者指導管理料（臓器移植後の
注意: p.125: 番号「イ」が並びに合わない（直前は「ケ」）→ 本文として扱った: イ 関係学会の作成する指針を遵守し検査を実施していること。
注意: p.125: 番号「ア」が並びに合わない（直前は「ケ」）→ 本文として扱った: ア 「Ｂ００１」の「25」移植後患者指導管理料（臓器移植後の
注意: p.125: 番号「イ」が並びに合わない（直前は「ケ」）→ 本文として扱った: イ (１)を全て満たすものとして地方厚生（支）局長に届出を行
注意: p.126: 番号「ア」が並びに合わない（直前は「テ」）→ 本文として扱った: ア 「Ａ３００」救命救急入院料の「１」から「４」までのいずれ
注意: p.126: 番号「イ」が並びに合わない（直前は「テ」）→ 本文として扱った: イ 「Ａ３０１」特定集中治療室管理料の「１」から「６」までの
注意: p.126: 番号「ウ」が並びに合わない（直前は「テ」）→ 本文として扱った: ウ 「Ａ３０１－４」小児特定集中治療室管理料の「１」又は「２
注意: p.126: 番号「エ」が並びに合わない（直前は「テ」）→ 本文として扱った: エ 「Ａ３０２」新生児特定集中治療室管理料の「１」又は「２」
注意: p.126: 番号「オ」が並びに合わない（直前は「テ」）→ 本文として扱った: オ 「Ａ３０３」総合周産期特定集中治療室管理料の「２」新生児
注意: p.126: 番号「ア」が並びに合わない（直前は「テ」）→ 本文として扱った: ア 小児においては、日本小児呼吸器学会及び日本小児感染症学会
注意: p.126: 番号「イ」が並びに合わない（直前は「テ」）→ 本文として扱った: イ 成人においては、日本呼吸器学会の「成人肺炎診療ガイドライ
注意: p.127: 番号「ア」が並びに合わない（直前は「テ」）→ 本文として扱った: ア 「Ａ３００」救命救急入院料の「１」から「４」までのいずれ
注意: p.127: 番号「イ」が並びに合わない（直前は「テ」）→ 本文として扱った: イ 「Ａ３０１」特定集中治療室管理料の「１」から「６」までの
注意: p.127: 番号「ウ」が並びに合わない（直前は「テ」）→ 本文として扱った: ウ 「Ａ３０１－４」小児特定集中治療室管理料の「１」又は「２
注意: p.127: 番号「エ」が並びに合わない（直前は「テ」）→ 本文として扱った: エ 「Ａ３０２」新生児特定集中治療室管理料の「１」又は「２」
注意: p.127: 番号「オ」が並びに合わない（直前は「テ」）→ 本文として扱った: オ 「Ａ３０３」総合周産期特定集中治療室管理料の「２」新生児
注意: p.128: 番号「ア」が並びに合わない（直前は「テ」）→ 本文として扱った: ア 血液学的検査のうち末梢血液一般検査
注意: p.128: 番号「イ」が並びに合わない（直前は「テ」）→ 本文として扱った: イ 生化学的検査のうち次に掲げるもの
注意: p.128: 番号「ウ」が並びに合わない（直前は「テ」）→ 本文として扱った: ウ 免疫学的検査のうち以下に掲げるもの
注意: p.128: 番号「エ」が並びに合わない（直前は「テ」）→ 本文として扱った: エ 微生物学的検査のうち以下に掲げるもの
注意: p.130: 番号「ア」が並びに合わない（直前は「テ」）→ 本文として扱った: ア 生化学的検査のうち、血液ガス分析
注意: p.130: 番号「イ」が並びに合わない（直前は「テ」）→ 本文として扱った: イ 画像診断のうち、単純撮影（胸部）
注意: p.137: 番号「ア」が並びに合わない（直前は「イ」）→ 本文として扱った: ア 次のうちいずれかの基準を満たしていること。
注意: p.138: 番号「イ」が重複している（原本の誤植と思われる）: イ 次のうちいずれかに該当すること。
注意: p.138: 番号「ア」が並びに合わない（直前は「イ」）→ 本文として扱った: ア コンタクトレンズ検査料１の施設基準のうち「ア」を満たして
注意: p.138: 番号「イ」が重複している（原本の誤植と思われる）: イ コンタクトレンズ検査料１の施設基準のうち「イ」に該当しな
注意: p.138: 番号「ア」が並びに合わない（直前は「イ」）→ 本文として扱った: ア コンタクトレンズ検査料１の施設基準のうち「ア」を満たして
注意: p.138: 番号「イ」が重複している（原本の誤植と思われる）: イ コンタクトレンズ検査料１の施設基準のうち「イ」に該当する
注意: p.139: 番号「ア」が並びに合わない（直前は「テ」）→ 本文として扱った: ア 「Ｄ４１２－３」経頸静脈的肝生検
注意: p.139: 番号「イ」が並びに合わない（直前は「テ」）→ 本文として扱った: イ 「Ｋ６１５」血管塞栓術（頭部、胸腔、腹腔内血管等）
注意: p.139: 番号「ウ」が並びに合わない（直前は「テ」）→ 本文として扱った: ウ 「Ｋ６６８―２」バルーン閉塞下逆行性経静脈的塞栓術
注意: p.141: 番号「ア」が並びに合わない（直前は「テ」）→ 本文として扱った: ア 歯科補綴治療に係る専門の知識及び３年以上の経験を有する歯
注意: p.141: 番号「イ」が並びに合わない（直前は「テ」）→ 本文として扱った: イ 当該保険医療機関内に歯科用下顎運動測定器（非接触型）及び
注意: p.141: 番号「ア」が並びに合わない（直前は「テ」）→ 本文として扱った: ア 歯科補綴治療に係る専門の知識及び３年以上の経験を有する歯
注意: p.141: 番号「イ」が並びに合わない（直前は「テ」）→ 本文として扱った: イ 当該保険医療機関内に咀嚼能率測定用のグルコース分析装置を
注意: p.141: 番号「ア」が並びに合わない（直前は「テ」）→ 本文として扱った: ア 歯科補綴治療に係る専門の知識及び３年以上の経験を有する歯
注意: p.141: 番号「イ」が並びに合わない（直前は「テ」）→ 本文として扱った: イ 当該保険医療機関内に歯科用下顎運動測定器（非接触型）及び
注意: p.141: 番号「ア」が並びに合わない（直前は「テ」）→ 本文として扱った: ア 歯科補綴治療に係る専門の知識及び３年以上の経験を有する歯
注意: p.141: 番号「イ」が並びに合わない（直前は「テ」）→ 本文として扱った: イ 当該保険医療機関内に歯科用咬合力計を備えていること。
注意: p.145: 番号「ア」が並びに合わない（直前は「イ」）→ 本文として扱った: ア 画像診断管理加算１、２、３又は４に関する施設基準を満たす
注意: p.145: 番号「イ」が重複している（原本の誤植と思われる）: イ 特定機能病院、臨床研修指定病院、へき地医療拠点病院又は基
注意: p.147: 番号「ア」が並びに合わない（直前は「テ」）→ 本文として扱った: ア 画像診断管理加算２、３又は４に関する基準を満たすこと。
注意: p.147: 番号「イ」が並びに合わない（直前は「テ」）→ 本文として扱った: イ 以下のいずれも満たすものであること。
注意: p.147: 番号「ア」が並びに合わない（直前は「テ」）→ 本文として扱った: ア 許可病床数が200床以上の病院であること。
注意: p.147: 番号「イ」が並びに合わない（直前は「テ」）→ 本文として扱った: イ 循環器内科及び放射線科を標榜している保険医療機関であるこ
注意: p.147: 番号「ウ」が並びに合わない（直前は「テ」）→ 本文として扱った: ウ ５年以上の循環器内科の経験を有する常勤の医師が２名以上配
注意: p.147: 番号「エ」が並びに合わない（直前は「テ」）→ 本文として扱った: エ ５年以上の心血管インターベンション治療の経験を有する常勤
注意: p.147: 番号「オ」が並びに合わない（直前は「テ」）→ 本文として扱った: オ 「Ｋ５４６」から「Ｋ５５０」までに掲げる手術を合わせて年
注意: p.147: 番号「カ」が並びに合わない（直前は「テ」）→ 本文として扱った: カ 冠動脈狭窄が認められた病変に対して冠動脈血流予備能測定検
注意: p.147: 番号「キ」が並びに合わない（直前は「テ」）→ 本文として扱った: キ 日本循環器学会の研修施設に該当し、かつ、日本心血管インタ
注意: p.151: 番号「①」が並びに合わない（直前は「③」）→ 本文として扱った: ① 経腸成分栄養剤
注意: p.151: 番号「②」が並びに合わない（直前は「③」）→ 本文として扱った: ② 特殊ミルク製剤
注意: p.151: 番号「③」が重複している（原本の誤植と思われる）: ③ 生薬（薬効分類番号510）
注意: p.153: 番号「ア」が並びに合わない（直前は「テ」）→ 本文として扱った: ア 動脈注射又は点滴注射が行われる入院中の患者のうち、白血病
注意: p.153: 番号「イ」が並びに合わない（直前は「テ」）→ 本文として扱った: イ 中心静脈注射又は植込型カテーテルによる中心静脈注射が行わ
注意: p.159: 番号「ア」が並びに合わない（直前は「オ」）→ 本文として扱った: ア 専任の常勤医師が１名以上勤務していること。なお、週３日以
注意: p.159: 番号「イ」が並びに合わない（直前は「オ」）→ 本文として扱った: イ 専従の常勤言語聴覚士が３名以上勤務していること。なお、第
注意: p.159: 番号「ウ」が並びに合わない（直前は「オ」）→ 本文として扱った: ウ 遮蔽等に配慮した専用の個別療法室（内法による測定で８平方
注意: p.159: 番号「エ」が並びに合わない（直前は「オ」）→ 本文として扱った: エ 言語聴覚療法に必要な、聴力検査機器、音声録音再生装置、ビ
注意: p.160: 番号「ア」が並びに合わない（直前は「テ」）→ 本文として扱った: ア 専従の常勤理学療法士が１名以上勤務していること。兼任の取
注意: p.160: 番号「イ」が並びに合わない（直前は「テ」）→ 本文として扱った: イ 専従の常勤作業療法士が１名以上勤務していること。兼任の取
注意: p.160: 番号「ウ」が並びに合わない（直前は「テ」）→ 本文として扱った: ウ 言語聴覚療法を行う場合は、専従の常勤言語聴覚士が１名以上
注意: p.160: 番号「エ」が並びに合わない（直前は「テ」）→ 本文として扱った: エ アからウまでの専従の従事者が合わせて４名以上勤務している
注意: p.160: 番号「オ」が並びに合わない（直前は「テ」）→ 本文として扱った: オ アからウまでの専従の従事者が、当該保険医療機関が行う通所
注意: p.161: 番号「ア」が並びに合わない（直前は「テ」）→ 本文として扱った: ア 専任の常勤医師が１名以上勤務していること。なお、週３日以
注意: p.161: 番号「イ」が並びに合わない（直前は「テ」）→ 本文として扱った: イ 専従の常勤言語聴覚士が２名以上勤務していること。第38の
注意: p.161: 番号「ウ」が並びに合わない（直前は「テ」）→ 本文として扱った: ウ 遮蔽等に配慮した専用の個別療法室（内法による測定で８平方
注意: p.161: 番号「エ」が並びに合わない（直前は「テ」）→ 本文として扱った: エ 言語聴覚療法に必要な聴力検査機器、音声録音再生装置、ビデ
注意: p.166: 番号「ア」が並びに合わない（直前は「テ」）→ 本文として扱った: ア 専従の常勤理学療法士が２名以上勤務していること。
注意: p.166: 番号「イ」が並びに合わない（直前は「テ」）→ 本文として扱った: イ 専従の常勤作業療法士が２名以上勤務していること。
注意: p.166: 番号「ウ」が並びに合わない（直前は「テ」）→ 本文として扱った: ウ 専従の常勤理学療法士及び専従の常勤作業療法士が合わせて２
注意: p.170: 番号「ア」が並びに合わない（直前は「テ」）→ 本文として扱った: ア 専任の常勤医師又は常勤歯科医師
注意: p.170: 番号「イ」が並びに合わない（直前は「テ」）→ 本文として扱った: イ 摂食嚥下機能障害を有する患者の看護に従事した経験を５年以
注意: p.170: 番号「ウ」が並びに合わない（直前は「テ」）→ 本文として扱った: ウ 専任の常勤管理栄養士
注意: p.170: 番号「ア」が並びに合わない（直前は「テ」）→ 本文として扱った: ア 国又は医療関係団体等が主催する研修であること（600時間
注意: p.170: 番号「イ」が並びに合わない（直前は「テ」）→ 本文として扱った: イ 摂食嚥下障害看護に必要な専門的な知識・技術を有する看護師
注意: p.170: 番号「ウ」が並びに合わない（直前は「テ」）→ 本文として扱った: ウ 講義及び演習は、次の内容を含むものであること。
注意: p.170: 番号「エ」が並びに合わない（直前は「テ」）→ 本文として扱った: エ 実習により、事例に基づくアセスメントと摂食嚥下障害看護関
注意: p.171: 番号「ア」が並びに合わない（直前は「テ」）→ 本文として扱った: ア 他の保険医療機関等から紹介された鼻腔栄養を実施している患
注意: p.171: 番号「イ」が並びに合わない（直前は「テ」）→ 本文として扱った: イ 当該保険医療機関において鼻腔栄養を導入した患者、胃瘻を造
注意: p.171: 番号「ア」が並びに合わない（直前は「テ」）→ 本文として扱った: ア 鼻腔栄養を導入した日、胃瘻を造設した日又は、中心静脈栄養
注意: p.171: 番号「イ」が並びに合わない（直前は「テ」）→ 本文として扱った: イ 鼻腔栄養を導入した日、胃瘻を造設した日又は、中心静脈栄養
注意: p.171: 番号「ウ」が並びに合わない（直前は「テ」）→ 本文として扱った: ウ (４)のアに該当する患者であって、当該保険医療機関に紹介
注意: p.171: 番号「エ」が並びに合わない（直前は「テ」）→ 本文として扱った: エ 消化器疾患等の患者であって、減圧ドレナージ目的で胃瘻造設
注意: p.171: 番号「オ」が並びに合わない（直前は「テ」）→ 本文として扱った: オ 炎症性腸疾患の患者であって、成分栄養剤の経路として胃瘻造
注意: p.171: 番号「カ」が並びに合わない（直前は「テ」）→ 本文として扱った: カ 食道、胃噴門部の狭窄、食道穿孔等の食道や胃噴門部の疾患に
注意: p.173: 番号「ア」が並びに合わない（直前は「ウ」）→ 本文として扱った: ア 専従の常勤理学療法士又は常勤作業療法士が合わせて２名以上
注意: p.173: 番号「イ」が並びに合わない（直前は「ウ」）→ 本文として扱った: イ 専従の常勤理学療法士又は常勤作業療法士のいずれか１名以上
注意: p.174: 番号「ア」が並びに合わない（直前は「ウ」）→ 本文として扱った: ア 訓練マットとその付属品
注意: p.174: 番号「イ」が並びに合わない（直前は「ウ」）→ 本文として扱った: イ 姿勢矯正用鏡
注意: p.174: 番号「ウ」が重複している（原本の誤植と思われる）: ウ 車椅子
注意: p.175: 番号「ア」が並びに合わない（直前は「テ」）→ 本文として扱った: ア リハビリテーションに関して十分な経験を有すること。
注意: p.175: 番号「イ」が並びに合わない（直前は「テ」）→ 本文として扱った: イ がん患者のリハビリテーションに関し、適切な研修を修了して
注意: p.176: 番号「ア」が並びに合わない（直前は「テ」）→ 本文として扱った: ア 認知症患者の診療の経験を５年以上有する者
注意: p.176: 番号「イ」が並びに合わない（直前は「テ」）→ 本文として扱った: イ 認知症患者のリハビリテーションに関し、適切な研修を修了し
注意: p.177: 番号「ア」が並びに合わない（直前は「テ」）→ 本文として扱った: ア それぞれの資格を取得後２年以上経過していること。
注意: p.177: 番号「イ」が並びに合わない（直前は「テ」）→ 本文として扱った: イ 直近２年以内にリンパ浮腫を５例以上経験していること。
注意: p.177: 番号「ウ」が並びに合わない（直前は「テ」）→ 本文として扱った: ウ リンパ浮腫の複合的治療について(イ)から(ハ)までの要件
注意: p.178: 番号「ア」が並びに合わない（直前は「テ」）→ 本文として扱った: ア 専用の療法室
注意: p.178: 番号「イ」が並びに合わない（直前は「テ」）→ 本文として扱った: イ 必要な器械・器具（主なもの）
注意: p.181: 番号「ア」が並びに合わない（直前は「テ」）→ 本文として扱った: ア 国又は医療関係団体等が主催する研修であること（15時間以
注意: p.181: 番号「イ」が並びに合わない（直前は「テ」）→ 本文として扱った: イ 講義及び演習により次の内容を含むものであること。
注意: p.181: 番号「ウ」が並びに合わない（直前は「テ」）→ 本文として扱った: ウ 研修には、複数職種によるグループワークやディスカッション
注意: p.181: 番号「ア」が並びに合わない（直前は「テ」）→ 本文として扱った: ア 「精神科救急医療体制整備事業の実施について」（平成20年
注意: p.181: 番号「イ」が並びに合わない（直前は「テ」）→ 本文として扱った: イ 精神科救急医療確保事業において病院群輪番型施設として指定
注意: p.182: 番号「ウ」が並びに合わない（直前は「テ」）→ 本文として扱った: ウ 次の（イ）及び（ハ）又は（ロ）及び（ハ）を満たしているこ
注意: p.182: 番号「ア」が並びに合わない（直前は「テ」）→ 本文として扱った: ア １、２又は３に規定する各加算に係る届出を行っている保険医
注意: p.182: 番号「イ」が並びに合わない（直前は「テ」）→ 本文として扱った: イ 「Ａ２３０－４」に掲げる精神科リエゾンチーム加算に係る届
注意: p.182: 番号「ウ」が並びに合わない（直前は「テ」）→ 本文として扱った: ウ 「Ａ２３１－３」に掲げる依存症入院医療管理加算に係る届出
注意: p.182: 番号「エ」が並びに合わない（直前は「テ」）→ 本文として扱った: エ 「Ａ２３１－４」に掲げる摂食障害入院医療管理加算に係る届
注意: p.182: 番号「オ」が並びに合わない（直前は「テ」）→ 本文として扱った: オ 「Ａ２４６－２」に掲げる精神科入退院支援加算に係る届出を
注意: p.182: 番号「カ」が並びに合わない（直前は「テ」）→ 本文として扱った: カ 「Ａ３１１－４」に掲げる児童・思春期精神科入院医療管理料
注意: p.182: 番号「キ」が並びに合わない（直前は「テ」）→ 本文として扱った: キ 「Ｉ００３－２」に掲げる認知療法・認知行動療法に係る届出
注意: p.182: 番号「ク」が並びに合わない（直前は「テ」）→ 本文として扱った: ク 「Ｉ００６－２」に掲げる依存症集団療法１、２又は３に係る
注意: p.182: 番号「ケ」が並びに合わない（直前は「テ」）→ 本文として扱った: ケ 「Ｉ０１６」に掲げる精神科在宅患者支援管理料に係る届出を
注意: p.183: 番号「ア」が並びに合わない（直前は「テ」）→ 本文として扱った: ア 地域の精神科救急医療体制の確保に協力している保険医療機関
注意: p.183: 番号「①」が並びに合わない（直前は「⑤」）→ 本文として扱った: ① 時間外、休日又は深夜における入院件数が年４件以上であるこ
注意: p.183: 番号「②」が並びに合わない（直前は「⑤」）→ 本文として扱った: ② 時間外、休日又は深夜における外来対応件数が年10件以上で
注意: p.183: 番号「①」が並びに合わない（直前は「⑤」）→ 本文として扱った: ① 精神科救急医療確保事業において外来対応施設として指定を受
注意: p.183: 番号「②」が並びに合わない（直前は「⑤」）→ 本文として扱った: ② 時間外対応加算１の届出を行っていること。
注意: p.183: 番号「③」が並びに合わない（直前は「⑤」）→ 本文として扱った: ③ 精神科救急情報センター、都道府県、市町村、保健所、警察、
注意: p.183: 番号「イ」が並びに合わない（直前は「テ」）→ 本文として扱った: イ 当該保険医療機関において情報通信機器を用いた精神療法を実
注意: p.184: 番号「ア」が並びに合わない（直前は「テ」）→ 本文として扱った: ア 国又は医療関係団体等が主催する研修であること（16時間以
注意: p.184: 番号「イ」が並びに合わない（直前は「テ」）→ 本文として扱った: イ 講義及び演習により次の内容を含むものであること。
注意: p.184: 番号「ウ」が並びに合わない（直前は「テ」）→ 本文として扱った: ウ 研修にはグループワークや、救急搬送された自殺企図後の患者
注意: p.186: 番号「ア」が並びに合わない（直前は「ウ」）→ 本文として扱った: ア 国又は医療関係団体等が主催する研修であること（８時間以上
注意: p.186: 番号「イ」が並びに合わない（直前は「ウ」）→ 本文として扱った: イ 研修内容に以下の内容を含むこと。
注意: p.186: 番号「ウ」が重複している（原本の誤植と思われる）: ウ 研修にはデモセッションの見学や、実際のプログラム実施法に
注意: p.186: 番号「ア」が並びに合わない（直前は「ウ」）→ 本文として扱った: ア 国又は医療関係団体が主催する研修であること（８時間以上の
注意: p.186: 番号「イ」が並びに合わない（直前は「ウ」）→ 本文として扱った: イ 医師の研修については、研修内容に以下の内容を含むこと。
注意: p.186: 番号「ウ」が重複している（原本の誤植と思われる）: ウ 看護師の研修については、研修内容に以下の内容を含むこと。
注意: p.194: 番号「ア」が並びに合わない（直前は「テ」）→ 本文として扱った: ア 在宅医療を担当する精神科の常勤医師を配置していること。な
注意: p.194: 番号「イ」が並びに合わない（直前は「テ」）→ 本文として扱った: イ 常勤精神保健福祉士を配置していること。
注意: p.194: 番号「ウ」が並びに合わない（直前は「テ」）→ 本文として扱った: ウ 作業療法士を配置していること。
注意: p.195: 番号「ア」が並びに合わない（直前は「テ」）→ 本文として扱った: ア 当該保険医療機関において 24 時間連絡を受ける担当者を
注意: p.195: 番号「イ」が並びに合わない（直前は「テ」）→ 本文として扱った: イ 当該保険医療機関において、患者又はその家族等から電話等に
注意: p.195: 番号「ウ」が並びに合わない（直前は「テ」）→ 本文として扱った: ウ 往診又は精神科訪問看護・指導を行う者は、当該保険医療機関
注意: p.195: 番号「エ」が並びに合わない（直前は「テ」）→ 本文として扱った: エ 標榜時間外において、当該保険医療機関を継続的に受診してい
注意: p.198: 番号「ア」が並びに合わない（直前は「テ」）→ 本文として扱った: ア 医師と医療関係職種、医療関係職種と事務職員等における役割
注意: p.198: 番号「イ」が並びに合わない（直前は「テ」）→ 本文として扱った: イ 予定手術前日の当直や夜勤に対する配慮等
注意: p.198: 番号「①」が並びに合わない（直前は「⑤」）→ 本文として扱った: ① 勤務計画上、連続当直を行わない勤務体制の実施
注意: p.198: 番号「②」が並びに合わない（直前は「⑤」）→ 本文として扱った: ② 前日の終業時刻と翌日の始業時刻の間の一定時間の休息時間の
注意: p.198: 番号「③」が並びに合わない（直前は「⑤」）→ 本文として扱った: ③ 当直翌日の業務内容に対する配慮
注意: p.198: 番号「④」が並びに合わない（直前は「⑤」）→ 本文として扱った: ④ 交替勤務制・複数主治医制の実施
注意: p.198: 番号「⑤」が重複している（原本の誤植と思われる）: ⑤ 育児・介護休業法第23条第１項若しくは第３項又は第24条
注意: p.198: 番号「ア」が並びに合わない（直前は「テ」）→ 本文として扱った: ア 教育的観点から、臨床研修の責任者が必要とあらかじめ認める
注意: p.198: 番号「イ」が並びに合わない（直前は「テ」）→ 本文として扱った: イ 医師以外の医療従事者が、実際に患者に静脈採血、静脈注射及
注意: p.198: 番号「ウ」が並びに合わない（直前は「テ」）→ 本文として扱った: ウ 新生児に対して実施する場合
注意: p.198: 番号「ア」が並びに合わない（直前は「テ」）→ 本文として扱った: ア 当該加算を算定している全ての診療科において予定手術に係る
注意: p.199: 番号「イ」が並びに合わない（直前は「テ」）→ 本文として扱った: イ 当該加算を算定している全ての診療科において２日以上連続で
注意: p.199: 番号「ア」が並びに合わない（直前は「キ」）→ 本文として扱った: ア 休日、時間外又は深夜（以下「休日等」という。）において、
注意: p.199: 番号「イ」が並びに合わない（直前は「キ」）→ 本文として扱った: イ 休日等において、当該診療科における診療が必要な場合は、原
注意: p.199: 番号「ウ」が並びに合わない（直前は「キ」）→ 本文として扱った: ウ 夜勤時間帯に緊急呼出し当番を行った者について、翌日を休日
注意: p.199: 番号「エ」が並びに合わない（直前は「キ」）→ 本文として扱った: エ 夜勤時間帯において、緊急手術を行った医師（術者及び全ての
注意: p.200: 番号「オ」が並びに合わない（直前は「キ」）→ 本文として扱った: オ ６(１)に加え、チーム制を導入している全ての診療科につい
注意: p.200: 番号「カ」が並びに合わない（直前は「キ」）→ 本文として扱った: カ 緊急呼出し当番の方法等に関する概要を診療科ごとにとりまと
注意: p.200: 番号「ア」が並びに合わない（直前は「キ」）→ 本文として扱った: ア 当該診療科において、医師が、休日等の手術又は処置（所定点
注意: p.200: 番号「イ」が並びに合わない（直前は「キ」）→ 本文として扱った: イ 当該診療科において、医師が、休日等の手術又は処置（所定点
注意: p.202: 番号「ア」が並びに合わない（直前は「テ」）→ 本文として扱った: ア 次のいずれかに該当する保険医療機関であること。
注意: p.202: 番号「①」が並びに合わない（直前は「⑤」）→ 本文として扱った: ① 透析用監視装置の台数が26台未満であること。
注意: p.202: 番号「②」が並びに合わない（直前は「⑤」）→ 本文として扱った: ② 透析用監視装置一台当たりの「Ｊ０３８」人工腎臓の「１」か
注意: p.202: 番号「イ」が並びに合わない（直前は「テ」）→ 本文として扱った: イ 関連学会から示されている基準に基づき、水質管理が適切に実
注意: p.202: 番号「ウ」が並びに合わない（直前は「テ」）→ 本文として扱った: ウ 透析機器安全管理委員会を設置し、その責任者として専任の医
注意: p.202: 番号「ア」が並びに合わない（直前は「テ」）→ 本文として扱った: ア 次のいずれにも該当する保険医療機関であること。
注意: p.202: 番号「①」が並びに合わない（直前は「⑤」）→ 本文として扱った: ① 透析用監視装置の台数が26台以上であること。
注意: p.202: 番号「②」が並びに合わない（直前は「⑤」）→ 本文として扱った: ② 透析用監視装置一台当たりの「Ｊ０３８」人工腎臓の「１」か
注意: p.203: 番号「イ」が並びに合わない（直前は「テ」）→ 本文として扱った: イ 関連学会から示されている基準に基づき、水質管理が適切に実
注意: p.203: 番号「ウ」が並びに合わない（直前は「テ」）→ 本文として扱った: ウ 透析機器安全管理委員会を設置し、その責任者として専任の医
注意: p.203: 番号「ア」が並びに合わない（直前は「テ」）→ 本文として扱った: ア 透析室に配置されていること。
注意: p.203: 番号「イ」が並びに合わない（直前は「テ」）→ 本文として扱った: イ 患者に対して使用できる状態であること。
注意: p.203: 番号「ア」が並びに合わない（直前は「テ」）→ 本文として扱った: ア 関連学会の作成した資料又はそれらを参考に作成した資料に基
注意: p.203: 番号「イ」が並びに合わない（直前は「テ」）→ 本文として扱った: イ 腎代替療法に係る所定の研修を修了した者が配置されているこ
注意: p.203: 番号「ア」が並びに合わない（直前は「テ」）→ 本文として扱った: ア (１)のアを満たしていること。
注意: p.203: 番号「イ」が並びに合わない（直前は「テ」）→ 本文として扱った: イ 腎代替療法に係る所定の研修を修了した者が配置されているこ
注意: p.203: 番号「ウ」が並びに合わない（直前は「テ」）→ 本文として扱った: ウ 腎代替療法に係る所定の研修を修了した者が、導入期加算３を
注意: p.203: 番号「エ」が並びに合わない（直前は「テ」）→ 本文として扱った: エ 「Ｃ１０２」在宅自己腹膜灌流指導管理料を過去１年間で 2
注意: p.203: 番号「オ」が並びに合わない（直前は「テ」）→ 本文として扱った: オ 腎移植について、患者の希望に応じて適切に相談に応じており
注意: p.203: 番号「カ」が並びに合わない（直前は「テ」）→ 本文として扱った: カ 腎代替療法を導入するに当たって、(１)のアに加え、心血管
注意: p.203: 番号「ア」が並びに合わない（直前は「テ」）→ 本文として扱った: ア (１)のア及び(２)のイを満たしていること。
注意: p.203: 番号「イ」が並びに合わない（直前は「テ」）→ 本文として扱った: イ 腎臓移植実施施設として、日本臓器移植ネットワークに登録さ
注意: p.203: 番号「ウ」が並びに合わない（直前は「テ」）→ 本文として扱った: ウ 導入期加算１又は２を算定している施設と連携して、腎代替療
注意: p.204: 番号「エ」が並びに合わない（直前は「テ」）→ 本文として扱った: エ 「Ｃ１０２」在宅自己腹膜灌流指導管理料を過去１年間で 3
注意: p.204: 番号「オ」が並びに合わない（直前は「テ」）→ 本文として扱った: オ 腎移植について、患者の希望に応じて適切に相談に応じており
注意: p.204: 番号「カ」が並びに合わない（直前は「テ」）→ 本文として扱った: カ 当該保険医療機関において献腎移植又は生体腎移植を実施した
注意: p.204: 番号「キ」が並びに合わない（直前は「テ」）→ 本文として扱った: キ (２)のカを満たしていること。
注意: p.204: 番号「ア」が並びに合わない（直前は「テ」）→ 本文として扱った: ア 循環器内科
注意: p.204: 番号「イ」が並びに合わない（直前は「テ」）→ 本文として扱った: イ 胸部外科又は血管外科
注意: p.204: 番号「ウ」が並びに合わない（直前は「テ」）→ 本文として扱った: ウ 整形外科、皮膚科又は形成外科
注意: p.206: 番号「ア」が並びに合わない（直前は「テ」）→ 本文として扱った: ア 血液学的検査
注意: p.206: 番号「イ」が並びに合わない（直前は「テ」）→ 本文として扱った: イ 生化学的検査
注意: p.213: 番号「ア」が並びに合わない（直前は「テ」）→ 本文として扱った: ア 自家培養軟骨の適応に関する事項
注意: p.213: 番号「イ」が並びに合わない（直前は「テ」）→ 本文として扱った: イ 変形性膝関節症との鑑別点に関する事項
注意: p.213: 番号「ウ」が並びに合わない（直前は「テ」）→ 本文として扱った: ウ 軟骨採取法に関する事項
注意: p.213: 番号「エ」が並びに合わない（直前は「テ」）→ 本文として扱った: エ 周術期管理に関する事項
注意: p.213: 番号「オ」が並びに合わない（直前は「テ」）→ 本文として扱った: オ 合併症への対策に関する事項
注意: p.213: 番号「カ」が並びに合わない（直前は「テ」）→ 本文として扱った: カ リハビリテーションに関する事項
注意: p.213: 番号「キ」が並びに合わない（直前は「テ」）→ 本文として扱った: キ 全例調査方法に関する事項
注意: p.213: 番号「ク」が並びに合わない（直前は「テ」）→ 本文として扱った: ク 手術方法に関する事項（自家培養軟骨に類似した人工物を用い
注意: p.223: 番号「ア」が並びに合わない（直前は「テ」）→ 本文として扱った: ア 鏡視下咽頭悪性腫瘍手術（軟口蓋悪性腫瘍手術を含む。）（内
注意: p.223: 番号「イ」が並びに合わない（直前は「テ」）→ 本文として扱った: イ 鏡視下喉頭悪性腫瘍手術（内視鏡手術用支援機器を用いる場合
注意: p.228: 番号「ア」が並びに合わない（直前は「テ」）→ 本文として扱った: ア 乳腺外科又は外科の経験を５年以上有しており、乳癌センチネ
注意: p.229: 番号「イ」が並びに合わない（直前は「テ」）→ 本文として扱った: イ 当該保険医療機関が乳腺外科又は外科のいずれか及び放射線科
注意: p.229: 番号「ウ」が並びに合わない（直前は「テ」）→ 本文として扱った: ウ 麻酔科標榜医が配置されていること。
注意: p.229: 番号「エ」が並びに合わない（直前は「テ」）→ 本文として扱った: エ 病理部門が設置され、病理医が配置されていること。
注意: p.229: 番号「ア」が並びに合わない（直前は「テ」）→ 本文として扱った: ア 胸腔鏡下拡大胸腺摘出術（内視鏡手術用支援機器を用いる場合
注意: p.229: 番号「イ」が並びに合わない（直前は「テ」）→ 本文として扱った: イ 胸腔鏡下縦隔悪性腫瘍手術（内視鏡手術用支援機器を用いる場
注意: p.229: 番号「ウ」が並びに合わない（直前は「テ」）→ 本文として扱った: ウ 胸腔鏡下良性縦隔腫瘍手術（内視鏡手術用支援機器を用いる場
注意: p.229: 番号「エ」が並びに合わない（直前は「テ」）→ 本文として扱った: エ 胸腔鏡下肺悪性腫瘍手術（区域切除及び肺葉切除又は１肺葉を
注意: p.230: 番号「ア」が並びに合わない（直前は「テ」）→ 本文として扱った: ア 胸腔鏡下縦隔悪性腫瘍手術（内視鏡手術用支援機器を用いる場
注意: p.230: 番号「イ」が並びに合わない（直前は「テ」）→ 本文として扱った: イ 胸腔鏡下良性縦隔腫瘍手術（内視鏡手術用支援機器を用いる場
注意: p.230: 番号「ウ」が並びに合わない（直前は「テ」）→ 本文として扱った: ウ 胸腔鏡下肺悪性腫瘍手術（区域切除及び肺葉切除又は１肺葉を
注意: p.230: 番号「エ」が並びに合わない（直前は「テ」）→ 本文として扱った: エ 胸腔鏡下拡大胸腺摘出術（内視鏡手術用支援機器を用いる場合
注意: p.233: 番号「ア」が並びに合わない（直前は「テ」）→ 本文として扱った: ア 食道悪性腫瘍手術（単に切除のみのもの）
注意: p.233: 番号「イ」が並びに合わない（直前は「テ」）→ 本文として扱った: イ 食道悪性腫瘍手術（消化管再建手術を併施するもの）
注意: p.233: 番号「ウ」が並びに合わない（直前は「テ」）→ 本文として扱った: ウ 胸腔鏡下食道悪性腫瘍手術
注意: p.233: 番号「エ」が並びに合わない（直前は「テ」）→ 本文として扱った: エ 縦隔鏡下食道悪性腫瘍手術
注意: p.234: 番号「ア」が並びに合わない（直前は「テ」）→ 本文として扱った: ア 食道悪性腫瘍手術（単に切除のみのもの）
注意: p.234: 番号「イ」が並びに合わない（直前は「テ」）→ 本文として扱った: イ 食道悪性腫瘍手術（消化管再建手術を併施するもの）
注意: p.234: 番号「ウ」が並びに合わない（直前は「テ」）→ 本文として扱った: ウ 胸腔鏡下食道悪性腫瘍手術
注意: p.234: 番号「エ」が並びに合わない（直前は「テ」）→ 本文として扱った: エ 縦隔鏡下食道悪性腫瘍手術
注意: p.238: 番号「ア」が並びに合わない（直前は「テ」）→ 本文として扱った: ア 緊急開心・胸部大動脈手術の経験があること。
注意: p.238: 番号「イ」が並びに合わない（直前は「テ」）→ 本文として扱った: イ 大動脈弁置換術（大動脈基部置換術を含む）を年間20例以上
注意: p.238: 番号「ウ」が並びに合わない（直前は「テ」）→ 本文として扱った: ウ 冠動脈に関する血管内治療（ＰＣＩ）を年間100例以上実施
注意: p.238: 番号「エ」が並びに合わない（直前は「テ」）→ 本文として扱った: エ 経食道心エコー検査を年間200例以上実施していること。
注意: p.238: 番号「ア」が並びに合わない（直前は「テ」）→ 本文として扱った: ア 設置型透視装置を備えていること。
注意: p.238: 番号「イ」が並びに合わない（直前は「テ」）→ 本文として扱った: イ 高性能フィルタを使用して空気浄化を行い、周辺諸室に対して
注意: p.238: 番号「ウ」が並びに合わない（直前は「テ」）→ 本文として扱った: ウ 必要な設備及び装置を清潔下で使用できる十分なスペースがあ
注意: p.238: 番号「エ」が並びに合わない（直前は「テ」）→ 本文として扱った: エ 速やかに開胸手術に移行可能であること。
注意: p.239: 番号「ア」が並びに合わない（直前は「テ」）→ 本文として扱った: ア 設置型透視装置を備えており、速やかに開胸手術に移行可能で
注意: p.239: 番号「イ」が並びに合わない（直前は「テ」）→ 本文として扱った: イ ２方向以上の透視が可能な装置を備えている血管造影室
注意: p.239: 番号「ア」が並びに合わない（直前は「テ」）→ 本文として扱った: ア 経皮的冠動脈形成術を年間100例以上実施していること。
注意: p.239: 番号「イ」が並びに合わない（直前は「テ」）→ 本文として扱った: イ 経食道心エコー検査を年間100例以上実施していること。
注意: p.245: 番号「ア」が並びに合わない（直前は「テ」）→ 本文として扱った: ア 血液学的検査
注意: p.245: 番号「イ」が並びに合わない（直前は「テ」）→ 本文として扱った: イ 生化学的検査
注意: p.245: 番号「ウ」が並びに合わない（直前は「テ」）→ 本文として扱った: ウ 画像診断
注意: p.246: 番号「ア」が並びに合わない（直前は「テ」）→ 本文として扱った: ア 血液学的検査
注意: p.246: 番号「イ」が並びに合わない（直前は「テ」）→ 本文として扱った: イ 生化学的検査
注意: p.246: 番号「ウ」が並びに合わない（直前は「テ」）→ 本文として扱った: ウ 画像診断
注意: p.246: 番号「ア」が並びに合わない（直前は「テ」）→ 本文として扱った: ア 心臓血管手術の症例が年間100例以上であり、小児を対象と
注意: p.246: 番号「イ」が並びに合わない（直前は「テ」）→ 本文として扱った: イ 経皮的冠動脈形成術を３年間に300例以上実施していること
注意: p.246: 番号「ウ」が並びに合わない（直前は「テ」）→ 本文として扱った: ウ 「Ｋ６００」大動脈バルーンパンピング法を３年間に30例以
注意: p.246: 番号「エ」が並びに合わない（直前は「テ」）→ 本文として扱った: エ 小児を対象とする場合は11歳未満の症例に対する機械的循環
注意: p.248: 番号「ア」が並びに合わない（直前は「テ」）→ 本文として扱った: ア 血液学的検査
注意: p.248: 番号「イ」が並びに合わない（直前は「テ」）→ 本文として扱った: イ 生化学的検査
注意: p.248: 番号「ウ」が並びに合わない（直前は「テ」）→ 本文として扱った: ウ 画像診断
注意: p.250: 番号「ア」が並びに合わない（直前は「テ」）→ 本文として扱った: ア 腹腔鏡下リンパ節群郭清術（骨盤）
注意: p.250: 番号「イ」が並びに合わない（直前は「テ」）→ 本文として扱った: イ 腹腔鏡下リンパ節群郭清術（後腹膜）
注意: p.250: 番号「ウ」が並びに合わない（直前は「テ」）→ 本文として扱った: ウ 腹腔鏡下後腹膜腫瘍摘出術
注意: p.250: 番号「エ」が並びに合わない（直前は「テ」）→ 本文として扱った: エ 腹腔鏡下腎摘出術
注意: p.250: 番号「オ」が並びに合わない（直前は「テ」）→ 本文として扱った: オ 腹腔鏡下副腎摘出術
注意: p.250: 番号「カ」が並びに合わない（直前は「テ」）→ 本文として扱った: カ 腹腔鏡下腎（尿管）悪性腫瘍手術
注意: p.250: 番号「キ」が並びに合わない（直前は「テ」）→ 本文として扱った: キ 腹腔鏡下前立腺悪性腫瘍手術
注意: p.251: 番号「ア」が並びに合わない（直前は「テ」）→ 本文として扱った: ア 腹腔鏡下リンパ節群郭清術
注意: p.251: 番号「イ」が並びに合わない（直前は「テ」）→ 本文として扱った: イ 腹腔鏡下小切開骨盤内リンパ節群郭清術
注意: p.251: 番号「ウ」が並びに合わない（直前は「テ」）→ 本文として扱った: ウ 腹腔鏡下小切開後腹膜リンパ節群郭清術
注意: p.251: 番号「エ」が並びに合わない（直前は「テ」）→ 本文として扱った: エ 腹腔鏡下後腹膜腫瘍摘出術
注意: p.251: 番号「オ」が並びに合わない（直前は「テ」）→ 本文として扱った: オ 腹腔鏡下小切開後腹膜腫瘍摘出術
注意: p.251: 番号「カ」が並びに合わない（直前は「テ」）→ 本文として扱った: カ 腹腔鏡下小切開後腹膜悪性腫瘍手術
注意: p.251: 番号「キ」が並びに合わない（直前は「テ」）→ 本文として扱った: キ 腹腔鏡下腎摘出術
注意: p.251: 番号「ク」が並びに合わない（直前は「テ」）→ 本文として扱った: ク 腹腔鏡下小切開腎摘出術
注意: p.251: 番号「ケ」が並びに合わない（直前は「テ」）→ 本文として扱った: ケ 腹腔鏡下副腎摘出術
注意: p.251: 番号「コ」が並びに合わない（直前は「テ」）→ 本文として扱った: コ 腹腔鏡下小切開副腎摘出術
注意: p.251: 番号「サ」が並びに合わない（直前は「テ」）→ 本文として扱った: サ 腹腔鏡下小切開尿管腫瘍摘出術
注意: p.251: 番号「シ」が並びに合わない（直前は「テ」）→ 本文として扱った: シ 腹腔鏡下腎（尿管）悪性腫瘍手術
注意: p.251: 番号「ス」が並びに合わない（直前は「テ」）→ 本文として扱った: ス 腹腔鏡下小切開腎（尿管）悪性腫瘍手術
注意: p.251: 番号「セ」が並びに合わない（直前は「テ」）→ 本文として扱った: セ 腹腔鏡下小切開膀胱腫瘍摘出術
注意: p.251: 番号「ソ」が並びに合わない（直前は「テ」）→ 本文として扱った: ソ 腹腔鏡下前立腺悪性腫瘍手術
注意: p.251: 番号「タ」が並びに合わない（直前は「テ」）→ 本文として扱った: タ 腹腔鏡下小切開前立腺悪性腫瘍手術
注意: p.253: 番号「ア」が並びに合わない（直前は「テ」）→ 本文として扱った: ア 胃切除術
注意: p.253: 番号「イ」が並びに合わない（直前は「テ」）→ 本文として扱った: イ 腹腔鏡下胃切除術
注意: p.253: 番号「ウ」が並びに合わない（直前は「テ」）→ 本文として扱った: ウ 噴門側胃切除術
注意: p.253: 番号「エ」が並びに合わない（直前は「テ」）→ 本文として扱った: エ 腹腔鏡下噴門側胃切除術
注意: p.253: 番号「オ」が並びに合わない（直前は「テ」）→ 本文として扱った: オ 胃全摘術
注意: p.254: 番号「カ」が並びに合わない（直前は「テ」）→ 本文として扱った: カ 腹腔鏡下胃全摘術
注意: p.254: 番号「ア」が並びに合わない（直前は「テ」）→ 本文として扱った: ア 胃切除術
注意: p.254: 番号「イ」が並びに合わない（直前は「テ」）→ 本文として扱った: イ 腹腔鏡下胃切除術
注意: p.254: 番号「ウ」が並びに合わない（直前は「テ」）→ 本文として扱った: ウ 噴門側胃切除術
注意: p.254: 番号「エ」が並びに合わない（直前は「テ」）→ 本文として扱った: エ 腹腔鏡下噴門側胃切除術
注意: p.254: 番号「オ」が並びに合わない（直前は「テ」）→ 本文として扱った: オ 胃全摘術
注意: p.254: 番号「カ」が並びに合わない（直前は「テ」）→ 本文として扱った: カ 腹腔鏡下胃全摘術
注意: p.255: 番号「ア」が並びに合わない（直前は「テ」）→ 本文として扱った: ア 胃切除術
注意: p.255: 番号「イ」が並びに合わない（直前は「テ」）→ 本文として扱った: イ 腹腔鏡下胃切除術
注意: p.255: 番号「ウ」が並びに合わない（直前は「テ」）→ 本文として扱った: ウ 噴門側胃切除術
注意: p.255: 番号「エ」が並びに合わない（直前は「テ」）→ 本文として扱った: エ 腹腔鏡下噴門側胃切除術
注意: p.255: 番号「オ」が並びに合わない（直前は「テ」）→ 本文として扱った: オ 胃全摘術
注意: p.255: 番号「カ」が並びに合わない（直前は「テ」）→ 本文として扱った: カ 腹腔鏡下胃全摘術
注意: p.255: 番号「ア」が並びに合わない（直前は「テ」）→ 本文として扱った: ア 腹腔鏡を使用した胃の手術（「Ｋ６４７－２」、「Ｋ６４９－
注意: p.256: 番号「イ」が並びに合わない（直前は「テ」）→ 本文として扱った: イ 外科又は消化器外科について５年以上の経験を有し、当該手術
注意: p.256: 番号「ア」が並びに合わない（直前は「テ」）→ 本文として扱った: ア 「１ スリーブ状切除によるもの」を１年間に合わせて10例
注意: p.256: 番号「イ」が並びに合わない（直前は「テ」）→ 本文として扱った: イ 外科又は消化器外科について５年以上の経験を有し、当該手術
注意: p.259: 番号「ア」が並びに合わない（直前は「テ」）→ 本文として扱った: ア 肝切断術（部分切除及び外側区域切除）
注意: p.259: 番号「イ」が並びに合わない（直前は「テ」）→ 本文として扱った: イ 肝切除術（亜区域切除、１区域切除（外側区域切除を除く。）
注意: p.259: 番号「ウ」が並びに合わない（直前は「テ」）→ 本文として扱った: ウ 腹腔鏡下肝切除術（部分切除及び外側区域切除）
注意: p.259: 番号「エ」が並びに合わない（直前は「テ」）→ 本文として扱った: エ 腹腔鏡下肝切除術（亜区域切除、１区域切除（外側区域切除を
注意: p.261: 番号「ア」が並びに合わない（直前は「テ」）→ 本文として扱った: ア 生化学的検査
注意: p.261: 番号「イ」が並びに合わない（直前は「テ」）→ 本文として扱った: イ 血液学的検査
注意: p.261: 番号「ウ」が並びに合わない（直前は「テ」）→ 本文として扱った: ウ 微生物学的検査
注意: p.261: 番号「エ」が並びに合わない（直前は「テ」）→ 本文として扱った: エ 画像診断
注意: p.262: 番号「ア」が並びに合わない（直前は「テ」）→ 本文として扱った: ア 腹腔鏡下膵体尾部腫瘍切除術（内視鏡手術用支援機器を用いる
注意: p.262: 番号「イ」が並びに合わない（直前は「テ」）→ 本文として扱った: イ 腹腔鏡下膵頭部腫瘍切除術（内視鏡手術用支援機器を用いる場
注意: p.263: 番号「ア」が並びに合わない（直前は「テ」）→ 本文として扱った: ア 腹腔鏡下膵体尾部腫瘍切除術（内視鏡手術用支援機器を用いる
注意: p.263: 番号「イ」が並びに合わない（直前は「テ」）→ 本文として扱った: イ 腹腔鏡下膵頭部腫瘍切除術（内視鏡手術用支援機器を用いる場
注意: p.266: 番号「ア」が並びに合わない（直前は「テ」）→ 本文として扱った: ア 直腸切除・切断術
注意: p.266: 番号「イ」が並びに合わない（直前は「テ」）→ 本文として扱った: イ 腹腔鏡下直腸切除・切断術
注意: p.267: 番号「ア」が並びに合わない（直前は「テ」）→ 本文として扱った: ア 腹腔鏡下副腎摘出手術（内視鏡手術用支援機器を用いるもの）
注意: p.267: 番号「イ」が並びに合わない（直前は「テ」）→ 本文として扱った: イ 腹腔鏡下副腎髄質腫瘍摘出手術（褐色細胞腫）（内視鏡手術用
注意: p.270: 番号「ア」が並びに合わない（直前は「テ」）→ 本文として扱った: ア 腹腔鏡下腎悪性腫瘍手術（内視鏡手術用支援機器を用いるもの
注意: p.270: 番号「イ」が並びに合わない（直前は「テ」）→ 本文として扱った: イ 腹腔鏡下尿管悪性腫瘍手術（内視鏡手術用支援機器を用いるも
注意: p.270: 番号「ウ」が並びに合わない（直前は「テ」）→ 本文として扱った: ウ 腹腔鏡下腎盂形成手術（内視鏡手術用支援機器を用いる場合）
注意: p.270: 番号「ア」が並びに合わない（直前は「テ」）→ 本文として扱った: ア 腎（尿管）悪性腫瘍手術
注意: p.270: 番号「イ」が並びに合わない（直前は「テ」）→ 本文として扱った: イ 腹腔鏡下腎（尿管）悪性腫瘍手術
注意: p.270: 番号「ウ」が並びに合わない（直前は「テ」）→ 本文として扱った: ウ 腹腔鏡下小切開腎（尿管）悪性腫瘍手術
注意: p.270: 番号「エ」が並びに合わない（直前は「テ」）→ 本文として扱った: エ 腎腫瘍凝固・焼灼術（冷凍凝固によるもの）
注意: p.270: 番号「オ」が並びに合わない（直前は「テ」）→ 本文として扱った: オ 腹腔鏡下腎悪性腫瘍手術（内視鏡手術用支援機器を用いるもの
注意: p.270: 番号「カ」が並びに合わない（直前は「テ」）→ 本文として扱った: カ 腹腔鏡下尿管悪性腫瘍手術（内視鏡手術用支援機器を用いるも
注意: p.270: 番号「キ」が並びに合わない（直前は「テ」）→ 本文として扱った: キ 腎盂形成手術
注意: p.270: 番号「ク」が並びに合わない（直前は「テ」）→ 本文として扱った: ク 腹腔鏡下腎盂形成手術
注意: p.272: 番号「ア」が並びに合わない（直前は「テ」）→ 本文として扱った: ア 膀胱悪性腫瘍手術（全摘（腸管等を利用して尿路変更を行わな
注意: p.272: 番号「イ」が並びに合わない（直前は「テ」）→ 本文として扱った: イ 腹腔鏡下膀胱悪性腫瘍手術
注意: p.272: 番号「ウ」が並びに合わない（直前は「テ」）→ 本文として扱った: ウ 腹腔鏡下小切開膀胱悪性腫瘍手術
注意: p.274: 番号「ア」が並びに合わない（直前は「テ」）→ 本文として扱った: ア 次のいずれの基準にも該当すること。
注意: p.274: 番号「①」が並びに合わない（直前は「⑤」）→ 本文として扱った: ① 泌尿器科を標榜している保険医療機関であること。
注意: p.274: 番号「②」が並びに合わない（直前は「⑤」）→ 本文として扱った: ② 泌尿器科について５年以上の経験を有する常勤の医師が１名以
注意: p.274: 番号「③」が並びに合わない（直前は「⑤」）→ 本文として扱った: ③ 生殖補助医療管理料に係る届出を行っている又は生殖補助医療
注意: p.274: 番号「イ」が並びに合わない（直前は「テ」）→ 本文として扱った: イ 次のいずれの基準にも該当すること。
注意: p.274: 番号「①」が並びに合わない（直前は「⑤」）→ 本文として扱った: ① 産科、婦人科又は産婦人科を標榜している保険医療機関である
注意: p.274: 番号「②」が並びに合わない（直前は「⑤」）→ 本文として扱った: ② 精巣内精子採取術について過去２年に10例以上の経験を有す
注意: p.274: 番号「③」が並びに合わない（直前は「⑤」）→ 本文として扱った: ③ 生殖補助医療管理料に係る届出を行っている保険医療機関であ
注意: p.274: 番号「④」が並びに合わない（直前は「⑤」）→ 本文として扱った: ④ 泌尿器科を標榜している他の保険医療機関との連携体制を構築
注意: p.277: 番号「ア」が並びに合わない（直前は「テ」）→ 本文として扱った: ア 腹腔鏡下膀胱悪性腫瘍手術（内視鏡手術用支援機器を用いる場
注意: p.277: 番号「イ」が並びに合わない（直前は「テ」）→ 本文として扱った: イ 腹腔鏡下仙骨腟固定術（内視鏡手術用支援機器を用いる場合）
注意: p.277: 番号「ウ」が並びに合わない（直前は「テ」）→ 本文として扱った: ウ 腹腔鏡下腟式子宮全摘術（内視鏡手術用支援機器を用いる場合
注意: p.278: 番号「ア」が並びに合わない（直前は「テ」）→ 本文として扱った: ア 子宮全摘術
注意: p.278: 番号「イ」が並びに合わない（直前は「テ」）→ 本文として扱った: イ 腹腔鏡下腟式子宮全摘術
注意: p.278: 番号「ウ」が並びに合わない（直前は「テ」）→ 本文として扱った: ウ 子宮悪性腫瘍手術
注意: p.278: 番号「エ」が並びに合わない（直前は「テ」）→ 本文として扱った: エ 腹腔鏡下子宮悪性腫瘍手術
注意: p.279: 番号「ア」が並びに合わない（直前は「テ」）→ 本文として扱った: ア 子宮悪性腫瘍手術
注意: p.279: 番号「イ」が並びに合わない（直前は「テ」）→ 本文として扱った: イ 腹腔鏡下子宮悪性腫瘍手術
注意: p.282: 番号「ア」が並びに合わない（直前は「テ」）→ 本文として扱った: ア 「Ａ３００」救命救急入院料
注意: p.282: 番号「イ」が並びに合わない（直前は「テ」）→ 本文として扱った: イ 「Ａ３０１」特定集中治療室管理料
注意: p.282: 番号「ウ」が並びに合わない（直前は「テ」）→ 本文として扱った: ウ 「Ａ３０１－４」小児特定集中治療室管理料
注意: p.283: 番号「ア」が並びに合わない（直前は「オ」）→ 本文として扱った: ア 靱帯断裂形成手術等（靱帯断裂形成手術、関節鏡下靱帯断裂形
注意: p.283: 番号「イ」が並びに合わない（直前は「オ」）→ 本文として扱った: イ 水頭症手術等（水頭症手術、髄液シャント抜去術、脳血管内手
注意: p.283: 番号「ウ」が並びに合わない（直前は「オ」）→ 本文として扱った: ウ 鼻副鼻腔悪性腫瘍手術等（涙囊鼻腔吻合術、鼻副鼻腔悪性腫瘍
注意: p.283: 番号「エ」が並びに合わない（直前は「オ」）→ 本文として扱った: エ 尿道形成手術等（尿道下裂形成手術、陰茎形成術、前立腺悪性
注意: p.283: 番号「オ」が重複している（原本の誤植と思われる）: オ 角膜移植術
注意: p.284: 番号「ア」が並びに合わない（直前は「キ」）→ 本文として扱った: ア 上顎骨形成術等（顔面神経麻痺形成手術、上顎骨形成術、頬骨
注意: p.284: 番号「イ」が並びに合わない（直前は「キ」）→ 本文として扱った: イ 上顎骨悪性腫瘍手術等（耳下腺悪性腫瘍手術、上顎骨悪性腫瘍
注意: p.284: 番号「ウ」が並びに合わない（直前は「キ」）→ 本文として扱った: ウ バセドウ甲状腺全摘（亜全摘）術（両葉）
注意: p.284: 番号「エ」が並びに合わない（直前は「キ」）→ 本文として扱った: エ 母指化手術等（自家遊離複合組織移植術（顕微鏡下血管柄付き
注意: p.284: 番号「オ」が並びに合わない（直前は「キ」）→ 本文として扱った: オ 内反足手術等（内反足手術及び先天性気管狭窄症手術をいう。
注意: p.284: 番号「カ」が並びに合わない（直前は「キ」）→ 本文として扱った: カ 食道切除再建術等（食道切除再建術、食道腫瘍摘出術（開胸又
注意: p.284: 番号「キ」が重複している（原本の誤植と思われる）: キ 同種死体腎移植術等（移植用腎採取術（生体）、腹腔鏡下移植
注意: p.285: 番号「ア」が並びに合わない（直前は「キ」）→ 本文として扱った: ア 人工関節置換術及び人工股関節置換術（手術支援装置を用いる
注意: p.285: 番号「イ」が並びに合わない（直前は「キ」）→ 本文として扱った: イ １歳未満の乳児に対する先天性食道閉鎖症根治手術、胸腔鏡下
注意: p.285: 番号「ウ」が並びに合わない（直前は「キ」）→ 本文として扱った: ウ ペースメーカー移植術及びペースメーカー交換術
注意: p.285: 番号「エ」が並びに合わない（直前は「キ」）→ 本文として扱った: エ 冠動脈、大動脈バイパス移植術（人工心肺を使用しないものを
注意: p.285: 番号「オ」が並びに合わない（直前は「キ」）→ 本文として扱った: オ 経皮的冠動脈形成術、経皮的冠動脈粥腫切除術及び経皮的冠動
注意: p.286: 番号「ア」が並びに合わない（直前は「テ」）→ 本文として扱った: ア 当該保険医療機関において胃瘻造設術を行う全ての患者（以下
注意: p.286: 番号「①」が並びに合わない（直前は「⑤」）→ 本文として扱った: ① 消化器疾患等の患者であって、減圧ドレナージ目的で胃瘻造設
注意: p.286: 番号「②」が並びに合わない（直前は「⑤」）→ 本文として扱った: ② 炎症性腸疾患の患者であって、成分栄養剤の経路として胃瘻造
注意: p.287: 番号「③」が並びに合わない（直前は「⑤」）→ 本文として扱った: ③ 食道、胃噴門部の狭窄、食道穿孔等の食道や胃噴門部の疾患に
注意: p.287: 番号「④」が並びに合わない（直前は「⑤」）→ 本文として扱った: ④ 意識障害等がある場合、認知症等で検査上の指示が理解できな
注意: p.287: 番号「⑤」が重複している（原本の誤植と思われる）: ⑤ 顔面外傷により嚥下が困難な患者
注意: p.287: 番号「イ」が並びに合わない（直前は「テ」）→ 本文として扱った: イ 以下の①又は②のいずれかを満たしていること。
注意: p.287: 番号「①」が並びに合わない（直前は「⑥」）→ 本文として扱った: ① 経口摂取以外の栄養方法を使用している患者であって、以下の
注意: p.287: 番号「②」が並びに合わない（直前は「⑥」）→ 本文として扱った: ② 当該保険医療機関において胃瘻造設術を行う全ての患者に対し
注意: p.287: 番号「ウ」が並びに合わない（直前は「テ」）→ 本文として扱った: ウ 以下の①から⑥までの患者はイの①の合計数には含まないもの
注意: p.287: 番号「①」が並びに合わない（直前は「⑥」）→ 本文として扱った: ① 鼻腔栄養を導入した日又は胃瘻を造設した日から起算して１年
注意: p.287: 番号「②」が並びに合わない（直前は「⑥」）→ 本文として扱った: ② 鼻腔栄養を導入した日又は胃瘻を造設した日から起算して１か
注意: p.287: 番号「③」が並びに合わない（直前は「⑥」）→ 本文として扱った: ③ （２）イ①の（ア）に該当する患者であって、当該保険医療機
注意: p.287: 番号「④」が並びに合わない（直前は「⑥」）→ 本文として扱った: ④ 消化器疾患等の患者であって、減圧ドレナージ目的で胃瘻造設
注意: p.288: 番号「⑤」が並びに合わない（直前は「⑥」）→ 本文として扱った: ⑤ 炎症性腸疾患の患者であって、成分栄養剤の経路として胃瘻造
注意: p.288: 番号「⑥」が重複している（原本の誤植と思われる）: ⑥ 食道、胃噴門部の狭窄、食道穿孔等の食道や胃噴門部の疾患に
注意: p.288: 番号「ア」が並びに合わない（直前は「テ」）→ 本文として扱った: ア 鼻腔栄養の患者にあっては、経鼻経管を抜去した上で、１か月
注意: p.288: 番号「イ」が並びに合わない（直前は「テ」）→ 本文として扱った: イ 胃瘻を造設している患者にあっては、胃瘻抜去術又は胃瘻閉鎖
注意: p.288: 番号「ア」が並びに合わない（直前は「テ」）→ 本文として扱った: ア 関係学会より乳癌の専門的な診療が可能として認定された施設
注意: p.288: 番号「イ」が並びに合わない（直前は「テ」）→ 本文として扱った: イ 遺伝性乳癌卵巣癌症候群の患者の診療に当たり、1.5 テス
注意: p.290: 番号「①」が並びに合わない（直前は「⑤」）→ 本文として扱った: ① 赤血球濃厚液（ＭＡＰ）の使用量
注意: p.290: 番号「②」が並びに合わない（直前は「⑤」）→ 本文として扱った: ② 新鮮凍結血漿（ＦＦＰ）の全使用量
注意: p.290: 番号「③」が並びに合わない（直前は「⑤」）→ 本文として扱った: ③ 血漿交換療法における新鮮凍結血漿（ＦＦＰ）の使用量
注意: p.291: 番号「④」が並びに合わない（直前は「⑤」）→ 本文として扱った: ④ アルブミン製剤の使用量
注意: p.291: 番号「⑤」が重複している（原本の誤植と思われる）: ⑤ 血漿交換療法におけるアルブミン製剤の使用量
注意: p.292: 番号「ア」が並びに合わない（直前は「テ」）→ 本文として扱った: ア 医療関係団体等が認定する教育施設において実施され、20時
注意: p.292: 番号「イ」が並びに合わない（直前は「テ」）→ 本文として扱った: イ 急性期看護又は排泄ケア関連領域における専門的な知識・技術
注意: p.297: 番号「ア」が並びに合わない（直前は「テ」）→ 本文として扱った: ア 高エネルギー放射線治療装置
注意: p.297: 番号「イ」が並びに合わない（直前は「テ」）→ 本文として扱った: イ Ｘ線又はＣＴを用いた位置決め装置
注意: p.297: 番号「ウ」が並びに合わない（直前は「テ」）→ 本文として扱った: ウ 放射線治療計画システム
注意: p.297: 番号「エ」が並びに合わない（直前は「テ」）→ 本文として扱った: エ 患者が休憩できるベッド等
注意: p.297: 番号「ア」が並びに合わない（直前は「テ」）→ 本文として扱った: ア 放射線科を標榜している保険医療機関であること。
注意: p.297: 番号「イ」が並びに合わない（直前は「テ」）→ 本文として扱った: イ 専ら放射線治療を担当する常勤の医師が配置されていないこと
注意: p.297: 番号「ウ」が並びに合わない（直前は「テ」）→ 本文として扱った: ウ 放射線治療を担当する常勤の診療放射線技師が２名以上配置さ
注意: p.297: 番号「エ」が並びに合わない（直前は「テ」）→ 本文として扱った: エ 当該治療を行うために必要な次に掲げる機器及び施設を備えて
注意: p.297: 番号「①」が並びに合わない（直前は「⑥」）→ 本文として扱った: ① 直線加速器
注意: p.298: 番号「②」が並びに合わない（直前は「⑥」）→ 本文として扱った: ② 治療計画用ＣＴ装置及び三次元放射線治療計画システム
注意: p.298: 番号「③」が並びに合わない（直前は「⑥」）→ 本文として扱った: ③ セキュリティ対策を講じた遠隔放射線治療システム
注意: p.298: 番号「④」が並びに合わない（直前は「⑥」）→ 本文として扱った: ④ 第三者機関による直線加速器の出力線量の評価
注意: p.298: 番号「オ」が並びに合わない（直前は「テ」）→ 本文として扱った: オ 遠隔放射線治療の支援施設の放射線治療を専ら担当する医師と
注意: p.298: 番号「カ」が並びに合わない（直前は「テ」）→ 本文として扱った: カ 遠隔放射線治療及び医療情報のセキュリティ対策に関する指針
注意: p.298: 番号「キ」が並びに合わない（直前は「テ」）→ 本文として扱った: キ 関係学会の定めるガイドラインに基づき、当該治療を適切に実
注意: p.298: 番号「ア」が並びに合わない（直前は「テ」）→ 本文として扱った: ア 放射線治療を専ら担当する常勤の医師が２名以上配置されてお
注意: p.298: 番号「イ」が並びに合わない（直前は「テ」）→ 本文として扱った: イ 照射計画補助作業等を専ら担当する者（診療放射線技師その他
注意: p.298: 番号「ウ」が並びに合わない（直前は「テ」）→ 本文として扱った: ウ セキュリティ対策を講じた遠隔放射線治療システムを備えてい
注意: p.298: 番号「エ」が並びに合わない（直前は「テ」）→ 本文として扱った: エ 遠隔放射線治療及び医療情報のセキュリティ対策に関する指針
注意: p.298: 番号「オ」が並びに合わない（直前は「テ」）→ 本文として扱った: オ 関係学会の定めるガイドラインに基づき、当該支援を適切に実
注意: p.300: 番号「ア」が並びに合わない（直前は「テ」）→ 本文として扱った: ア 直線加速器
注意: p.300: 番号「イ」が並びに合わない（直前は「テ」）→ 本文として扱った: イ 治療計画用ＣＴ装置
注意: p.300: 番号「ウ」が並びに合わない（直前は「テ」）→ 本文として扱った: ウ インバースプラン（逆方向治療計画）の可能な三次元放射線治
注意: p.300: 番号「エ」が並びに合わない（直前は「テ」）→ 本文として扱った: エ 照射中心に対する患者の動きや臓器の体内移動を制限する装置
注意: p.300: 番号「オ」が並びに合わない（直前は「テ」）→ 本文として扱った: オ 平面上の照射強度を変化させることができる装置
注意: p.300: 番号「カ」が並びに合わない（直前は「テ」）→ 本文として扱った: カ 微小容量電離箱線量計又は半導体線量計（ダイヤモンド線量計
注意: p.301: 番号「キ」が並びに合わない（直前は「テ」）→ 本文として扱った: キ 二次元以上で相対的な線量分布を測定・比較できる機器
注意: p.301: 番号「ア」が並びに合わない（直前は「テ」）→ 本文として扱った: ア ２方向以上の透視が可能な装置
注意: p.301: 番号「イ」が並びに合わない（直前は「テ」）→ 本文として扱った: イ 画像照合可能なＣＴ装置
注意: p.301: 番号「ウ」が並びに合わない（直前は「テ」）→ 本文として扱った: ウ 画像照合可能な超音波診断装置
注意: p.302: 番号「ア」が並びに合わない（直前は「テ」）→ 本文として扱った: ア 体表面の位置情報により位置照合可能な装置
注意: p.302: 番号「イ」が並びに合わない（直前は「テ」）→ 本文として扱った: イ 骨構造の位置情報により位置照合可能な装置
注意: p.302: 番号「ウ」が並びに合わない（直前は「テ」）→ 本文として扱った: ウ 腫瘍の位置情報により位置照合可能な装置
注意: p.302: 番号「ア」が並びに合わない（直前は「テ」）→ 本文として扱った: ア 呼吸性移動が10mm以上の腫瘍（左乳癌に対して行う場合は
注意: p.302: 番号「イ」が並びに合わない（直前は「テ」）→ 本文として扱った: イ 実際の照射野内に腫瘍（左乳癌に対して行う場合は、標的）が
注意: p.305: 番号「ア」が並びに合わない（直前は「テ」）→ 本文として扱った: ア 粒子線治療装置
注意: p.305: 番号「イ」が並びに合わない（直前は「テ」）→ 本文として扱った: イ 治療計画用ＣＴ装置
注意: p.305: 番号「ウ」が並びに合わない（直前は「テ」）→ 本文として扱った: ウ 粒子線治療計画システム
注意: p.305: 番号「エ」が並びに合わない（直前は「テ」）→ 本文として扱った: エ 照射中心に対する患者の動きや臓器の体内移動を制限する装置
注意: p.305: 番号「オ」が並びに合わない（直前は「テ」）→ 本文として扱った: オ 微小容量電離箱線量計又は半導体線量計（ダイヤモンド線量計
注意: p.305: 番号「ア」が並びに合わない（直前は「テ」）→ 本文として扱った: ア 当該保険医療機関において「がん診療連携拠点病院等の整備に
注意: p.306: 番号「イ」が並びに合わない（直前は「テ」）→ 本文として扱った: イ 連携体制のあるがん診療連携拠点病院のキャンサーボードに、
注意: p.306: 番号「ア」が並びに合わない（直前は「テ」）→ 本文として扱った: ア 患者毎のコリメーターを用いる照射野形成装置
注意: p.306: 番号「イ」が並びに合わない（直前は「テ」）→ 本文として扱った: イ 患者毎のボーラスを用いる深部線量分布形成装置
注意: p.306: 番号「ウ」が並びに合わない（直前は「テ」）→ 本文として扱った: ウ ２方向以上の透視が可能な装置、画像照合可能なCT装置、又
注意: p.307: 番号「ア」が並びに合わない（直前は「テ」）→ 本文として扱った: ア ホウ素中性子捕捉療法装置
注意: p.307: 番号「イ」が並びに合わない（直前は「テ」）→ 本文として扱った: イ 治療計画用ＣＴ装置
注意: p.307: 番号「ウ」が並びに合わない（直前は「テ」）→ 本文として扱った: ウ ホウ素中性子捕捉療法計画システム
注意: p.307: 番号「エ」が並びに合わない（直前は「テ」）→ 本文として扱った: エ 照射中心に対する患者の動きや臓器の体内移動を制限する装置
注意: p.307: 番号「オ」が並びに合わない（直前は「テ」）→ 本文として扱った: オ ホウ素中性子捕捉療法装置での中性子計測の放射化法に適した
注意: p.308: 番号「ア」が並びに合わない（直前は「テ」）→ 本文として扱った: ア 当該保険医療機関において「がん診療連携拠点病院等の整備に
注意: p.308: 番号「イ」が並びに合わない（直前は「テ」）→ 本文として扱った: イ 連携体制のあるがん診療連携拠点病院のキャンサーボードに、
注意: p.310: 番号「ア」が並びに合わない（直前は「テ」）→ 本文として扱った: ア 画像照合可能なＣＴ又はＭＲＩ装置
注意: p.310: 番号「イ」が並びに合わない（直前は「テ」）→ 本文として扱った: イ 遠隔操作式密封小線源治療装置
注意: p.310: 番号「ウ」が並びに合わない（直前は「テ」）→ 本文として扱った: ウ 小線源治療用三次元的治療計画装置
注意: p.310: 番号「ア」が並びに合わない（直前は「テ」）→ 本文として扱った: ア 病理診断管理加算又は口腔病理診断管理加算の届出を行ってい
注意: p.310: 番号「イ」が並びに合わない（直前は「テ」）→ 本文として扱った: イ 特定機能病院、臨床研修指定病院、へき地医療拠点病院、基本
注意: p.310: 番号「ウ」が並びに合わない（直前は「テ」）→ 本文として扱った: ウ イに掲げる医療機関のうち、特定機能病院、臨床研修指定病院
注意: p.310: 番号「エ」が並びに合わない（直前は「テ」）→ 本文として扱った: エ 病理標本が送付される場合においては、受取側の保険医療機関
注意: p.310: 番号「オ」が並びに合わない（直前は「テ」）→ 本文として扱った: オ デジタル病理画像の観察及び評価を行う場合は、デジタル病理
注意: p.315: 番号「ア」が並びに合わない（直前は「テ」）→ 本文として扱った: ア 処方箋集中率等に基づく基準
注意: p.315: 番号「イ」が並びに合わない（直前は「テ」）→ 本文として扱った: イ 特定の保険医療機関からの処方箋受付回数に基づく基準（アに
注意: p.315: 番号「ア」が並びに合わない（直前は「テ」）→ 本文として扱った: ア 薬剤調製料の時間外加算、休日加算、深夜加算又は夜間・休日
注意: p.315: 番号「イ」が並びに合わない（直前は「テ」）→ 本文として扱った: イ 在宅患者訪問薬剤管理指導料、在宅患者緊急訪問薬剤管理指導
注意: p.315: 番号「ウ」が並びに合わない（直前は「テ」）→ 本文として扱った: ウ 介護保険法に基づく指定居宅サービスに要する費用の額の算定
注意: p.316: 番号「ア」が並びに合わない（直前は「テ」）→ 本文として扱った: ア 同一グループの保険薬局とは、次のいずれかに該当する保険薬
注意: p.316: 番号「①」が並びに合わない（直前は「⑥」）→ 本文として扱った: ① 保険薬局の事業者の最終親会社等
注意: p.316: 番号「②」が並びに合わない（直前は「⑥」）→ 本文として扱った: ② 保険薬局の事業者の最終親会社等の子会社等
注意: p.316: 番号「③」が並びに合わない（直前は「⑥」）→ 本文として扱った: ③ 保険薬局の事業者の最終親会社等の関連会社等
注意: p.316: 番号「④」が並びに合わない（直前は「⑥」）→ 本文として扱った: ④ ①から③までに掲げる者と保険薬局の運営に関するフランチャ
注意: p.316: 番号「イ」が並びに合わない（直前は「テ」）→ 本文として扱った: イ アの保険薬局の事業者の最終親会社等は、保険薬局の事業者を
注意: p.316: 番号「ウ」が並びに合わない（直前は「テ」）→ 本文として扱った: ウ イの親会社等は、次に掲げる者とする。
注意: p.316: 番号「①」が並びに合わない（直前は「⑥」）→ 本文として扱った: ① 他の法人（株式会社その他これに準じる形態の法人に限る。）
注意: p.316: 番号「②」が並びに合わない（直前は「⑥」）→ 本文として扱った: ② 他の法人（持分会社（会社法（平成17年法律第86号）第5
注意: p.316: 番号「③」が並びに合わない（直前は「⑥」）→ 本文として扱った: ③ 他の法人の事業の方針の決定に関して、①及び②に掲げる者と
注意: p.316: 番号「エ」が並びに合わない（直前は「テ」）→ 本文として扱った: エ ア②及びイの子会社等は、次に掲げる者とする。この場合にお
注意: p.316: 番号「①」が並びに合わない（直前は「⑥」）→ 本文として扱った: ① 法人等が議決権の過半数を所有している他の法人（株式会社そ
注意: p.317: 番号「②」が並びに合わない（直前は「⑥」）→ 本文として扱った: ② 法人等が資本金の過半数を出資している他の法人（持分会社そ
注意: p.317: 番号「③」が並びに合わない（直前は「⑥」）→ 本文として扱った: ③ 法人等が、他の法人の事業の方針の決定に関して、①及び②に
注意: p.317: 番号「オ」が並びに合わない（直前は「テ」）→ 本文として扱った: オ ア③の関連会社等とは、法人等及びその子会社等が、出資、人
注意: p.317: 番号「カ」が並びに合わない（直前は「テ」）→ 本文として扱った: カ 保険薬局の事業者の最終親会社等が連結財務諸表提出会社（連
注意: p.317: 番号「ア」が並びに合わない（直前は「テ」）→ 本文として扱った: ア 同一グループの保険薬局における処方箋の受付回数の合計が１
注意: p.317: 番号「イ」が並びに合わない（直前は「テ」）→ 本文として扱った: イ 同一グループの保険薬局における処方箋の受付回数の合計が１
注意: p.318: 番号「ア」が並びに合わない（直前は「テ」）→ 本文として扱った: ア 処方箋集中率が85％を超えるもの
注意: p.318: 番号「イ」が並びに合わない（直前は「テ」）→ 本文として扱った: イ 特定の保険医療機関との間で不動産の賃貸借取引があるもの
注意: p.318: 番号「ア」が並びに合わない（直前は「テ」）→ 本文として扱った: ア 前年４月末日以降継続して保険薬局に指定されている薬局の場
注意: p.318: 番号「イ」が並びに合わない（直前は「テ」）→ 本文として扱った: イ 前年５月１日から当年３月末日までに新規指定された保険薬局
注意: p.318: 番号「ウ」が並びに合わない（直前は「テ」）→ 本文として扱った: ウ 開設者の変更（親から子へ、個人形態から法人形態へ、有限会
注意: p.318: 番号「ア」が並びに合わない（直前は「テ」）→ 本文として扱った: ア 保険医療機関が所有又は賃借（賃料が発生しない場合を含む。
注意: p.319: 番号「イ」が並びに合わない（直前は「テ」）→ 本文として扱った: イ 保険薬局が所有又は賃借する不動産を第三者が賃借し、当該賃
注意: p.319: 番号「ウ」が並びに合わない（直前は「テ」）→ 本文として扱った: ウ 保険医療機関及び保険薬局の開設者の近親者が当該契約の名義
注意: p.319: 番号「ア」が並びに合わない（直前は「テ」）→ 本文として扱った: ア 保険薬局の個々の店舗について、その土地又は建物が特定の保
注意: p.319: 番号「イ」が並びに合わない（直前は「テ」）→ 本文として扱った: イ 保険医療機関が保険薬局の事業者（当該保険薬局の事業者の最
注意: p.319: 番号「ア」が並びに合わない（直前は「テ」）→ 本文として扱った: ア 当該保険医療機関と不動産の賃貸借取引関係にある保険薬局で
注意: p.319: 番号「イ」が並びに合わない（直前は「テ」）→ 本文として扱った: イ 当該保険医療機関が譲り渡した不動産（保険薬局以外の者に譲
注意: p.319: 番号「ウ」が並びに合わない（直前は「テ」）→ 本文として扱った: ウ 当該保険医療機関に対し、当該保険薬局が所有する会議室その
注意: p.319: 番号「エ」が並びに合わない（直前は「テ」）→ 本文として扱った: エ 当該保険医療機関から開局時期の指定を受けて開局した保険薬
注意: p.320: 番号「ア」が並びに合わない（直前は「テ」）→ 本文として扱った: ア 病院である保険医療機関と不動産の賃貸借取引関係にある保険
注意: p.320: 番号「イ」が並びに合わない（直前は「テ」）→ 本文として扱った: イ 平成28年９月30日以前に開局した保険薬局であって、平成
注意: p.320: 番号「ウ」が並びに合わない（直前は「テ」）→ 本文として扱った: ウ 診療所である保険医療機関と不動産の賃貸借取引関係にある保
注意: p.320: 番号「エ」が並びに合わない（直前は「テ」）→ 本文として扱った: エ 平成30年３月31日以前に開局した保険薬局であって、平成
注意: p.320: 番号「オ」が並びに合わない（直前は「テ」）→ 本文として扱った: オ ウ及びエについては、平成30年３月31日以前に不動産の賃
注意: p.320: 番号「ア」が並びに合わない（直前は「テ」）→ 本文として扱った: ア 病院である保険医療機関が譲り渡した不動産を利用して、平成
注意: p.320: 番号「イ」が並びに合わない（直前は「テ」）→ 本文として扱った: イ 平成28年９月30日以前に開局した保険薬局であって、平成
注意: p.320: 番号「ウ」が並びに合わない（直前は「テ」）→ 本文として扱った: ウ 診療所である保険医療機関が譲り渡した不動産を利用して、平
注意: p.320: 番号「エ」が並びに合わない（直前は「テ」）→ 本文として扱った: エ 平成30年３月31日以前に開局した保険薬局であって、平成
注意: p.321: 番号「オ」が並びに合わない（直前は「テ」）→ 本文として扱った: オ ウ及びエについては、平成30年３月31日以前に不動産の賃
注意: p.321: 番号「ア」が並びに合わない（直前は「テ」）→ 本文として扱った: ア 病院又はその開設者からの公募（病院又はその開設者からの依
注意: p.321: 番号「イ」が並びに合わない（直前は「テ」）→ 本文として扱った: イ 診療所からの公募に応じるなど、開局時期の指定を受けて平成
注意: p.321: 番号「ア」が並びに合わない（直前は「テ」）→ 本文として扱った: ア 病院である保険医療機関と不動産の賃貸借取引関係にある保険
注意: p.321: 番号「イ」が並びに合わない（直前は「テ」）→ 本文として扱った: イ 病院である保険医療機関と不動産の賃貸借取引関係にある保険
注意: p.322: 番号「ウ」が並びに合わない（直前は「テ」）→ 本文として扱った: ウ 病院である保険医療機関と不動産の賃貸借取引関係にある保険
注意: p.322: 番号「エ」が並びに合わない（直前は「テ」）→ 本文として扱った: エ 診療所である保険医療機関と不動産の賃貸借取引関係にある保
注意: p.322: 番号「オ」が並びに合わない（直前は「テ」）→ 本文として扱った: オ 診療所である保険医療機関と不動産の賃貸借取引関係にある保
注意: p.322: 番号「カ」が並びに合わない（直前は「テ」）→ 本文として扱った: カ 診療所である保険医療機関と不動産の賃貸借取引関係にある保
注意: p.327: 番号「ア」が並びに合わない（直前は「エ」）→ 本文として扱った: ア 保険調剤に係る医薬品として1200品目以上の医薬品を備蓄
注意: p.327: 番号「イ」が並びに合わない（直前は「エ」）→ 本文として扱った: イ 当該保険薬局の存する地域の保険医療機関又は保険薬局（同一
注意: p.327: 番号「ウ」が並びに合わない（直前は「エ」）→ 本文として扱った: ウ 医療材料及び衛生材料を供給できる体制を有していること。ま
注意: p.327: 番号「エ」が重複している（原本の誤植と思われる）: エ 麻薬及び向精神薬取締法（昭和28年法律第14号）第３条の
注意: p.328: 番号「ア」が並びに合わない（直前は「カ」）→ 本文として扱った: ア 当該保険薬局の開局時間は、平日は１日８時間以上、土曜日又
注意: p.328: 番号「イ」が並びに合わない（直前は「カ」）→ 本文として扱った: イ 当該保険薬局のみ又は当該保険薬局を含む近隣の保険薬局と連
注意: p.328: 番号「ウ」が並びに合わない（直前は「カ」）→ 本文として扱った: ウ 当該保険薬局を利用する患者及びその家族等からの相談等に対
注意: p.329: 番号「エ」が並びに合わない（直前は「カ」）→ 本文として扱った: エ 地域の行政機関、保険医療機関、訪問看護ステーション及び福
注意: p.329: 番号「ア」が並びに合わない（直前は「カ」）→ 本文として扱った: ア 在宅療養の支援に係る診療所又は病院及び訪問看護ステーショ
注意: p.329: 番号「イ」が並びに合わない（直前は「カ」）→ 本文として扱った: イ 当該地域において、介護支援専門員（ケアマネジャー）、社会
注意: p.329: 番号「ウ」が並びに合わない（直前は「カ」）→ 本文として扱った: ウ 在宅患者に対する薬学的管理及び指導の実績としては、在宅患
注意: p.329: 番号「エ」が並びに合わない（直前は「カ」）→ 本文として扱った: エ 当該保険薬局は、地方厚生（支）局長に対して在宅患者訪問薬
注意: p.329: 番号「ア」が並びに合わない（直前は「カ」）→ 本文として扱った: ア 医薬品医療機器情報配信サービス（ＰＭＤＡメディナビ）に登
注意: p.329: 番号「イ」が並びに合わない（直前は「カ」）→ 本文として扱った: イ 「薬局機能情報提供制度の考え方及び報告に当たっての留意点
注意: p.330: 番号「ウ」が並びに合わない（直前は「カ」）→ 本文として扱った: ウ 副作用報告に係る手順書を作成し、報告を実施する体制を有し
注意: p.330: 番号「ア」が並びに合わない（直前は「カ」）→ 本文として扱った: ア 施設基準の届出時点において、保険薬剤師として５年以上の保
注意: p.330: 番号「イ」が並びに合わない（直前は「カ」）→ 本文として扱った: イ 当該保険薬局に週32時間以上勤務していること。
注意: p.330: 番号「ウ」が並びに合わない（直前は「カ」）→ 本文として扱った: ウ 施設基準の届出時点において、当該保険薬局に継続して１年以
注意: p.330: 番号「ア」が並びに合わない（直前は「カ」）→ 本文として扱った: ア 要指導医薬品及び一般用医薬品を販売していること。なお、要
注意: p.330: 番号「イ」が並びに合わない（直前は「カ」）→ 本文として扱った: イ 健康相談又は健康教室を行うとともに、栄養・食生活、身体活
注意: p.331: 番号「ウ」が並びに合わない（直前は「カ」）→ 本文として扱った: ウ 緊急避妊薬を備蓄するとともに、当該医薬品を必要とする者に
注意: p.331: 番号「エ」が並びに合わない（直前は「カ」）→ 本文として扱った: エ 当該保険薬局の敷地内における禁煙の取扱いについて、次の基
注意: p.331: 番号「オ」が並びに合わない（直前は「カ」）→ 本文として扱った: オ 当該保険薬局及び当該保険薬局に併設される医薬品の店舗販売
注意: p.332: 番号「ア」が並びに合わない（直前は「テ」）→ 本文として扱った: ア 当該保険薬局において、感染症に係る最新の科学的知見に基づ
注意: p.332: 番号「イ」が並びに合わない（直前は「テ」）→ 本文として扱った: イ 新型インフルエンザ等感染症、指定感染症又は新感染症（以下
注意: p.332: 番号「ウ」が並びに合わない（直前は「テ」）→ 本文として扱った: ウ 新型インフルエンザ等感染症等に係る発生等の公表が行われた
注意: p.332: 番号「エ」が並びに合わない（直前は「テ」）→ 本文として扱った: エ 新型インフルエンザ等感染症等に係る医療の提供を迅速かつ的
注意: p.332: 番号「オ」が並びに合わない（直前は「テ」）→ 本文として扱った: オ 新型インフルエンザ等感染症等の発生時等において、要指導医
注意: p.332: 番号「ア」が並びに合わない（直前は「テ」）→ 本文として扱った: ア 災害の発生時等に、医薬品の提供施設として薬局機能を維持し
注意: p.332: 番号「イ」が並びに合わない（直前は「テ」）→ 本文として扱った: イ 医薬品の供給や地域の衛生管理に係る対応等を行うことについ
注意: p.333: 番号「ウ」が並びに合わない（直前は「テ」）→ 本文として扱った: ウ 災害の発生時等において、地方公共団体や地域の薬剤師会等と
注意: p.333: 番号「ア」が並びに合わない（直前は「テ」）→ 本文として扱った: ア 「オンライン服薬指導の実施要領について」（令和４年９月3
注意: p.333: 番号「イ」が並びに合わない（直前は「テ」）→ 本文として扱った: イ オンライン服薬指導の実施要領の第４の（５）に基づき、薬局
注意: p.333: 番号「ウ」が並びに合わない（直前は「テ」）→ 本文として扱った: ウ 最新の厚生労働省「医療情報システムの安全管理に関するガイ
注意: p.339: 番号「ア」が並びに合わない（直前は「テ」）→ 本文として扱った: ア オンライン資格確認を行う体制を有していること。
注意: p.339: 番号「イ」が並びに合わない（直前は「テ」）→ 本文として扱った: イ 当該保険薬局に来局した患者に対し、薬剤情報、特定健診情報
注意: p.342: 番号「ア」が並びに合わない（直前は「イ」）→ 本文として扱った: ア 救急搬送実績は、賃金の改善を実施する期間を含む年度(以下
注意: p.342: 番号「イ」が重複している（原本の誤植と思われる）: イ アにかかわらず、新規届出を行う保険医療機関については、新
注意: p.352: 番号「ア」が並びに合わない（直前は「テ」）→ 本文として扱った: ア 社会保険診療(租税特別措置法(昭和32年法律第26号)第
注意: p.352: 番号「イ」が並びに合わない（直前は「テ」）→ 本文として扱った: イ 健康増進法(平成14年法律第103号)第六条各号に掲げる
注意: p.352: 番号「ウ」が並びに合わない（直前は「テ」）→ 本文として扱った: ウ 予防接種(予防接種法(昭和23年法律第68号)第２条第６
注意: p.352: 番号「エ」が並びに合わない（直前は「テ」）→ 本文として扱った: エ 助産(社会保険診療及び健康増進事業に係るものを除く。)に
注意: p.352: 番号「オ」が並びに合わない（直前は「テ」）→ 本文として扱った: オ 介護保険法の規定による保険給付に係る収入金額(租税特別措
注意: p.352: 番号「カ」が並びに合わない（直前は「テ」）→ 本文として扱った: カ 障害者の日常生活及び社会生活を総合的に支援するための法律
注意: p.353: 番号「キ」が並びに合わない（直前は「テ」）→ 本文として扱った: キ 児童福祉法第21条の５の２に規定する障害児通所給付費及び
注意: p.353: 番号「ク」が並びに合わない（直前は「テ」）→ 本文として扱った: ク 国、地方公共団体及び保険者等が交付する補助金等に係る収入
注意: p.363: 番号「ア」が並びに合わない（直前は「テ」）→ 本文として扱った: ア 薬剤師
注意: p.363: 番号「イ」が並びに合わない（直前は「テ」）→ 本文として扱った: イ 保健師
注意: p.363: 番号「ウ」が並びに合わない（直前は「テ」）→ 本文として扱った: ウ 助産師
注意: p.363: 番号「エ」が並びに合わない（直前は「テ」）→ 本文として扱った: エ 看護師
注意: p.363: 番号「オ」が並びに合わない（直前は「テ」）→ 本文として扱った: オ 准看護師
注意: p.363: 番号「カ」が並びに合わない（直前は「テ」）→ 本文として扱った: カ 看護補助者
注意: p.363: 番号「キ」が並びに合わない（直前は「テ」）→ 本文として扱った: キ 理学療法士
注意: p.363: 番号「ク」が並びに合わない（直前は「テ」）→ 本文として扱った: ク 作業療法士
注意: p.363: 番号「ケ」が並びに合わない（直前は「テ」）→ 本文として扱った: ケ 視能訓練士
注意: p.363: 番号「コ」が並びに合わない（直前は「テ」）→ 本文として扱った: コ 言語聴覚士
注意: p.363: 番号「サ」が並びに合わない（直前は「テ」）→ 本文として扱った: サ 義肢装具士
注意: p.363: 番号「シ」が並びに合わない（直前は「テ」）→ 本文として扱った: シ 歯科衛生士
注意: p.363: 番号「ス」が並びに合わない（直前は「テ」）→ 本文として扱った: ス 歯科技工士
注意: p.363: 番号「セ」が並びに合わない（直前は「テ」）→ 本文として扱った: セ 歯科業務補助者
注意: p.363: 番号「ソ」が並びに合わない（直前は「テ」）→ 本文として扱った: ソ 診療放射線技師
注意: p.363: 番号「タ」が並びに合わない（直前は「テ」）→ 本文として扱った: タ 診療エックス線技師
注意: p.363: 番号「チ」が並びに合わない（直前は「テ」）→ 本文として扱った: チ 臨床検査技師
注意: p.363: 番号「ツ」が並びに合わない（直前は「テ」）→ 本文として扱った: ツ 衛生検査技師
注意: p.363: 番号「テ」が重複している（原本の誤植と思われる）: テ 臨床工学技士
注意: p.390: 番号「ア」が並びに合わない（直前は「テ」）→ 本文として扱った: ア 酸素吸入設備 オ 動脈血ガス分析装置
注意: p.390: 番号「イ」が並びに合わない（直前は「テ」）→ 本文として扱った: イ 気管内挿管又は気管切開の器具 カ スパイロメトリー用装置
注意: p.390: 番号「ウ」が並びに合わない（直前は「テ」）→ 本文として扱った: ウ レスピレーター キ 胸部エックス線撮影装置
注意: p.390: 番号「エ」が並びに合わない（直前は「テ」）→ 本文として扱った: エ 気道内分泌物吸引装置
注意: p.390: 番号「ア」が並びに合わない（直前は「テ」）→ 本文として扱った: ア 自院 イ 連携
注意: p.390: 番号「ア」が並びに合わない（直前は「テ」）→ 本文として扱った: ア 連携保険医療機関の名称
注意: p.390: 番号「イ」が並びに合わない（直前は「テ」）→ 本文として扱った: イ 開設者名
注意: p.390: 番号「ウ」が並びに合わない（直前は「テ」）→ 本文として扱った: ウ 所在地
注意: p.390: 番号「ア」が並びに合わない（直前は「テ」）→ 本文として扱った: ア 酸素吸入設備 オ 動脈血ガス分析装置
注意: p.390: 番号「イ」が並びに合わない（直前は「テ」）→ 本文として扱った: イ 気管内挿管又は気管切開の器具 カ スパイロメトリー用装置
注意: p.390: 番号「ウ」が並びに合わない（直前は「テ」）→ 本文として扱った: ウ レスピレーター キ 胸部エックス線撮影装置
注意: p.390: 番号「エ」が並びに合わない（直前は「テ」）→ 本文として扱った: エ 気道内分泌物吸引装置
注意: p.396: 番号「ア」が並びに合わない（直前は「テ」）→ 本文として扱った: ア 身体症状の緩和を □専従
注意: p.396: 番号「イ」が並びに合わない（直前は「テ」）→ 本文として扱った: イ 精神症状の緩和を □専従
注意: p.396: 番号「ウ」が並びに合わない（直前は「テ」）→ 本文として扱った: ウ 緩和ケアの経験を □常勤 □専従 □ □緩和ケア診療
注意: p.396: 番号「エ」が並びに合わない（直前は「テ」）→ 本文として扱った: エ 緩和ケアの経験を □常勤 □専従 □緩和ケア診療
注意: p.401: 番号「①」が並びに合わない（直前は「⑥」）→ 本文として扱った: ① 名
注意: p.401: 番号「①」が並びに合わない（直前は「⑥」）→ 本文として扱った: ①のうち、当該期間後の７月末日までに HbA1ｃが改善又
注意: p.401: 番号「②」が並びに合わない（直前は「⑥」）→ 本文として扱った: ② 名
注意: p.401: 番号「①」が並びに合わない（直前は「⑥」）→ 本文として扱った: ①のうち、当該期間後の７月末日までに血中 Cre 又は
注意: p.401: 番号「③」が並びに合わない（直前は「⑥」）→ 本文として扱った: ③ 名
注意: p.401: 番号「①」が並びに合わない（直前は「⑥」）→ 本文として扱った: ①のうち、当該期間後の７月末日までに血圧が改善又は
注意: p.401: 番号「④」が並びに合わない（直前は「⑥」）→ 本文として扱った: ④ 名
注意: p.402: 番号「①」が並びに合わない（直前は「⑥」）→ 本文として扱った: ① 名
注意: p.402: 番号「①」が並びに合わない（直前は「⑥」）→ 本文として扱った: ①のうち、eGFR 又はeGFR （ml/分/1.73m2）
注意: p.402: 番号「②」が並びに合わない（直前は「⑥」）→ 本文として扱った: ② 名
注意: p.402: 番号「②」が並びに合わない（直前は「⑥」）→ 本文として扱った: ②のうち、①の算定時点から３か月以上経過した時
注意: p.402: 番号「③」が並びに合わない（直前は「⑥」）→ 本文として扱った: ③ 名
注意: p.402: 番号「②」が並びに合わない（直前は「⑥」）→ 本文として扱った: ②のうち、①の算定時点から３か月以上経過した時
注意: p.402: 番号「④」が並びに合わない（直前は「⑥」）→ 本文として扱った: ④ 名
注意: p.402: 番号「②」が並びに合わない（直前は「⑥」）→ 本文として扱った: ②のうち、①で eGFR 又はeGFR を算出した時点か
注意: p.402: 番号「③」が並びに合わない（直前は「⑥」）→ 本文として扱った: ③、④、⑤のいずれかに該当する実患者数
注意: p.402: 番号「⑥」が重複している（原本の誤植と思われる）: ⑥ 名
注意: p.402: 番号「⑥」が重複している（原本の誤植と思われる）: ⑥／②
注意: p.408: 番号「①」が並びに合わない（直前は「⑥」）→ 本文として扱った: ① 採卵を行う専用の室 □ 心電計 □ 清潔な手洗いの設備を
注意: p.408: 番号「②」が並びに合わない（直前は「⑥」）→ 本文として扱った: ② 培養を行う専用の室 □ 施錠可能である
注意: p.408: 番号「③」が並びに合わない（直前は「⑥」）→ 本文として扱った: ③ 凍結保存を行う専用の室 □ 施錠可能である
注意: p.408: 番号「④」が並びに合わない（直前は「⑥」）→ 本文として扱った: ④ 兼用の有無
注意: p.411: 番号「①」が並びに合わない（直前は「⑥」）→ 本文として扱った: ① 医療に係る安全管理のための指針を整備し、医療機関内に掲げ
注意: p.411: 番号「②」が並びに合わない（直前は「⑥」）→ 本文として扱った: ② 医療に係る安全管理のための委員会を設置し、安全管理の現状
注意: p.411: 番号「③」が並びに合わない（直前は「⑥」）→ 本文として扱った: ③ 医療に係る安全管理のための職員研修を定期的に実施している
注意: p.411: 番号「④」が並びに合わない（直前は「⑥」）→ 本文として扱った: ④ 医療機関内における事故報告等の医療に係る安全の確保を目的
注意: p.411: 番号「⑤」が並びに合わない（直前は「⑥」）→ 本文として扱った: ⑤ 自医療機関において保存されている配偶子、受精卵の保存管理
注意: p.411: 番号「⑥」が重複している（原本の誤植と思われる）: ⑥ 体外での配偶子・受精卵の操作に当たっては、安全確保の観点
注意: p.414: 番号「ア」が並びに合わない（直前は「テ」）→ 本文として扱った: ア 自医療機関 イ 連携医療機関 （いずれかに○をつけること
注意: p.415: 番号「ア」が並びに合わない（直前は「テ」）→ 本文として扱った: ア 自医療機関 イ 連携医療機関 （いずれかに○をつけること
注意: p.418: 番号「①」が並びに合わない（直前は「⑥」）→ 本文として扱った: ① 保険医療機関名（診療所又は200 床未満の病院）
注意: p.418: 番号「②」が並びに合わない（直前は「⑥」）→ 本文として扱った: ② 研修を修了した医師の氏名
注意: p.418: 番号「③」が並びに合わない（直前は「⑥」）→ 本文として扱った: ③ 介護支援専門員及び相談支援専門員からの相談に
注意: p.418: 番号「④」が並びに合わない（直前は「⑥」）→ 本文として扱った: ④ 院外処方を行う場合の連携薬局名（診療所の場合）
注意: p.418: 番号「⑤」が並びに合わない（直前は「⑥」）→ 本文として扱った: ⑤ 敷地内が禁煙であること □
注意: p.418: 番号「⑥」が重複している（原本の誤植と思われる）: ⑥ 旨を院内掲示している
注意: p.418: 番号「⑥」が重複している（原本の誤植と思われる）: ⑥-2 介護認定審査会に参加 □
注意: p.419: 番号「⑩」が並びに合わない（直前は「⑦」）→ 本文として扱った: ⑩-2 した患者のうち、往診又は訪問診療を実施した患者 ％
注意: p.420: 番号「ア」が並びに合わない（直前は「テ」）→ 本文として扱った: ア 時間外対応加算２または４の届出を行っている。
注意: p.420: 番号「イ」が並びに合わない（直前は「テ」）→ 本文として扱った: イ 以下のいずれも満たす。
注意: p.420: 番号「エ」が並びに合わない（直前は「テ」）→ 本文として扱った: エ 幼稚園の園医、保育所の嘱託医又は小学校若しくは中学校の学
注意: p.424: 番号「ア」が並びに合わない（直前は「テ」）→ 本文として扱った: ア 禁煙治療を行っている旨の院内掲示をしている。
注意: p.424: 番号「イ」が並びに合わない（直前は「テ」）→ 本文として扱った: イ 敷地内が禁煙である。なお、保険医療機関が建造物の一部分を
注意: p.424: 番号「①」が並びに合わない（直前は「⑦」）→ 本文として扱った: ① 回
注意: p.424: 番号「②」が並びに合わない（直前は「⑦」）→ 本文として扱った: ② 回
注意: p.424: 番号「④」が並びに合わない（直前は「⑦」）→ 本文として扱った: ④ 回
注意: p.426: 番号「①」が並びに合わない（直前は「⑦」）→ 本文として扱った: ① 名
注意: p.426: 番号「①」が並びに合わない（直前は「⑦」）→ 本文として扱った: ①のうち、当該期間後の7月末日までに１２週間にわたる
注意: p.426: 番号「②」が並びに合わない（直前は「⑦」）→ 本文として扱った: ② 名
注意: p.426: 番号「②」が並びに合わない（直前は「⑦」）→ 本文として扱った: ②のうち、禁煙に成功した者 ③ 名
注意: p.426: 番号「④」が並びに合わない（直前は「⑦」）→ 本文として扱った: ④ 名
注意: p.426: 番号「⑤」が並びに合わない（直前は「⑦」）→ 本文として扱った: ⑤ 回
注意: p.426: 番号「⑥」が並びに合わない（直前は「⑦」）→ 本文として扱った: ⑥ 回
注意: p.426: 番号「①」が並びに合わない（直前は「⑧」）→ 本文として扱った: ①のうち、ニコチン依存症治療補助アプリを用いて
注意: p.426: 番号「②」が並びに合わない（直前は「⑨」）→ 本文として扱った: ②のうち、ニコチン依存症治療補助アプリを用いて
注意: p.426: 番号「③」が並びに合わない（直前は「⑩」）→ 本文として扱った: ③のうち、ニコチン依存症治療補助アプリを用いて
注意: p.430: 番号「ア」が並びに合わない（直前は「テ」）→ 本文として扱った: ア 当該２次医療圏の当該病院の開設者と直接関係のない（雇用関
注意: p.430: 番号「イ」が並びに合わない（直前は「テ」）→ 本文として扱った: イ 当該２次医療圏の医師若しくは歯科医師の５割以上が登録して
注意: p.430: 番号「ウ」が並びに合わない（直前は「テ」）→ 本文として扱った: ウ 当該２次医療圏の一つの診療科を主として標榜する、当該病院
注意: p.430: 番号「エ」が並びに合わない（直前は「テ」）→ 本文として扱った: エ 当該２次医療圏の当該一つの診療科を主として標榜する診療所
注意: p.432: 番号「①」が並びに合わない（直前は「⑪」）→ 本文として扱った: ①
注意: p.432: 番号「③」が並びに合わない（直前は「⑪」）→ 本文として扱った: ③
注意: p.432: 番号「①」が並びに合わない（直前は「⑪」）→ 本文として扱った: ① （ ）床
注意: p.432: 番号「②」が並びに合わない（直前は「⑪」）→ 本文として扱った: ② （ ）床
注意: p.432: 番号「③」が並びに合わない（直前は「⑪」）→ 本文として扱った: ③ （ ）床
注意: p.432: 番号「④」が並びに合わない（直前は「⑪」）→ 本文として扱った: ④ （ ）床
注意: p.432: 番号「⑤」が並びに合わない（直前は「⑪」）→ 本文として扱った: ⑤ （ ）床
注意: p.432: 番号「⑥」が並びに合わない（直前は「⑪」）→ 本文として扱った: ⑥ （ ）床
注意: p.432: 番号「⑦」が並びに合わない（直前は「⑪」）→ 本文として扱った: ⑦ （ ）床
注意: p.432: 番号「⑧」が並びに合わない（直前は「⑪」）→ 本文として扱った: ⑧ （ ）床
注意: p.434: 番号「①」が並びに合わない（直前は「⑪」）→ 本文として扱った: ① 在宅緩和ケア充実診療所・病院加算 （ 有 ・ 無 ）
注意: p.434: 番号「②」が並びに合わない（直前は「⑪」）→ 本文として扱った: ② 在宅療養実績加算１ （ 有 ・ 無 ）
注意: p.434: 番号「③」が並びに合わない（直前は「⑪」）→ 本文として扱った: ③ 在宅療養実績加算２ （ 有 ・ 無 ）
注意: p.434: 番号「①」が並びに合わない（直前は「⑪」）→ 本文として扱った: ① 氏名 （ ）
注意: p.434: 番号「②」が並びに合わない（直前は「⑪」）→ 本文として扱った: ② 勤務を行った保険医療機関名 （ ）
注意: p.434: 番号「③」が並びに合わない（直前は「⑪」）→ 本文として扱った: ③ 勤務を行った期間（ 年 月 日～ 年 月 日）
注意: p.434: 番号「①」が並びに合わない（直前は「⑪」）→ 本文として扱った: ①
注意: p.434: 番号「②」が並びに合わない（直前は「⑪」）→ 本文として扱った: ②
注意: p.434: 番号「③」が並びに合わない（直前は「⑪」）→ 本文として扱った: ③
注意: p.434: 番号「④」が並びに合わない（直前は「⑪」）→ 本文として扱った: ④
注意: p.434: 番号「⑤」が並びに合わない（直前は「⑪」）→ 本文として扱った: ⑤
注意: p.434: 番号「①」が並びに合わない（直前は「⑪」）→ 本文として扱った: ① 在宅時医学総合管理料を算定した患者数 名
注意: p.434: 番号「②」が並びに合わない（直前は「⑪」）→ 本文として扱った: ② 施設入居時等医学総合管理料を算定した患者数 名
注意: p.434: 番号「③」が並びに合わない（直前は「⑪」）→ 本文として扱った: ③ ①及び②のうち、要介護３以上又は別表第八の二に規定する
注意: p.435: 番号「④」が並びに合わない（直前は「⑪」）→ 本文として扱った: ④ 施設入居時等医学総合管理料を算定した患者の割合
注意: p.435: 番号「②」が並びに合わない（直前は「⑪」）→ 本文として扱った: ②／（①＋②） ％
注意: p.435: 番号「⑤」が並びに合わない（直前は「⑪」）→ 本文として扱った: ⑤ 要介護３又は別表第八の二に規定する別に厚生労働大臣が定め
注意: p.435: 番号「③」が並びに合わない（直前は「⑪」）→ 本文として扱った: ③／（①＋②） ％
注意: p.436: 番号「①」が並びに合わない（直前は「⑪」）→ 本文として扱った: ①
注意: p.436: 番号「③」が並びに合わない（直前は「⑪」）→ 本文として扱った: ③
注意: p.436: 番号「①」が並びに合わない（直前は「⑪」）→ 本文として扱った: ① （ ）床
注意: p.436: 番号「②」が並びに合わない（直前は「⑪」）→ 本文として扱った: ② （ ）床
注意: p.436: 番号「③」が並びに合わない（直前は「⑪」）→ 本文として扱った: ③ （ ）床
注意: p.436: 番号「④」が並びに合わない（直前は「⑪」）→ 本文として扱った: ④ （ ）床
注意: p.436: 番号「⑤」が並びに合わない（直前は「⑪」）→ 本文として扱った: ⑤ （ ）床
注意: p.436: 番号「⑥」が並びに合わない（直前は「⑪」）→ 本文として扱った: ⑥ （ ）床
注意: p.436: 番号「⑦」が並びに合わない（直前は「⑪」）→ 本文として扱った: ⑦ （ ）床
注意: p.436: 番号「⑧」が並びに合わない（直前は「⑪」）→ 本文として扱った: ⑧ （ ）床
注意: p.437: 番号「①」が並びに合わない（直前は「⑪」）→ 本文として扱った: ① 在宅緩和ケア充実診療所・病院加算 （ 有 ・ 無 ）
注意: p.437: 番号「②」が並びに合わない（直前は「⑪」）→ 本文として扱った: ② 在宅療養実績加算１ （ 有 ・ 無 ）
注意: p.437: 番号「③」が並びに合わない（直前は「⑪」）→ 本文として扱った: ③ 在宅療養実績加算２ （ 有 ・ 無 ）
注意: p.437: 番号「①」が並びに合わない（直前は「⑪」）→ 本文として扱った: ① 氏名 （ ）
注意: p.437: 番号「②」が並びに合わない（直前は「⑪」）→ 本文として扱った: ② 勤務を行った保険医療機関名 （ ）
注意: p.437: 番号「③」が並びに合わない（直前は「⑪」）→ 本文として扱った: ③ 勤務を行った期間（ 年 月 日～ 年 月 日）
注意: p.439: 番号「①」が並びに合わない（直前は「⑪」）→ 本文として扱った: ①＋②＋③＋④
注意: p.439: 番号「①」が並びに合わない（直前は「⑪」）→ 本文として扱った: ①＋②
注意: p.439: 番号「①」が並びに合わない（直前は「⑪」）→ 本文として扱った: ①
注意: p.439: 番号「②」が並びに合わない（直前は「⑪」）→ 本文として扱った: ②
注意: p.439: 番号「③」が並びに合わない（直前は「⑪」）→ 本文として扱った: ③＋④
注意: p.439: 番号「③」が並びに合わない（直前は「⑪」）→ 本文として扱った: ③
注意: p.439: 番号「④」が並びに合わない（直前は「⑪」）→ 本文として扱った: ④
注意: p.439: 番号「①」が並びに合わない（直前は「⑪」）→ 本文として扱った: ①＋②＋③ ① ② ③
注意: p.439: 番号「①」が並びに合わない（直前は「⑪」）→ 本文として扱った: ① 初診、再診、往診又は訪問診療を実施した患者数 （ ）名
注意: p.439: 番号「②」が並びに合わない（直前は「⑪」）→ 本文として扱った: ② 往診又は訪問診療を実施した患者数 （ ）名
注意: p.439: 番号「③」が並びに合わない（直前は「⑪」）→ 本文として扱った: ③ 往診又は訪問診療を実施した患者の割合（②／①） （ ）％
注意: p.440: 番号「①」が並びに合わない（直前は「⑪」）→ 本文として扱った: ①
注意: p.440: 番号「②」が並びに合わない（直前は「⑪」）→ 本文として扱った: ②
注意: p.440: 番号「③」が並びに合わない（直前は「⑪」）→ 本文として扱った: ③
注意: p.440: 番号「④」が並びに合わない（直前は「⑪」）→ 本文として扱った: ④
注意: p.440: 番号「⑤」が並びに合わない（直前は「⑪」）→ 本文として扱った: ⑤
注意: p.440: 番号「①」が並びに合わない（直前は「⑪」）→ 本文として扱った: ①在宅時医学総合管理料を算定した患者数 名
注意: p.440: 番号「②」が並びに合わない（直前は「⑪」）→ 本文として扱った: ②施設入居時等医学総合管理料を算定した患者数 名
注意: p.440: 番号「①」が並びに合わない（直前は「⑪」）→ 本文として扱った: ①及び②のうち、要介護３以上又は別表第八の二に規定する別に
注意: p.440: 番号「③」が並びに合わない（直前は「⑪」）→ 本文として扱った: ③ 名
注意: p.440: 番号「④」が並びに合わない（直前は「⑪」）→ 本文として扱った: ④ ％
注意: p.440: 番号「②」が並びに合わない（直前は「⑪」）→ 本文として扱った: ②／（①＋②）
注意: p.440: 番号「⑤」が並びに合わない（直前は「⑪」）→ 本文として扱った: ⑤ ％
注意: p.441: 番号「①」が並びに合わない（直前は「⑪」）→ 本文として扱った: ①＋②＋③＋④
注意: p.441: 番号「①」が並びに合わない（直前は「⑪」）→ 本文として扱った: ①＋②
注意: p.441: 番号「①」が並びに合わない（直前は「⑪」）→ 本文として扱った: ①
注意: p.441: 番号「②」が並びに合わない（直前は「⑪」）→ 本文として扱った: ②
注意: p.441: 番号「③」が並びに合わない（直前は「⑪」）→ 本文として扱った: ③＋④
注意: p.441: 番号「③」が並びに合わない（直前は「⑪」）→ 本文として扱った: ③
注意: p.441: 番号「④」が並びに合わない（直前は「⑪」）→ 本文として扱った: ④
注意: p.441: 番号「①」が並びに合わない（直前は「⑪」）→ 本文として扱った: ①＋②＋③ ① ② ③
注意: p.443: 番号「①」が並びに合わない（直前は「⑪」）→ 本文として扱った: ①＋②＋③＋④
注意: p.443: 番号「①」が並びに合わない（直前は「⑪」）→ 本文として扱った: ①＋②
注意: p.443: 番号「①」が並びに合わない（直前は「⑪」）→ 本文として扱った: ①
注意: p.443: 番号「②」が並びに合わない（直前は「⑪」）→ 本文として扱った: ②
注意: p.443: 番号「③」が並びに合わない（直前は「⑪」）→ 本文として扱った: ③＋④
注意: p.443: 番号「③」が並びに合わない（直前は「⑪」）→ 本文として扱った: ③
注意: p.443: 番号「④」が並びに合わない（直前は「⑪」）→ 本文として扱った: ④
注意: p.443: 番号「①」が並びに合わない（直前は「⑪」）→ 本文として扱った: ①＋②＋③ ① ② ③
注意: p.448: 番号「①」が並びに合わない（直前は「⑪」）→ 本文として扱った: ①がん診療連携拠点病院 ②地域がん診療病院
注意: p.448: 番号「③」が並びに合わない（直前は「⑪」）→ 本文として扱った: ③小児がん拠点病院 ④がん診療連携拠点病院に準じる病院
注意: p.450: 番号「ア」が並びに合わない（直前は「テ」）→ 本文として扱った: ア 医師 □その他の診療科
注意: p.450: 番号「イ」が並びに合わない（直前は「テ」）→ 本文として扱った: イ 専任の常勤看護師
注意: p.450: 番号「ウ」が並びに合わない（直前は「テ」）→ 本文として扱った: ウ 専任の常勤理学療法士
注意: p.455: 番号「①」が並びに合わない（直前は「⑪」）→ 本文として扱った: ① 名
注意: p.455: 番号「①」が並びに合わない（直前は「⑪」）→ 本文として扱った: ①のうち、当該期間後の７月末日までに血中 Cre 又は
注意: p.455: 番号「②」が並びに合わない（直前は「⑪」）→ 本文として扱った: ② 名
注意: p.455: 番号「①」が並びに合わない（直前は「⑪」）→ 本文として扱った: ①のうち、当該期間後の７月末日までに血圧が改善又は
注意: p.455: 番号「③」が並びに合わない（直前は「⑪」）→ 本文として扱った: ③ 名
注意: p.461: 番号「①」が並びに合わない（直前は「⑪」）→ 本文として扱った: ① 歯周病安定期治療、歯周病重症化予防治療の算定回数 回
注意: p.461: 番号「②」が並びに合わない（直前は「⑪」）→ 本文として扱った: ② 根面う蝕管理料、エナメル質初期う蝕管理料の算定回数 回
注意: p.461: 番号「①」が並びに合わない（直前は「⑪」）→ 本文として扱った: ① 歯科疾患管理料（口腔機能低下症又は口腔機能発達不全症の管
注意: p.461: 番号「①」が並びに合わない（直前は「⑪」）→ 本文として扱った: ① 歯科訪問診療１、歯科訪問診療２又は歯科訪問診療３の算定回
注意: p.461: 番号「②」が並びに合わない（直前は「⑪」）→ 本文として扱った: ② 連携する歯科訪問診療を行う別の医療
注意: p.461: 番号「①」が並びに合わない（直前は「⑪」）→ 本文として扱った: ① 診療情報提供料（Ⅰ）の算定回数 回
注意: p.461: 番号「②」が並びに合わない（直前は「⑪」）→ 本文として扱った: ② 診療情報等連携共有料１又は２の算定回数 回
注意: p.463: 番号「①」が並びに合わない（直前は「⑪」）→ 本文として扱った: ① 居宅療養管理指導の提供実績 （実施回数） 回
注意: p.463: 番号「②」が並びに合わない（直前は「⑪」）→ 本文として扱った: ② 在宅歯科栄養サポートチーム等連携指導料 （算定回数） 回
注意: p.463: 番号「③」が並びに合わない（直前は「⑪」）→ 本文として扱った: ③ 初診料の注６、再診料の注４、歯科訪問診療料の注８の （算
注意: p.463: 番号「④」が並びに合わない（直前は「⑪」）→ 本文として扱った: ④ 退院時共同指導料１、在宅歯科医療連携加算１若しく
注意: p.463: 番号「⑤」が並びに合わない（直前は「⑪」）→ 本文として扱った: ⑤ 地域ケア会議の出席 （会議名）
注意: p.463: 番号「⑥」が並びに合わない（直前は「⑪」）→ 本文として扱った: ⑥ 在宅医療に関するサービス担当者会議等又は病院・診 （会議
注意: p.463: 番号「⑦」が並びに合わない（直前は「⑪」）→ 本文として扱った: ⑦ 認知症対応力向上研修等、認知症に関する研修を受講 （研修
注意: p.463: 番号「⑧」が並びに合わない（直前は「⑪」）→ 本文として扱った: ⑧ 在宅医療・介護等に関する研修の受講 （研修名）
注意: p.463: 番号「⑨」が並びに合わない（直前は「⑪」）→ 本文として扱った: ⑨ 学校歯科医等に就任 （学校等の名称）
注意: p.464: 番号「⑩」が並びに合わない（直前は「⑪」）→ 本文として扱った: ⑩ 介護認定審査会の委員の経験 （在任期間） 年 月
注意: p.464: 番号「⑪」が重複している（原本の誤植と思われる）: ⑪ 過去一年間の福祉型障害児入所施設、医療型障害児入 （施設
注意: p.466: 番号「①」が並びに合わない（直前は「⑫」）→ 本文として扱った: ① 次のうち該当する項目に記載すること。
注意: p.466: 番号「②」が並びに合わない（直前は「⑫」）→ 本文として扱った: ② 次のうち該当する項目に、算定回数（届出前１年間）を記載す
注意: p.467: 番号「②」が並びに合わない（直前は「⑫」）→ 本文として扱った: ② 後方支援の機能の有無（該当する場合に「✓」を記入）
注意: p.468: 番号「①」が並びに合わない（直前は「⑫」）→ 本文として扱った: ①ポータブル
注意: p.468: 番号「②」が並びに合わない（直前は「⑫」）→ 本文として扱った: ②ポータブル
注意: p.468: 番号「③」が並びに合わない（直前は「⑫」）→ 本文として扱った: ③ポータブル
注意: p.468: 番号「①」が並びに合わない（直前は「⑫」）→ 本文として扱った: ①抜髄 回 ②感染根管処置 回
注意: p.468: 番号「③」が並びに合わない（直前は「⑫」）→ 本文として扱った: ③ ①及び②の合計(③＝①+②) 回 ④抜歯手術 回
注意: p.468: 番号「⑤」が並びに合わない（直前は「⑫」）→ 本文として扱った: ⑤有床義歯の新製 回 ⑥有床義歯修理 回
注意: p.468: 番号「⑦」が並びに合わない（直前は「⑫」）→ 本文として扱った: ⑦有床義歯内面適合法 回
注意: p.468: 番号「⑧」が並びに合わない（直前は「⑫」）→ 本文として扱った: ⑧ ⑤、⑥及び⑦の合計（⑧＝⑤＋⑥＋⑦） 回
注意: p.470: 番号「①」が並びに合わない（直前は「⑫」）→ 本文として扱った: ①
注意: p.470: 番号「②」が並びに合わない（直前は「⑫」）→ 本文として扱った: ②
注意: p.470: 番号「③」が並びに合わない（直前は「⑫」）→ 本文として扱った: ③
注意: p.471: 番号「①」が並びに合わない（直前は「⑫」）→ 本文として扱った: ①初診、再診、往診又は訪問診療を実施した患者数 （ ）名
注意: p.471: 番号「②」が並びに合わない（直前は「⑫」）→ 本文として扱った: ②往診又は訪問診療を実施した患者数 （ ）名
注意: p.471: 番号「③」が並びに合わない（直前は「⑫」）→ 本文として扱った: ③往診又は訪問診療を実施した患者の割合（②／①） （ ）％
注意: p.472: 番号「①」が並びに合わない（直前は「⑫」）→ 本文として扱った: ①
注意: p.472: 番号「②」が並びに合わない（直前は「⑫」）→ 本文として扱った: ②
注意: p.472: 番号「③」が並びに合わない（直前は「⑫」）→ 本文として扱った: ③
注意: p.472: 番号「④」が並びに合わない（直前は「⑫」）→ 本文として扱った: ④
注意: p.472: 番号「⑤」が並びに合わない（直前は「⑫」）→ 本文として扱った: ⑤
注意: p.472: 番号「①」が並びに合わない（直前は「⑫」）→ 本文として扱った: ①
注意: p.472: 番号「②」が並びに合わない（直前は「⑫」）→ 本文として扱った: ②
注意: p.472: 番号「③」が並びに合わない（直前は「⑫」）→ 本文として扱った: ③
注意: p.472: 番号「④」が並びに合わない（直前は「⑫」）→ 本文として扱った: ④
注意: p.472: 番号「⑤」が並びに合わない（直前は「⑫」）→ 本文として扱った: ⑤
注意: p.472: 番号「①」が並びに合わない（直前は「⑫」）→ 本文として扱った: ① 在宅時医学総合管理料を算定した患者数 名
注意: p.472: 番号「②」が並びに合わない（直前は「⑫」）→ 本文として扱った: ② 施設入居時等医学総合管理料を算定した患者数 名
注意: p.472: 番号「③」が並びに合わない（直前は「⑫」）→ 本文として扱った: ③ ②のうち、別表第七に掲げる別に厚生労働大臣の定める疾病等
注意: p.472: 番号「④」が並びに合わない（直前は「⑫」）→ 本文として扱った: ④ 施設入居時等医学総合管理料を算定した患者（③を除く）の割
注意: p.472: 番号「⑤」が並びに合わない（直前は「⑫」）→ 本文として扱った: ⑤ ①及び②のうち、要介護３以上又は別表第八の二に規定する別
注意: p.472: 番号「⑥」が並びに合わない（直前は「⑫」）→ 本文として扱った: ⑥ 要介護３又は別表第八の二に規定する別に厚生労働大臣が定め
注意: p.479: 番号「ア」が並びに合わない（直前は「テ」）→ 本文として扱った: ア 在宅患者訪問看護・指導料３又は同一建物居住者
注意: p.479: 番号「イ」が並びに合わない（直前は「テ」）→ 本文として扱った: イ 在宅患者訪問看護・指導料の注６（同一建物居住
注意: p.479: 番号「ウ」が並びに合わない（直前は「テ」）→ 本文として扱った: ウ 特掲診療料の施設基準等別表第七に掲げる疾病
注意: p.479: 番号「エ」が並びに合わない（直前は「テ」）→ 本文として扱った: エ 在宅患者訪問看護・指導料の注10（同一建物居住
注意: p.485: 番号「①」が並びに合わない（直前は「⑫」）→ 本文として扱った: ① (＝②＋③＋④)
注意: p.485: 番号「②」が並びに合わない（直前は「⑫」）→ 本文として扱った: ② 入院希望患者 ④ ②、③以外 他医療機関へ紹介した回数
注意: p.485: 番号「①」が並びに合わない（直前は「⑫」）→ 本文として扱った: ① ② (＝③＋④＋⑤＋
注意: p.487: 番号「①」が並びに合わない（直前は「⑫」）→ 本文として扱った: ①当該医療機関が在宅医療を担当している医療機関からの求めに基
注意: p.487: 番号「②」が並びに合わない（直前は「⑫」）→ 本文として扱った: ②入院が必要となった場合は、当該医療機関が入院治療を行うこと
注意: p.487: 番号「③」が並びに合わない（直前は「⑫」）→ 本文として扱った: ③当該医療機関で入院治療が行えない場合は、当該医療機関が適切
注意: p.487: 番号「④」が並びに合わない（直前は「⑫」）→ 本文として扱った: ④患者の診療情報について情報交換を行うこと
注意: p.487: 番号「⑤」が並びに合わない（直前は「⑫」）→ 本文として扱った: ⑤関係医療機関や患者の情報等
注意: p.489: 番号「①」が並びに合わない（直前は「⑫」）→ 本文として扱った: ① 訪問診療全利用者数（報告月の前月の初日） 名
注意: p.489: 番号「②」が並びに合わない（直前は「⑫」）→ 本文として扱った: ② ①のうち、d1以上の褥瘡を保有している患者数 名
注意: p.489: 番号「③」が並びに合わない（直前は「⑫」）→ 本文として扱った: ③ ②のうち訪問診療開始時に既に褥瘡を有していた患者数 名
注意: p.489: 番号「④」が並びに合わない（直前は「⑫」）→ 本文として扱った: ④ ②のうち、訪問診療実施中に新たに褥瘡が発生した患者数 名
注意: p.489: 番号「⑤」が並びに合わない（直前は「⑫」）→ 本文として扱った: ⑤ 褥瘡 訪問診療開始時の褥瘡（③の
注意: p.490: 番号「①」が並びに合わない（直前は「⑫」）→ 本文として扱った: ① 本管理指導料を算定した患者数と期間
注意: p.490: 番号「②」が並びに合わない（直前は「⑫」）→ 本文として扱った: ② ①の患者の褥瘡ハイリスク項目に該当する患者数 名
注意: p.490: 番号「イ」が並びに合わない（直前は「テ」）→ 本文として扱った: イ
注意: p.490: 番号「ス」が並びに合わない（直前は「テ」）→ 本文として扱った: ス
注意: p.490: 番号「ク」が並びに合わない（直前は「テ」）→ 本文として扱った: ク
注意: p.490: 番号「③」が並びに合わない（直前は「⑫」）→ 本文として扱った: ③ ②の患者の褥瘡の重症度
注意: p.500: 番号「①」が並びに合わない（直前は「⑫」）→ 本文として扱った: ① ～⑤の歯科訪問診療料の人数は延べ人数を記載すること。
注意: p.515: 番号「①」が並びに合わない（直前は「⑫」）→ 本文として扱った: ①＋②
注意: p.515: 番号「①」が並びに合わない（直前は「⑫」）→ 本文として扱った: ①
注意: p.515: 番号「③」が並びに合わない（直前は「⑫」）→ 本文として扱った: ③＋④＋⑤
注意: p.515: 番号「③」が並びに合わない（直前は「⑫」）→ 本文として扱った: ③＋④
注意: p.515: 番号「③」が並びに合わない（直前は「⑫」）→ 本文として扱った: ③
注意: p.515: 番号「④」が並びに合わない（直前は「⑫」）→ 本文として扱った: ④
注意: p.532: 番号「①」が並びに合わない（直前は「⑫」）→ 本文として扱った: ① 当該検査機器を使用した全患者数 名
注意: p.532: 番号「②」が並びに合わない（直前は「⑫」）→ 本文として扱った: ② 当該検査機器の共同利用を目的として他の保険医療機関からの
注意: p.532: 番号「③」が並びに合わない（直前は「⑫」）→ 本文として扱った: ③ 特別の関係にある保険医療機関間での紹介の場合及び検査を実
注意: p.532: 番号「④」が並びに合わない（直前は「⑫」）→ 本文として扱った: ④ 施設共同利用率 ＝ （②－③）／（①－③）×１００％
注意: p.533: 番号「①」が並びに合わない（直前は「⑫」）→ 本文として扱った: ① 抑うつ症状の鑑別診断の補助に使用する場合であって、地域の
注意: p.533: 番号「②」が並びに合わない（直前は「⑫」）→ 本文として扱った: ② 抑うつ症状の鑑別診断の補助に使用するものであって、①以外
注意: p.533: 番号「③」が並びに合わない（直前は「⑫」）→ 本文として扱った: ③ 適合していない場合には所定点数の100分の80に相当する
注意: p.533: 番号「①」が並びに合わない（直前は「⑫」）→ 本文として扱った: ① 当該検査機器を使用した全患者数 名
注意: p.533: 番号「②」が並びに合わない（直前は「⑫」）→ 本文として扱った: ② 当該検査機器の共同利用を目的として他の保険医療機関からの
注意: p.533: 番号「③」が並びに合わない（直前は「⑫」）→ 本文として扱った: ③ 特別の関係にある保険医療機関間での紹介の場合及び検査を実
注意: p.533: 番号「④」が並びに合わない（直前は「⑫」）→ 本文として扱った: ④ 施設共同利用率 ＝ （②－③）／（①－③）×１００
注意: p.534: 番号「①」が並びに合わない（直前は「⑫」）→ 本文として扱った: ① 当該病院の時間外、休日又は深夜における入院件数 件（≧４
注意: p.534: 番号「①」が並びに合わない（直前は「⑫」）→ 本文として扱った: ①のうち、精神科救急情報センター、救急医療情報センター、救命
注意: p.534: 番号「②」が並びに合わない（直前は「⑫」）→ 本文として扱った: ② 当該病院の時間外、休日又は深夜における外来対応件数 件（
注意: p.534: 番号「②」が並びに合わない（直前は「⑫」）→ 本文として扱った: ②のうち、精神科救急情報センター、救急医療情報センター、救命
注意: p.534: 番号「③」が並びに合わない（直前は「⑫」）→ 本文として扱った: ③ 当該病院の常勤の精神保健指定医が、他医療機関で時間外、休
注意: p.534: 番号「④」が並びに合わない（直前は「⑫」）→ 本文として扱った: ④ 当該病院の常勤の精神保健指定医が、都道府県等に協力し診察
注意: p.536: 番号「①」が並びに合わない（直前は「⑫」）→ 本文として扱った: ①（１）のうち、当該検査後にうつ病と診断した者の数 例
注意: p.536: 番号「②」が並びに合わない（直前は「⑫」）→ 本文として扱った: ②（１）のうち、当該検査後に双極性障害と診断した者の数 例
注意: p.536: 番号「③」が並びに合わない（直前は「⑫」）→ 本文として扱った: ③（１）のうち、当該検査後に統合失調症と診断した者の数 例
注意: p.536: 番号「④」が並びに合わない（直前は「⑫」）→ 本文として扱った: ④（１）のうち、当該検査後に、（２）①から③までに該当し 例
注意: p.546: 番号「②」が並びに合わない（直前は「⑫」）→ 本文として扱った: ②／① ×１００ ＝ ％
注意: p.546: 番号「⑤」が並びに合わない（直前は「⑫」）→ 本文として扱った: ⑤
注意: p.546: 番号「④」が並びに合わない（直前は「⑫」）→ 本文として扱った: ④／（④＋⑤） ×１００ ＝ ％
注意: p.553: 番号「①」が並びに合わない（直前は「⑫」）→ 本文として扱った: ①
注意: p.553: 番号「②」が並びに合わない（直前は「⑫」）→ 本文として扱った: ②
注意: p.553: 番号「③」が並びに合わない（直前は「⑫」）→ 本文として扱った: ③
注意: p.555: 番号「①」が並びに合わない（直前は「⑫」）→ 本文として扱った: ① ② ③
注意: p.558: 番号「①」が並びに合わない（直前は「⑫」）→ 本文として扱った: ① 保有する全ての当該撮影に係る機器を使用した全患者数 名
注意: p.558: 番号「②」が並びに合わない（直前は「⑫」）→ 本文として扱った: ② 当該撮影の共同利用を目的として他の保険医療機関から検査を
注意: p.558: 番号「③」が並びに合わない（直前は「⑫」）→ 本文として扱った: ③ 特別の関係にある保険医療機関間での紹介の場合及び画像の撮
注意: p.558: 番号「④」が並びに合わない（直前は「⑫」）→ 本文として扱った: ④ 施設共同利用率 ＝ （②－③）／（①－③）×１００ ＝ 
注意: p.561: 番号「①」が並びに合わない（直前は「⑫」）→ 本文として扱った: ① 保有する全ての当該撮影に係る機器を使用した全患者数 名
注意: p.561: 番号「②」が並びに合わない（直前は「⑫」）→ 本文として扱った: ② 当該撮影の共同利用を目的として他の保険医療機関から検査を
注意: p.561: 番号「③」が並びに合わない（直前は「⑫」）→ 本文として扱った: ③ 特別の関係にある保険医療機関間での紹介の場合及び画像の撮
注意: p.561: 番号「④」が並びに合わない（直前は「⑫」）→ 本文として扱った: ④ 施設共同利用率 ＝ （②－③）／（①－③）×１００ ＝ 
注意: p.561: 番号「①」が並びに合わない（直前は「⑫」）→ 本文として扱った: ① 保有する全ての当該撮影に係る機器を使用した全患者数 名
注意: p.561: 番号「②」が並びに合わない（直前は「⑫」）→ 本文として扱った: ② 当該撮影の共同利用を目的として他の保険医療機関から検査を
注意: p.561: 番号「③」が並びに合わない（直前は「⑫」）→ 本文として扱った: ③ 特別の関係にある保険医療機関間での紹介の場合及び画像の撮
注意: p.561: 番号「④」が並びに合わない（直前は「⑫」）→ 本文として扱った: ④ 施設共同利用率 ＝ （②－③）／（①－③）×１００ ＝ 
注意: p.576: 番号「ア」が並びに合わない（直前は「テ」）→ 本文として扱った: ア がん等の診療に携わる医師等に対する緩和ケア研修会の開催指
注意: p.576: 番号「イ」が並びに合わない（直前は「テ」）→ 本文として扱った: イ 緩和ケアの基本教育のための都道府県指導者研修会（国立研究
注意: p.577: 番号「①」が並びに合わない（直前は「⑫」）→ 本文として扱った: ① 外来腫瘍化学療法診療料１に係る届出を行っている □
注意: p.577: 番号「②」が並びに合わない（直前は「⑫」）→ 本文として扱った: ② □
注意: p.577: 番号「ア」が並びに合わない（直前は「テ」）→ 本文として扱った: ア 当該保険医療機関で実施される化学療法のレジメンを当該保険
注意: p.577: 番号「イ」が並びに合わない（直前は「テ」）→ 本文として扱った: イ 当該保険医療機関において外来化学療法に関わる職員及び地域
注意: p.577: 番号「③」が並びに合わない（直前は「⑫」）→ 本文として扱った: ③ 保険薬局に勤務する薬剤師等を対象とした研修会等の実施
注意: p.577: 番号「ウ」が並びに合わない（直前は「テ」）→ 本文として扱った: ウ 他の保険医療機関及び保険薬局からのレジメンに関する照会や
注意: p.577: 番号「エ」が並びに合わない（直前は「テ」）→ 本文として扱った: エ ウの体制について、ホームページや研修会等で周知している 
注意: p.577: 番号「④」が並びに合わない（直前は「⑫」）→ 本文として扱った: ④
注意: p.578: 番号「①」が並びに合わない（直前は「⑫」）→ 本文として扱った: ① 外来腫瘍化学療法診療料１に係る届出を行っている □
注意: p.578: 番号「②」が並びに合わない（直前は「⑫」）→ 本文として扱った: ② □
注意: p.578: 番号「③」が並びに合わない（直前は「⑫」）→ 本文として扱った: ③ び評価を実施し、情報提供や処方提案等を行った上で、医師が
注意: p.578: 番号「④」が並びに合わない（直前は「⑫」）→ 本文として扱った: ④
注意: p.580: 番号「エ」が並びに合わない（直前は「ト」）→ 本文として扱った: エ ル ゴ メ ー タ ー
注意: p.587: 番号「①」が並びに合わない（直前は「⑫」）→ 本文として扱った: ① Ａは、算出期間中に当該施設でリハビリテーション料（心大血
注意: p.587: 番号「②」が並びに合わない（直前は「⑫」）→ 本文として扱った: ② Ｂは、加齢に伴って生ずる心身の変化に起因する疾病によるも
注意: p.587: 番号「③」が並びに合わない（直前は「⑫」）→ 本文として扱った: ③ 平均患者数算出期間は届出の直近１か月とする。
注意: p.591: 番号「①」が並びに合わない（直前は「⑫」）→ 本文として扱った: ① 人
注意: p.591: 番号「②」が並びに合わない（直前は「⑫」）→ 本文として扱った: ② 関で新たに鼻腔栄養を導入又は胃瘻を造設した患者（転院又は
注意: p.591: 番号「③」が並びに合わない（直前は「⑫」）→ 本文として扱った: ③ 人
注意: p.591: 番号「④」が並びに合わない（直前は「⑫」）→ 本文として扱った: ④ 人
注意: p.591: 番号「⑤」が並びに合わない（直前は「⑫」）→ 本文として扱った: ⑤ 人
注意: p.591: 番号「⑥」が並びに合わない（直前は「⑫」）→ 本文として扱った: ⑥ 人
注意: p.591: 番号「⑦」が並びに合わない（直前は「⑫」）→ 本文として扱った: ⑦ 人
注意: p.591: 番号「⑧」が並びに合わない（直前は「⑫」）→ 本文として扱った: ⑧ 人
注意: p.591: 番号「⑨」が並びに合わない（直前は「⑫」）→ 本文として扱った: ⑨ 栄養方法が経口摂取のみである状態へ回復した患者（但し、③
注意: p.591: 番号「⑨」が並びに合わない（直前は「⑫」）→ 本文として扱った: ⑨ ／ （ Ａ － Ｂ ） ＝ 割 分
注意: p.592: 番号「ア」が並びに合わない（直前は「ト」）→ 本文として扱った: ア 鼻腔栄養の患者にあっては、経鼻経管を抜去した上で、１か月
注意: p.592: 番号「イ」が並びに合わない（直前は「ト」）→ 本文として扱った: イ 胃瘻を造設している患者にあっては、胃瘻抜去術又は胃瘻閉鎖
注意: p.594: 番号「ア」が並びに合わない（直前は「ト」）→ 本文として扱った: ア 専任の常勤医師又は常勤歯科医師
注意: p.594: 番号「イ」が並びに合わない（直前は「ト」）→ 本文として扱った: イ 摂食嚥下機能障害を有する患者の
注意: p.594: 番号「ウ」が並びに合わない（直前は「ト」）→ 本文として扱った: ウ 専任の管理栄養士
注意: p.595: 番号「①」が並びに合わない（直前は「⑫」）→ 本文として扱った: ① 人
注意: p.595: 番号「②」が並びに合わない（直前は「⑫」）→ 本文として扱った: ② 人
注意: p.595: 番号「③」が並びに合わない（直前は「⑫」）→ 本文として扱った: ③
注意: p.595: 番号「①」が並びに合わない（直前は「⑫」）→ 本文として扱った: ①の a に該当する患者であって、当該医療機関に紹介された時
注意: p.595: 番号「④」が並びに合わない（直前は「⑫」）→ 本文として扱った: ④
注意: p.595: 番号「⑤」が並びに合わない（直前は「⑫」）→ 本文として扱った: ⑤ 人
注意: p.595: 番号「⑥」が並びに合わない（直前は「⑫」）→ 本文として扱った: ⑥ 人
注意: p.595: 番号「⑦」が並びに合わない（直前は「⑫」）→ 本文として扱った: ⑦ 人
注意: p.595: 番号「⑧」が並びに合わない（直前は「⑫」）→ 本文として扱った: ⑧ 人
注意: p.595: 番号「⑧」が並びに合わない（直前は「⑫」）→ 本文として扱った: ⑧ ／ ① ＝ 割
注意: p.595: 番号「⑨」が並びに合わない（直前は「⑫」）→ 本文として扱った: ⑨ 人
注意: p.595: 番号「ア」が並びに合わない（直前は「ト」）→ 本文として扱った: ア 鼻腔栄養を実施している患者にあっては、経鼻経管を抜去した
注意: p.596: 番号「イ」が並びに合わない（直前は「ト」）→ 本文として扱った: イ 胃瘻を造設している患者にあっては、胃瘻抜去術又は胃瘻閉鎖
注意: p.596: 番号「ウ」が並びに合わない（直前は「ト」）→ 本文として扱った: ウ 中心静脈栄養を実施している患者にあっては、中心静脈栄養を
注意: p.602: 番号「ア」が並びに合わない（直前は「ト」）→ 本文として扱った: ア 認知行動療法研修事業 （厚生労働省事業）
注意: p.602: 番号「イ」が並びに合わない（直前は「ト」）→ 本文として扱った: イ その他（名称 ）
注意: p.608: 番号「①」が並びに合わない（直前は「⑫」）→ 本文として扱った: ① ①
注意: p.608: 番号「①」が並びに合わない（直前は「⑫」）→ 本文として扱った: ①実施した業務の内容
注意: p.608: 番号「②」が並びに合わない（直前は「⑫」）→ 本文として扱った: ② ②
注意: p.608: 番号「②」が並びに合わない（直前は「⑫」）→ 本文として扱った: ②依頼元（都道府県名等）
注意: p.608: 番号「①」が並びに合わない（直前は「⑫」）→ 本文として扱った: ① 当該保険医療機関の時間外、休日又は深夜における入院件数 
注意: p.608: 番号「①」が並びに合わない（直前は「⑫」）→ 本文として扱った: ①のうち、精神科救急情報センター、精神医療相談窓口、救急医療
注意: p.608: 番号「②」が並びに合わない（直前は「⑫」）→ 本文として扱った: ② 当該保険医療機関の時間外、休日又は深夜における外来対応件
注意: p.608: 番号「②」が並びに合わない（直前は「⑫」）→ 本文として扱った: ②のうち、精神科救急情報センター、精神医療相談窓口、救急医療
注意: p.608: 番号「①」が並びに合わない（直前は「⑫」）→ 本文として扱った: ① □ 精神科救急医療確保事業において外来対応施設として指定
注意: p.608: 番号「②」が並びに合わない（直前は「⑫」）→ 本文として扱った: ② □ 時間外対応加算１の届出を行っている。
注意: p.608: 番号「③」が並びに合わない（直前は「⑫」）→ 本文として扱った: ③ □ 険医療機関において、常時対応できる体制がとられている
注意: p.609: 番号「①」が並びに合わない（直前は「⑫」）→ 本文として扱った: ① 措置入院及び緊急措置入院時の診察
注意: p.609: 番号「②」が並びに合わない（直前は「⑫」）→ 本文として扱った: ② 医療保護入院及び応急入院のための移送時の診察
注意: p.609: 番号「③」が並びに合わない（直前は「⑫」）→ 本文として扱った: ③ 精神医療審査会における業務
注意: p.609: 番号「④」が並びに合わない（直前は「⑫」）→ 本文として扱った: ④ 精神科病院への立入検査での診察
注意: p.609: 番号「⑤」が並びに合わない（直前は「⑫」）→ 本文として扱った: ⑤ その他都道府県の依頼による公務員としての業務
注意: p.610: 番号「①」が並びに合わない（直前は「⑫」）→ 本文として扱った: ① ①
注意: p.610: 番号「①」が並びに合わない（直前は「⑫」）→ 本文として扱った: ①実施した業務の内容
注意: p.610: 番号「②」が並びに合わない（直前は「⑫」）→ 本文として扱った: ② ②
注意: p.610: 番号「②」が並びに合わない（直前は「⑫」）→ 本文として扱った: ②依頼元（都道府県名等）
注意: p.623: 番号「ア」が並びに合わない（直前は「ト」）→ 本文として扱った: ア 常 勤 精 神 科 医
注意: p.623: 番号「イ」が並びに合わない（直前は「ト」）→ 本文として扱った: イ 常勤精神保健福祉士
注意: p.623: 番号「ウ」が並びに合わない（直前は「ト」）→ 本文として扱った: ウ 作 業 療 法 士
注意: p.626: 番号「①」が並びに合わない（直前は「⑫」）→ 本文として扱った: ①三次救急医療機関
注意: p.626: 番号「②」が並びに合わない（直前は「⑫」）→ 本文として扱った: ②総合周産期母子医療センターを有する医療機関
注意: p.626: 番号「③」が並びに合わない（直前は「⑫」）→ 本文として扱った: ③小児救急医療拠点病院
注意: p.626: 番号「④」が並びに合わない（直前は「⑫」）→ 本文として扱った: ④災害拠点病院
注意: p.626: 番号「⑤」が並びに合わない（直前は「⑫」）→ 本文として扱った: ⑤へき地医療拠点病院
注意: p.626: 番号「⑥」が並びに合わない（直前は「⑫」）→ 本文として扱った: ⑥地域医療支援病院
注意: p.626: 番号「⑦」が並びに合わない（直前は「⑫」）→ 本文として扱った: ⑦基本診療料の施設基準等別表第六の二に規定する地域に所在する
注意: p.626: 番号「⑧」が並びに合わない（直前は「⑫」）→ 本文として扱った: ⑧年間の緊急入院患者数が200名以上の実績を有する病院 年間
注意: p.626: 番号「⑨」が並びに合わない（直前は「⑫」）→ 本文として扱った: ⑨年間の全身麻酔による手術件数が800件以上の実績を有する病
注意: p.637: 番号「ア」が並びに合わない（直前は「ト」）→ 本文として扱った: ア 循環器内科 循環器内科の標榜（ 有 ・ 無 ）
注意: p.637: 番号「イ」が並びに合わない（直前は「ト」）→ 本文として扱った: イ 胸部外科又は血管外科 標榜する診療科（ ）
注意: p.637: 番号「ウ」が並びに合わない（直前は「ト」）→ 本文として扱った: ウ 整形外科、皮膚科又は形成外科 標榜する診療科（ ）
注意: p.641: 番号「ア」が並びに合わない（直前は「ト」）→ 本文として扱った: ア 心大血管疾患リハビリテーション（Ⅰ）
注意: p.641: 番号「イ」が並びに合わない（直前は「ト」）→ 本文として扱った: イ 心大血管疾患リハビリテーション（Ⅱ）
注意: p.714: 番号「ア」が並びに合わない（直前は「ト」）→ 本文として扱った: ア 腹腔鏡下リンパ節群郭清術（骨盤） イ 腹腔鏡下リンパ節群
注意: p.714: 番号「ウ」が並びに合わない（直前は「ト」）→ 本文として扱った: ウ 腹腔鏡下後腹膜腫瘍摘出術 エ 腹腔鏡下腎摘出術腹
注意: p.714: 番号「オ」が並びに合わない（直前は「ト」）→ 本文として扱った: オ 腔鏡下副腎摘出術 カ 腹腔鏡下腎（尿管）悪性腫瘍手術
注意: p.714: 番号「キ」が並びに合わない（直前は「ト」）→ 本文として扱った: キ 腹腔鏡下前立腺悪性腫瘍手術
注意: p.735: 番号「ア」が並びに合わない（直前は「ト」）→ 本文として扱った: ア 腎（尿管）悪性腫瘍手術
注意: p.735: 番号「イ」が並びに合わない（直前は「ト」）→ 本文として扱った: イ 腹腔鏡下腎（尿管）悪性腫瘍手術
注意: p.735: 番号「ウ」が並びに合わない（直前は「ト」）→ 本文として扱った: ウ 腹腔鏡下小切開腎（尿管）悪性腫瘍手術
注意: p.735: 番号「エ」が並びに合わない（直前は「ト」）→ 本文として扱った: エ 腎腫瘍凝固・焼灼術（冷凍凝固によるもの）
注意: p.735: 番号「オ」が並びに合わない（直前は「ト」）→ 本文として扱った: オ 腹腔鏡下腎悪性腫瘍手術（内視鏡手術用支援機器を用いるもの
注意: p.735: 番号「カ」が並びに合わない（直前は「ト」）→ 本文として扱った: カ 腎盂形成手術
注意: p.735: 番号「キ」が並びに合わない（直前は「ト」）→ 本文として扱った: キ 腹腔鏡下腎盂形成手術
注意: p.753: 番号「①」が並びに合わない（直前は「⑫」）→ 本文として扱った: ①赤血球濃厚液（ＭＡＰ）の使用量 単位
注意: p.753: 番号「②」が並びに合わない（直前は「⑫」）→ 本文として扱った: ②新鮮凍結血漿（ＦＦＰ）の全使用量 単位
注意: p.753: 番号「③」が並びに合わない（直前は「⑫」）→ 本文として扱った: ③血漿交換療法における新鮮凍結血漿（ＦＦＰ）の使用量 単位
注意: p.753: 番号「④」が並びに合わない（直前は「⑫」）→ 本文として扱った: ④アルブミン製剤の使用量 単位
注意: p.753: 番号「⑤」が並びに合わない（直前は「⑫」）→ 本文として扱った: ⑤血漿交換療法におけるアルブミン製剤の使用量 単位
注意: p.767: 番号「①」が並びに合わない（直前は「⑫」）→ 本文として扱った: ①直線加速器
注意: p.767: 番号「②」が並びに合わない（直前は「⑫」）→ 本文として扱った: ②治療計画用ＣＴ装置及び三次元放射線治療計
注意: p.767: 番号「③」が並びに合わない（直前は「⑫」）→ 本文として扱った: ③セキュリティ対策を講じた遠隔放射線治療シ
注意: p.772: 番号「①」が並びに合わない（直前は「⑫」）→ 本文として扱った: ① ２方向以上の透視が可能な装置
注意: p.772: 番号「②」が並びに合わない（直前は「⑫」）→ 本文として扱った: ② 画像照合可能な超音波診断装置
注意: p.772: 番号「③」が並びに合わない（直前は「⑫」）→ 本文として扱った: ③ 画像照合可能なＣＴ装置
注意: p.772: 番号「④」が並びに合わない（直前は「⑫」）→ 本文として扱った: ④ 体表面の位置情報で照合可能な装置
注意: p.772: 番号「⑤」が並びに合わない（直前は「⑫」）→ 本文として扱った: ⑤ 骨構造の位置情報で照合可能な装置
注意: p.772: 番号「⑥」が並びに合わない（直前は「⑫」）→ 本文として扱った: ⑥ 腫瘍の位置情報で照合可能な装置
注意: p.772: 番号「⑦」が並びに合わない（直前は「⑫」）→ 本文として扱った: ⑦ 画像照合可能なＭＲＩ装置
注意: p.772: 番号「⑧」が並びに合わない（直前は「⑫」）→ 本文として扱った: ⑧ 遠隔操作式密封小線源治療装置
注意: p.772: 番号「⑨」が並びに合わない（直前は「⑫」）→ 本文として扱った: ⑨ 小線源治療用三次元的治療計画装置
注意: p.782: 番号「①」が並びに合わない（直前は「⑫」）→ 本文として扱った: ① 病院の場合（当該病院の常勤検査技師）
注意: p.782: 番号「②」が並びに合わない（直前は「⑫」）→ 本文として扱った: ② 上記に該当する常勤の検査技師がいない場合
注意: p.782: 番号「①」が並びに合わない（直前は「⑫」）→ 本文として扱った: ① 病院の場合
注意: p.782: 番号「②」が並びに合わない（直前は「⑫」）→ 本文として扱った: ②「基本診療料の施設基準等」別表第６の２に掲げる地域に所在す
注意: p.782: 番号「③」が並びに合わない（直前は「⑫」）→ 本文として扱った: ③ 病理診断科を標榜する保険医療機関の場合
注意: p.783: 番号「①」が並びに合わない（直前は「⑫」）→ 本文として扱った: ① 標本の送付側から受取側に送付された病理標本の総数 件
注意: p.783: 番号「②」が並びに合わない（直前は「⑫」）→ 本文として扱った: ② ①のうち、衛生検査所で作製された病理標本の総数 件
注意: p.783: 番号「③」が並びに合わない（直前は「⑫」）→ 本文として扱った: ③ ②の内訳（作製数の多い衛生検査所の開設者上位３者の名称及
注意: p.783: 番号「④」が並びに合わない（直前は「⑫」）→ 本文として扱った: ④ 同一の者が開設する衛生検査所で作製された病理標本割合＝
注意: p.785: 番号「①」が並びに合わない（直前は「⑫」）→ 本文として扱った: ① 剖検
注意: p.785: 番号「②」が並びに合わない（直前は「⑫」）→ 本文として扱った: ② 病理組織標本作製
注意: p.785: 番号「③」が並びに合わない（直前は「⑫」）→ 本文として扱った: ③ 細胞診（術中迅速細胞診を含む）
注意: p.785: 番号「①」が並びに合わない（直前は「⑫」）→ 本文として扱った: ① 開催年月日 年 月 日
注意: p.785: 番号「②」が並びに合わない（直前は「⑫」）→ 本文として扱った: ② 開催年月日 年 月 日
注意: p.785: 番号「③」が並びに合わない（直前は「⑫」）→ 本文として扱った: ③ 開催年月日 年 月 日
注意: p.785: 番号「④」が並びに合わない（直前は「⑫」）→ 本文として扱った: ④ 開催年月日 年 月 日
注意: p.785: 番号「⑤」が並びに合わない（直前は「⑫」）→ 本文として扱った: ⑤ 開催年月日 年 月 日
注意: p.785: 番号「⑥」が並びに合わない（直前は「⑫」）→ 本文として扱った: ⑥ 開催年月日 年 月 日
注意: p.787: 番号「①」が並びに合わない（直前は「⑫」）→ 本文として扱った: ① 剖検 件
注意: p.787: 番号「②」が並びに合わない（直前は「⑫」）→ 本文として扱った: ② 病理組織標本作製
注意: p.787: 番号「③」が並びに合わない（直前は「⑫」）→ 本文として扱った: ③ 細胞診（術中迅速細胞診を含む） 件
注意: p.787: 番号「①」が並びに合わない（直前は「⑫」）→ 本文として扱った: ① 開催年月日 年 月 日
注意: p.787: 番号「②」が並びに合わない（直前は「⑫」）→ 本文として扱った: ② 開催年月日 年 月 日
注意: p.787: 番号「③」が並びに合わない（直前は「⑫」）→ 本文として扱った: ③ 開催年月日 年 月 日
注意: p.787: 番号「④」が並びに合わない（直前は「⑫」）→ 本文として扱った: ④ 開催年月日 年 月 日
注意: p.787: 番号「⑤」が並びに合わない（直前は「⑫」）→ 本文として扱った: ⑤ 開催年月日 年 月 日
注意: p.787: 番号「⑥」が並びに合わない（直前は「⑫」）→ 本文として扱った: ⑥ 開催年月日 年 月 日
注意: p.791: 番号「ア」が並びに合わない（直前は「ト」）→ 本文として扱った: ア 保険医療機関と不動産取引等その他の特別な関係の有無※１ 
注意: p.791: 番号「イ」が並びに合わない（直前は「ト」）→ 本文として扱った: イ 特別な関係を有する保険医療機関名
注意: p.791: 番号「ウ」が並びに合わない（直前は「ト」）→ 本文として扱った: ウ 下記の（イ）から（ニ）のうち保険医療機関と不動産取引等そ
注意: p.791: 番号「エ」が並びに合わない（直前は「ト」）→ 本文として扱った: エ 特別な関係を有する保険医療機関からの処方箋受付回数 回
注意: p.791: 番号「オ」が並びに合わない（直前は「ト」）→ 本文として扱った: オ 特別な関係を有する保険医療機関に係る処方箋集中率 ％
注意: p.792: 番号「ア」が並びに合わない（直前は「ト」）→ 本文として扱った: ア 薬局グループへの所属の有無 →「６」へ
注意: p.792: 番号「イ」が並びに合わない（直前は「ト」）→ 本文として扱った: イ 所属するグループ名
注意: p.792: 番号「ウ」が並びに合わない（直前は「ト」）→ 本文として扱った: ウ 同一グループの保険薬局数（①）
注意: p.792: 番号「エ」が並びに合わない（直前は「ト」）→ 本文として扱った: エ 1 月当たりの同一グループ内の処方箋受付回数の合計
注意: p.792: 番号「オ」が並びに合わない（直前は「ト」）→ 本文として扱った: オ 特定の保険医療機関との不動産の賃貸借取引の有無 □なし 
注意: p.792: 番号「ア」が並びに合わない（直前は「ト」）→ 本文として扱った: ア 全処方箋受付回数（④） 回
注意: p.792: 番号「イ」が並びに合わない（直前は「ト」）→ 本文として扱った: イ アのうち、主たる（処方箋受付回数が第１位の）保険医療
注意: p.792: 番号「ウ」が並びに合わない（直前は「ト」）→ 本文として扱った: ウ 主たる保険医療機関名
注意: p.792: 番号「エ」が並びに合わない（直前は「ト」）→ 本文として扱った: エ 処方箋集中率（⑥） ％
注意: p.792: 番号「オ」が並びに合わない（直前は「ト」）→ 本文として扱った: オ １月あたりの処方箋受付回数（④/③）が 4000
注意: p.792: 番号「カ」が並びに合わない（直前は「ト」）→ 本文として扱った: カ 保険医療機関名
注意: p.792: 番号「キ」が並びに合わない（直前は「ト」）→ 本文として扱った: キ アのうち、それぞれの保険医療機関から
注意: p.792: 番号「ク」が並びに合わない（直前は「ト」）→ 本文として扱った: ク それぞれの保険医療機関の処方箋集中率 ％（⑨） ％（⑩）
注意: p.792: 番号「ケ」が並びに合わない（直前は「ト」）→ 本文として扱った: ケ 処方箋受付回数が多い上位３の保険医療
注意: p.792: 番号「ア」が並びに合わない（直前は「ト」）→ 本文として扱った: ア 同一建物内の保険医療機関の有無
注意: p.792: 番号「イ」が並びに合わない（直前は「ト」）→ 本文として扱った: イ 同一建物内の保険医療機関数（⑫） 施設
注意: p.792: 番号「ウ」が並びに合わない（直前は「ト」）→ 本文として扱った: ウ イの保険医療機関からの処方箋受付回数の合計（⑬） 回
注意: p.792: 番号「ア」が並びに合わない（直前は「ト」）→ 本文として扱った: ア 主たる保険医療機関が同一であるグループ内の他の保険 □な
注意: p.792: 番号「イ」が並びに合わない（直前は「ト」）→ 本文として扱った: イ 主たる保険医療機関が同一であるグループ内の他の保険
注意: p.792: 番号「ウ」が並びに合わない（直前は「ト」）→ 本文として扱った: ウ イの保険薬局における主たる保険医療機関からの処方箋
注意: p.792: 番号「エ」が並びに合わない（直前は「ト」）→ 本文として扱った: エ ⑤と⑮を合計した処方箋受付回数（⑯） 回
注意: p.796: 番号「ア」が並びに合わない（直前は「ト」）→ 本文として扱った: ア 時間外加算、休日加算若しくは深夜加算又は夜間・休日等加算
注意: p.796: 番号「イ」が並びに合わない（直前は「ト」）→ 本文として扱った: イ 在宅患者訪問薬剤管理指導料、在宅患者緊急訪問薬剤管理指導
注意: p.796: 番号「ウ」が並びに合わない（直前は「ト」）→ 本文として扱った: ウ 居宅療養管理指導費又は介護予防居宅療養管理指導費の基とな
注意: p.797: 番号「ア」が並びに合わない（直前は「ト」）→ 本文として扱った: ア 当年度下半期の取引予定
注意: p.797: 番号「イ」が並びに合わない（直前は「ト」）→ 本文として扱った: イ 前年度の取引状況（上半期と比較した下半期の取引状況）
注意: p.802: 番号「ア」が並びに合わない（直前は「ト」）→ 本文として扱った: ア １月あたりの平均処方箋受付回数 回
注意: p.802: 番号「イ」が並びに合わない（直前は「ト」）→ 本文として扱った: イ 主たる医療機関に係る処方箋の集中率 ％
注意: p.802: 番号「ウ」が並びに合わない（直前は「ト」）→ 本文として扱った: ウ 主たる保険医療機関名
注意: p.804: 番号「ア」が並びに合わない（直前は「ト」）→ 本文として扱った: ア 備蓄品目数 （ 年 月現在） 品目
注意: p.804: 番号「イ」が並びに合わない（直前は「ト」）→ 本文として扱った: イ 当該薬局の存する地域の保険医療機関又は保険薬局（同一グル
注意: p.804: 番号「ウ」が並びに合わない（直前は「ト」）→ 本文として扱った: ウ 医療材料及び衛生材料を供給できる体制 □あり
注意: p.804: 番号「エ」が並びに合わない（直前は「ト」）→ 本文として扱った: エ 麻薬小売業者免許の取得
注意: p.804: 番号「オ」が並びに合わない（直前は「ト」）→ 本文として扱った: オ 全処方箋の受付回数並びに主たる保険医療機関に係るものの回
注意: p.804: 番号「①」が並びに合わない（直前は「⑫」）→ 本文として扱った: ①処方箋の受付回数 回
注意: p.804: 番号「②」が並びに合わない（直前は「⑫」）→ 本文として扱った: ②主たる医療機関の処方箋受付回数 回
注意: p.804: 番号「③」が並びに合わない（直前は「⑫」）→ 本文として扱った: ③集中率（％） ％
注意: p.804: 番号「カ」が並びに合わない（直前は「ト」）→ 本文として扱った: カ 後発医薬品の調剤割合 ％
注意: p.804: 番号「キ」が並びに合わない（直前は「ト」）→ 本文として扱った: キ 当該保険薬局で取り扱う医薬品に係る情報提供ができる体制 
注意: p.804: 番号「ア」が並びに合わない（直前は「ト」）→ 本文として扱った: ア 開局時間
注意: p.804: 番号「イ」が並びに合わない（直前は「ト」）→ 本文として扱った: イ 休日、夜間を含む開局時間外の調剤・在宅業務に対応できる体
注意: p.804: 番号「ウ」が並びに合わない（直前は「ト」）→ 本文として扱った: ウ 休日、夜間を含む開局時間外の当該薬局を利用する患者からの
注意: p.804: 番号「エ」が並びに合わない（直前は「ト」）→ 本文として扱った: エ 休日、夜間を含む時間外の調剤、在宅対応体制（地域の輪番体
注意: p.804: 番号「オ」が並びに合わない（直前は「ト」）→ 本文として扱った: オ エの体制に係る地域での周知の方法 □ 地域の行政機関を通
注意: p.805: 番号「ア」が並びに合わない（直前は「ト」）→ 本文として扱った: ア 診療所又は病院及び訪問看護ステーションとの円滑な連携 □
注意: p.805: 番号「イ」が並びに合わない（直前は「ト」）→ 本文として扱った: イ 保健医療・福祉サービス担当者との連携体制 □あり
注意: p.805: 番号「ウ」が並びに合わない（直前は「ト」）→ 本文として扱った: ウ 在宅患者に対する薬学的管理及び指導の実績
注意: p.805: 番号「①」が並びに合わない（直前は「⑫」）→ 本文として扱った: ① 在宅患者訪問薬剤管理指導料、在宅患者緊急訪問薬剤管理指
注意: p.805: 番号「②」が並びに合わない（直前は「⑫」）→ 本文として扱った: ② 居宅療養管理指導費及び介護予防居宅療養管理指導費
注意: p.805: 番号「③」が並びに合わない（直前は「⑫」）→ 本文として扱った: ③ ①及び②について、在宅協力薬局として連携した場合の実績 
注意: p.805: 番号「④」が並びに合わない（直前は「⑫」）→ 本文として扱った: ④ ①及び②について、同等の業務を行った場合の実績 回
注意: p.805: 番号「エ」が並びに合わない（直前は「ト」）→ 本文として扱った: エ 在宅患者に対する薬学的
注意: p.805: 番号「ア」が並びに合わない（直前は「ト」）→ 本文として扱った: ア 医薬品医療機器情報配信サービス（ＰＭＤＡメディナビ）への
注意: p.805: 番号「イ」が並びに合わない（直前は「ト」）→ 本文として扱った: イ 常に最新の医薬品緊急安全性情報、安全性速報、医薬品・医療
注意: p.805: 番号「ウ」が並びに合わない（直前は「ト」）→ 本文として扱った: ウ プレアボイド事例の把握・収集に関する取組の実施 □あり
注意: p.805: 番号「エ」が並びに合わない（直前は「ト」）→ 本文として扱った: エ 副作用報告に係る手順書の作成と報告実施体制 □あり
注意: p.805: 番号「①」が並びに合わない（直前は「⑫」）→ 本文として扱った: ①氏名
注意: p.805: 番号「②」が並びに合わない（直前は「⑫」）→ 本文として扱った: ②保険薬局勤務経験年数 年
注意: p.805: 番号「③」が並びに合わない（直前は「⑫」）→ 本文として扱った: ③週あたりの勤務時間 時間
注意: p.805: 番号「④」が並びに合わない（直前は「⑫」）→ 本文として扱った: ④当該薬局在籍年数 年
注意: p.805: 番号「ア」が並びに合わない（直前は「ト」）→ 本文として扱った: ア 要指導医薬品及び一般用医薬品の備蓄・販売（基本的な48薬
注意: p.806: 番号「イ」が並びに合わない（直前は「ト」）→ 本文として扱った: イ 健康相談、生活習慣等に係る相談の実施 □あり
注意: p.806: 番号「ウ」が並びに合わない（直前は「ト」）→ 本文として扱った: ウ 緊急避妊薬を備蓄し、相談・調剤対応する体制 □あり
注意: p.806: 番号「エ」が並びに合わない（直前は「ト」）→ 本文として扱った: エ 当該保険薬局が敷地内禁煙であること □あり
注意: p.806: 番号「オ」が並びに合わない（直前は「ト」）→ 本文として扱った: オ 薬局等においてたばこ又は喫煙器具を販売していないこと □
注意: p.808: 番号「①」が並びに合わない（直前は「⑫」）→ 本文として扱った: ①在宅患者訪問薬剤管理指導料、②在宅患者緊急訪問薬剤管理指導
注意: p.808: 番号「①」が並びに合わない（直前は「⑫」）→ 本文として扱った: ①服薬管理指導料の「注６」の特定薬剤管理指導加算２及び「注 
注意: p.809: 番号「ア」が並びに合わない（直前は「ト」）→ 本文として扱った: ア 感染症の発生時における医療の提供にあたっての研修・訓練の
注意: p.809: 番号「イ」が並びに合わない（直前は「ト」）→ 本文として扱った: イ 個人防護具を備蓄している。 □
注意: p.809: 番号「ウ」が並びに合わない（直前は「ト」）→ 本文として扱った: ウ 要指導医薬品及び一般用医薬品の提供、感染症に係る体外診断
注意: p.809: 番号「ア」が並びに合わない（直前は「ト」）→ 本文として扱った: ア 災害の発生時における医療の提供にあたっての研修・訓練の実
注意: p.809: 番号「イ」が並びに合わない（直前は「ト」）→ 本文として扱った: イ 自治体からの要請に応じて、避難所・救護所等における医薬品
注意: p.809: 番号「ウ」が並びに合わない（直前は「ト」）→ 本文として扱った: ウ 地方公共団体や地域の薬剤師会等と協議の上で、当該保険薬局
注意: p.811: 番号「ア」が並びに合わない（直前は「ト」）→ 本文として扱った: ア 在宅患者訪問薬剤管理指導料、在宅患者緊急訪問薬剤管理指
注意: p.811: 番号「イ」が並びに合わない（直前は「ト」）→ 本文として扱った: イ 居宅療養管理指導費及び介護予防居宅療養管理指導費（介護
注意: p.811: 番号「ウ」が並びに合わない（直前は「ト」）→ 本文として扱った: ウ ア及びイについて、在宅協力薬局として連携した場合の実績 
注意: p.811: 番号「エ」が並びに合わない（直前は「ト」）→ 本文として扱った: エ ア及びイについて、同等の業務を行った場合の実績 回
注意: p.814: 番号「①」が並びに合わない（直前は「⑫」）→ 本文として扱った: ①を上記期間の月数で除した値が 26 台以上 →（２）へ
注意: p.814: 番号「③」が並びに合わない（直前は「⑫」）→ 本文として扱った: ③が 3.5 以上 4.0 未満 → 慢性維持透析を行った場
注意: p.815: 番号「ア」が並びに合わない（直前は「ト」）→ 本文として扱った: ア 透析室に配置されていること
注意: p.815: 番号「イ」が並びに合わない（直前は「ト」）→ 本文として扱った: イ 患者に対して使用できる状態であること
注意: p.850: 番号「②」が並びに合わない（直前は「⑫」）→ 本文として扱った: ②鏡視下咽頭悪性腫瘍手術（軟口蓋悪
注意: p.850: 番号「④」が並びに合わない（直前は「⑫」）→ 本文として扱った: ④鏡視下喉頭悪性腫瘍手術
注意: p.850: 番号「⑤」が並びに合わない（直前は「⑫」）→ 本文として扱った: ⑤喉頭、下咽頭悪性腫瘍手術（頸部、胸
注意: p.859: 番号「①」が並びに合わない（直前は「⑫」）→ 本文として扱った: ① 腹腔鏡下肝切除術（内視鏡手術用支援機器を用いる
注意: p.860: 番号「②」が並びに合わない（直前は「⑫」）→ 本文として扱った: ② １年間に実施した肝切断術、肝切除術又は腹腔鏡下
注意: p.860: 番号「③」が並びに合わない（直前は「⑫」）→ 本文として扱った: ③ １年間に実施した腹腔鏡下肝切除術の症例数（10
注意: p.866: 番号「①」が並びに合わない（直前は「⑫」）→ 本文として扱った: ① 医療に係る安全管理のための指針を整備し、医療機関内に掲げ
注意: p.866: 番号「②」が並びに合わない（直前は「⑫」）→ 本文として扱った: ② 医療に係る安全管理のための委員会を設置し、安全管理の現状
注意: p.866: 番号「③」が並びに合わない（直前は「⑫」）→ 本文として扱った: ③ 医療に係る安全管理のための職員研修を定期的に実施している
注意: p.866: 番号「④」が並びに合わない（直前は「⑫」）→ 本文として扱った: ④ 医療機関内における事故報告等の医療に係る安全の確保を目的
注意: p.866: 番号「⑤」が並びに合わない（直前は「⑫」）→ 本文として扱った: ⑤ 自医療機関において保存されている精子の保存管理及び記録を
注意: p.875: 番号「①」が並びに合わない（直前は「⑫」）→ 本文として扱った: ①副腎摘出術（副腎部分切除術を含む。）
注意: p.875: 番号「②」が並びに合わない（直前は「⑫」）→ 本文として扱った: ②腹腔鏡下副腎摘出術
注意: p.875: 番号「③」が並びに合わない（直前は「⑫」）→ 本文として扱った: ③腹腔鏡下小切開副腎摘出術
注意: p.875: 番号「④」が並びに合わない（直前は「⑫」）→ 本文として扱った: ④副腎腫瘍摘出術
注意: p.875: 番号「⑤」が並びに合わない（直前は「⑫」）→ 本文として扱った: ⑤腹腔鏡下副腎髄質腫瘍摘出術(褐色細胞腫)
注意: p.899: 番号「①」が並びに合わない（直前は「⑫」）→ 本文として扱った: ① 算出の際に用いる看護職員等の数、延べ入院患者数の期間（い
注意: p.899: 番号「②」が並びに合わない（直前は「⑫」）→ 本文として扱った: ② 看護職員等の数 人 （前回届出時 人）
注意: p.899: 番号「③」が並びに合わない（直前は「⑫」）→ 本文として扱った: ③ 延べ入院患者数 人 （前回届出時 人）
注意: p.899: 番号「④」が並びに合わない（直前は「⑫」）→ 本文として扱った: ④ 【Ａ】の値 （前回届出時 ）
注意: p.900: 番号「①」が並びに合わない（直前は「⑫」）→ 本文として扱った: ① 令和 年 月 ～ 令和 年 月
注意: p.900: 番号「②」が並びに合わない（直前は「⑫」）→ 本文として扱った: ②新規届出時又は４月１日時点における区分
注意: p.900: 番号「③」が並びに合わない（直前は「⑫」）→ 本文として扱った: ③賃金改善実施期間における、延べ入院患者数の見込み 人
注意: p.900: 番号「④」が並びに合わない（直前は「⑫」）→ 本文として扱った: ④本評価料による収入の見込額（②×③×10円） 円
注意: p.900: 番号「⑤」が並びに合わない（直前は「⑫」）→ 本文として扱った: ⑤賃金改善実施期間において賃金の改善措置が実施される場合の当
注意: p.900: 番号「⑥」が並びに合わない（直前は「⑫」）→ 本文として扱った: ⑥本評価料の改善措置が実施されない場合の当該措置の対象職員の
注意: p.900: 番号「⑦」が並びに合わない（直前は「⑫」）→ 本文として扱った: ⑦賃金改善の見込額（⑤－⑥） 円
注意: p.900: 番号「⑦」が並びに合わない（直前は「⑫」）→ 本文として扱った: ⑦は④以上か
注意: p.900: 番号「⑧」が並びに合わない（直前は「⑫」）→ 本文として扱った: ⑧看護職員等（保健師、助産師、看護師及び准看護師）の常勤換算
注意: p.900: 番号「⑨」が並びに合わない（直前は「⑫」）→ 本文として扱った: ⑨看護職員等（保健師、助産師、看護師及び准看護師）の賃金改善
注意: p.900: 番号「⑩」が並びに合わない（直前は「⑫」）→ 本文として扱った: ⑩ベア等による引上げ分 円
注意: p.900: 番号「⑪」が並びに合わない（直前は「⑫」）→ 本文として扱った: ⑪ベア等の割合（⑩÷⑨） ％
注意: p.900: 番号「⑩」が並びに合わない（直前は「⑫」）→ 本文として扱った: ⑩が⑨の2/3以上であるか
注意: p.900: 番号「⑫」が重複している（原本の誤植と思われる）: ⑫看護職員等に加え、賃
注意: p.901: 番号「⑰」が並びに合わない（直前は「⑭」）→ 本文として扱った: ⑰賃金の種類
注意: p.901: 番号「⑱」が並びに合わない（直前は「⑭」）→ 本文として扱った: ⑱賃上げの担保方法
注意: p.901: 番号「⑲」が並びに合わない（直前は「⑭」）→ 本文として扱った: ⑲賃金改善に関する規定内容（できる限り具体的に記入すること。
注意: p.902: 番号「①」が並びに合わない（直前は「⑭」）→ 本文として扱った: ①本評価料の区分
注意: p.902: 番号「②」が並びに合わない（直前は「⑭」）→ 本文として扱った: ②算定回数
注意: p.902: 番号「③」が並びに合わない（直前は「⑭」）→ 本文として扱った: ③本評価料による収入の実績額
注意: p.902: 番号「④」が並びに合わない（直前は「⑭」）→ 本文として扱った: ④賃金改善実施期間において賃金の改善措置が実施された対象職員
注意: p.902: 番号「⑤」が並びに合わない（直前は「⑭」）→ 本文として扱った: ⑤本評価料の改善措置が実施されなかった場合の当該措置の対象職
注意: p.902: 番号「⑥」が並びに合わない（直前は「⑭」）→ 本文として扱った: ⑥賃金改善の実績額（④－⑤） 円
注意: p.902: 番号「⑥」が並びに合わない（直前は「⑭」）→ 本文として扱った: ⑥は③以上か
注意: p.902: 番号「⑦」が並びに合わない（直前は「⑭」）→ 本文として扱った: ⑦看護職員等（保健師、助産師、看護師及び准看護師）の常勤換算
注意: p.902: 番号「⑧」が並びに合わない（直前は「⑭」）→ 本文として扱った: ⑧看護職員等（保健師、助産師、看護師及び准看護師）の賃金改善
注意: p.902: 番号「⑨」が並びに合わない（直前は「⑭」）→ 本文として扱った: ⑨ベア等による引上げ分 円
注意: p.902: 番号「⑩」が並びに合わない（直前は「⑭」）→ 本文として扱った: ⑩ベア等の割合（⑨÷⑧） ％
注意: p.902: 番号「⑨」が並びに合わない（直前は「⑭」）→ 本文として扱った: ⑨が⑧の2/3以上であるか
注意: p.903: 番号「⑪」が並びに合わない（直前は「⑭」）→ 本文として扱った: ⑪看護職員等に加え、賃金の改
注意: p.903: 番号「⑫」が並びに合わない（直前は「⑭」）→ 本文として扱った: ⑫賃金改善の対象に加える看護職員等（保健師、助産師、看護師及
注意: p.903: 番号「⑬」が並びに合わない（直前は「⑭」）→ 本文として扱った: ⑬看護職員等（保健師、助産師、看護師及び准看護師）以外の職員
注意: p.903: 番号「⑭」が重複している（原本の誤植と思われる）: ⑭ベア等による引上げ分 円
注意: p.907: 番号「①」が並びに合わない（直前は「⑯」）→ 本文として扱った: ①算出の際に用いる「対象職員の給与総額」の対象期間 （上記「
注意: p.907: 番号「②」が並びに合わない（直前は「⑯」）→ 本文として扱った: ②対象職員の給与総額（対象期間の１月当たりの平均）
注意: p.907: 番号「①」が並びに合わない（直前は「⑯」）→ 本文として扱った: ①初診料等の算定回数
注意: p.907: 番号「②」が並びに合わない（直前は「⑯」）→ 本文として扱った: ②再診料等の算定回数
注意: p.908: 番号「③」が並びに合わない（直前は「⑯」）→ 本文として扱った: ③訪問診療料（同一建物以外）の算定回数
注意: p.908: 番号「④」が並びに合わない（直前は「⑯」）→ 本文として扱った: ④訪問診療料（同一建物）の算定回数
注意: p.908: 番号「⑤」が並びに合わない（直前は「⑯」）→ 本文として扱った: ⑤歯科初診料等の算定回数
注意: p.908: 番号「⑥」が並びに合わない（直前は「⑯」）→ 本文として扱った: ⑥歯科再診料等の算定回数
注意: p.908: 番号「⑦」が並びに合わない（直前は「⑯」）→ 本文として扱った: ⑦歯科訪問診療料（同一建物以外）の算定回数
注意: p.908: 番号「⑧」が並びに合わない（直前は「⑯」）→ 本文として扱った: ⑧歯科訪問診療料（同一建物）の算定回数
注意: p.911: 番号「①」が並びに合わない（直前は「⑯」）→ 本文として扱った: ①算出の際に用いる「対象職員の給与総額」の対象期間 （「２」
注意: p.911: 番号「②」が並びに合わない（直前は「⑯」）→ 本文として扱った: ②対象職員の給与総額（対象期間の１月当たりの平均）
注意: p.911: 番号「①」が並びに合わない（直前は「⑯」）→ 本文として扱った: ①初診料等の算定回数
注意: p.911: 番号「②」が並びに合わない（直前は「⑯」）→ 本文として扱った: ②再診料等の算定回数
注意: p.911: 番号「③」が並びに合わない（直前は「⑯」）→ 本文として扱った: ③訪問診療料（同一建物以外）の算定回数
注意: p.911: 番号「④」が並びに合わない（直前は「⑯」）→ 本文として扱った: ④訪問診療料（同一建物）の算定回数
注意: p.911: 番号「⑤」が並びに合わない（直前は「⑯」）→ 本文として扱った: ⑤歯科初診料等の算定回数
注意: p.911: 番号「⑥」が並びに合わない（直前は「⑯」）→ 本文として扱った: ⑥歯科再診料等の算定回数
注意: p.911: 番号「⑦」が並びに合わない（直前は「⑯」）→ 本文として扱った: ⑦歯科訪問診療料（同一建物以外）の算定回数
注意: p.911: 番号「⑧」が並びに合わない（直前は「⑯」）→ 本文として扱った: ⑧歯科訪問診療料（同一建物）の算定回数
注意: p.933: 番号「①」が並びに合わない（直前は「⑯」）→ 本文として扱った: ①算出の際に用いる「対象職員の給与総額」の対象期間 （上記「
注意: p.933: 番号「②」が並びに合わない（直前は「⑯」）→ 本文として扱った: ②対象職員の給与総額（対象期間の１月当たりの平均）
注意: p.933: 番号「①」が並びに合わない（直前は「⑯」）→ 本文として扱った: ①初診料等の算定回数
注意: p.933: 番号「②」が並びに合わない（直前は「⑯」）→ 本文として扱った: ②再診料等の算定回数
注意: p.933: 番号「③」が並びに合わない（直前は「⑯」）→ 本文として扱った: ③訪問診療料（同一建物以外）の算定回数
注意: p.933: 番号「④」が並びに合わない（直前は「⑯」）→ 本文として扱った: ④訪問診療料（同一建物の算定回数
注意: p.933: 番号「⑤」が並びに合わない（直前は「⑯」）→ 本文として扱った: ⑤歯科初診料等の算定回数
注意: p.933: 番号「⑥」が並びに合わない（直前は「⑯」）→ 本文として扱った: ⑥歯科再診料等の算定回数
注意: p.933: 番号「⑦」が並びに合わない（直前は「⑯」）→ 本文として扱った: ⑦歯科訪問診療料（同一建物以外）の算定回数
注意: p.933: 番号「⑧」が並びに合わない（直前は「⑯」）→ 本文として扱った: ⑧歯科訪問診療料（同一建物）の算定回数
